07-26 01:03:16.197  2777  2777 W VRI[Launcher]: handleResized abandoned!
07-26 01:03:16.197  2461  2461 W VRI[StatusBar]: handleResized abandoned!
07-26 01:03:16.197  2461  2461 W VRI[NavigationBar_displayId_0]: handleResized abandoned!
07-26 01:03:16.201  1725  3593 D WindowManagerServiceExtImpl: extractConfigInfoAndRealFlags rotation=0, screenDp=360, win=Window{636ef1f u0 com.whatsapp/com.whatsapp.Conversation}
07-26 01:03:16.201  1725  3593 V WindowManager: Relayout Window{636ef1f u0 com.whatsapp/com.whatsapp.Conversation}: viewVisibility=8, oldvis=0, req=1080x2400, vsysui=
07-26 01:03:16.204 25916 25916 D VRI[Conversation]: relayoutWindow result, sizeChanged:false, surfaceControlChanged:true, transformHintChanged:false, mSurfaceSize:Point(1080, 2400), mLastSurfaceSize:Point(1080, 2400), mWidth:1080, mHeight:2400, requestedWidth:1080, requestedHeight:2400, transformHint:0, lastTransformHint:0, installOrientation:0, displayRotation:0, isSurfaceValid:false, attr.flag:-2122252032, useBlast:true, tmpFrames:ClientWindowFrames{frame=[0,0][1080,2400] display=[0,0][1080,2400] parentFrame=[0,0][0,0]}
07-26 01:03:16.205  1725  1899 D WindowManager: rotation(ROTATION_0) no changed.
07-26 01:03:16.233  1725  2673 D WindowManagerServiceExtImpl: extractConfigInfoAndRealFlags rotation=0, screenDp=360, win=Window{636ef1f u0 com.whatsapp/com.whatsapp.Conversation}
07-26 01:03:16.234  1725  2673 V WindowManager: Relayout Window{636ef1f u0 com.whatsapp/com.whatsapp.Conversation}: viewVisibility=8, oldvis=8, req=1080x2400, vsysui=
07-26 01:03:16.242 25916 25916 D VRI[Conversation]: relayoutWindow result, sizeChanged:false, surfaceControlChanged:true, transformHintChanged:false, mSurfaceSize:Point(1080, 2400), mLastSurfaceSize:Point(1080, 2400), mWidth:1080, mHeight:2400, requestedWidth:1080, requestedHeight:2400, transformHint:0, lastTransformHint:0, installOrientation:0, displayRotation:0, isSurfaceValid:false, attr.flag:-2122252032, useBlast:true, tmpFrames:ClientWindowFrames{frame=[0,0][1080,2400] display=[0,0][1080,2400] parentFrame=[0,0][0,0]}
07-26 01:03:16.244  1725  2673 I WindowManager: Window{636ef1f u0 com.whatsapp/com.whatsapp.Conversation} state from HAS_DRAWN to NO_SURFACE; reason: destroySurface
07-26 01:03:16.245  1725  2673 D ActivityTaskManager: Clearing startingData for token=null
07-26 01:03:16.522  1725  1974 D OplusThermalStats: REPORT_UPDATE_CPU  ->  phoneTemp:320  preHeatThreshold:400
07-26 01:03:16.547  1725  2232 D OplusScreenOffTorchHelper: not handle with turnOff,mFlashLightEnable = false,mFlashLightAvailable=true,mCameraId = 0
07-26 01:03:16.548  1725  2232 I OplusJoystickManager: read game pad state for game manager -> false
07-26 01:03:16.548  1725  2232 W OplusJoystickManager: mInterceptGamepadKey is false
07-26 01:03:16.548  1725  2232 D OplusCustomizeRestrictionManagerService: isLongPressVolumeUpDisabled start
07-26 01:03:16.548  1725  2232 D StrategyUnusedPhoneDetection: notifyKeyBeforeQueueing + keycode =26
07-26 01:03:16.549  1725  2232 D StrategyBlackscreenshot: notifyKeyBeforeQueueing, event=KeyEvent { action=ACTION_DOWN, keyCode=KEYCODE_POWER, scanCode=116, metaState=0, flags=0x8, repeatCount=0, eventTime=152326278904000, downTime=152326278904000, deviceId=2, source=0x101, displayId=-1 }, interactive=true
07-26 01:03:16.572  1725  1899 D CompatibilityChangeReporter: Compat change id reported: 173031413; UID 1000; state: ENABLED
07-26 01:03:16.573  1725  2231 D PowerManagerService: userActivityNoUpdateLocked: groupId=0, eventTime=152326278, event=button, flags=0x0, uid=1000
07-26 01:03:16.621  1725  5193 D UsageStatsService: User[999] type=0 b=1753471830283 e=1753471996621 cb=1753431490977 ce=1753471991114 disk=0 all=5
07-26 01:03:16.655  1725  2231 D PowerManagerService: userActivityNoUpdateLocked: groupId=0, eventTime=152326393, event=touch, flags=0x0, uid=1000
07-26 01:03:16.672  1725  1956 D ProcessCpuTrackerExtImpl: mContext is already set, return now! 
07-26 01:03:16.683  1725  2232 I OplusJoystickManager: read game pad state for game manager -> false
07-26 01:03:16.683  1725  2232 W OplusJoystickManager: mInterceptGamepadKey is false
07-26 01:03:16.683  1725  2232 D OplusCustomizeRestrictionManagerService: isLongPressVolumeUpDisabled start
07-26 01:03:16.683  1725  2232 D StrategyBlackscreenshot: notifyKeyBeforeQueueing, event=KeyEvent { action=ACTION_UP, keyCode=KEYCODE_POWER, scanCode=116, metaState=0, flags=0x8, repeatCount=0, eventTime=152326423051000, downTime=152326278904000, deviceId=2, source=0x101, displayId=-1 }, interactive=true
07-26 01:03:16.684  1725  1899 V StrategyShutdown:  cancel Combined rule
07-26 01:03:16.684  1725  1899 V SinglePowerKeyMonitor:  p keyrule onPress.
07-26 01:03:16.684  1725  1899 D WindowManager: powerPress: eventTime=152326278 interactive=true count=1 beganFromNonInteractive=false mShortPressOnPowerBehavior=1
07-26 01:03:16.685  1725  2232 D PhoneWindowManagerExtImpl: send check wallet message failed by exp version
07-26 01:03:16.686  1725  2232 I HwShutdownRecord: RecoverSqlFunc running start, setprop false
07-26 01:03:16.686  1725  2232 I HwShutdownRecord: tmemory Remove Flag
07-26 01:03:16.688  1725  2231 D PowerManagerService: userActivityNoUpdateLocked: groupId=0, eventTime=152326423, event=button, flags=0x0, uid=1000
07-26 01:03:16.698  1725  1899 D OplusPowerManagerHelper: goToSleepNoUpdateLocked  needIntercepet: false
07-26 01:03:16.699  1725  1899 I PowerGroup: Powering off display group due to power_button (groupId= 0, uid= 1000, millisSinceLastUserActivity=-145, lastUserActivityEvent=button)...
07-26 01:03:16.700  1725  1899 I PowerManagerService: Going to sleep due to power_button (uid 1000, screenOffTimeout=15000, activityTimeoutWM=-1, maxDimRatio=0.20000005, maxDimDur=7000)...
07-26 01:03:16.701  1725  1899 D OplusVFXScreenEffectFeature: notifySFUpdateVFXEffectState state VFX_SCREEN_POWER_OFF NeedNotify false
07-26 01:03:16.704  1725  1899 D OplusPowerManagerHelper: wakelock list dump: mLocks.size=8:
07-26 01:03:16.704  1725  1899 D OplusPowerManagerHelper: No.0: PARTIAL_WAKE_LOCK             activated(flags=1, uid=1000, pid=1725) total=10861ms)
07-26 01:03:16.704  1725  1899 D OplusPowerManagerHelper: No.1: PARTIAL_WAKE_LOCK             activated(flags=1, uid=1000, pid=1725) total=2742ms)
07-26 01:03:16.704  1725  1899 D OplusPowerManagerHelper: No.2: PARTIAL_WAKE_LOCK             activated(flags=1, uid=1041, pid=0) total=1682ms)
07-26 01:03:16.704  1725  1899 D OplusPowerManagerHelper: No.3: PARTIAL_WAKE_LOCK             activated(flags=1, uid=1041, pid=0) total=1680ms)
07-26 01:03:16.704  1725  1899 D OplusPowerManagerHelper: No.4: PARTIAL_WAKE_LOCK             activated(flags=1, uid=1041, pid=0) total=1678ms)
07-26 01:03:16.704  1725  1899 D OplusPowerManagerHelper: No.5: PARTIAL_WAKE_LOCK             activated(flags=1, uid=1041, pid=0) total=1674ms)
07-26 01:03:16.704  1725  1899 D OplusPowerManagerHelper: No.6: PARTIAL_WAKE_LOCK             activated(flags=1, uid=1041, pid=0) total=1672ms)
07-26 01:03:16.704  1725  1899 D OplusPowerManagerHelper: No.7: PARTIAL_WAKE_LOCK             activated(flags=1, uid=1000, pid=1725) total=1015ms)
07-26 01:03:16.705  1725  1899 D DisplayPowerController[0]: requestPowerState: policy=OFF, useProximitySensor=false, screenBrightnessOverride=-1.0, useAutoBrightness=false, screenAutoBrightnessAdjustmentOverride=NaN, screenLowPowerBrightnessFactor=1.0, blockScreenOn=false, lowPowerMode=false, boostScreenBrightness=false, dozeScreenBrightness=NaN, dozeScreenState=UNKNOWN, waitForNegativeProximity=false displayReady=false pendingRequest=true
07-26 01:03:16.708  1725  1899 D DisplayManagerServiceExtImpl: request size(1,1),dpc=com.android.server.display.DisplayPowerController@750ee91 size(0,1),flags=0X200F,id(0,0,local:4627039422300187648),enable=true,ready=false,waitForNegativeProximity=false policy=OFF,useProximitySensor=false,dozeState=UNKNOWN,screenBrightnessOverride=-1.000000,useAuto=false,lowPower=false,lowPowerFactor=1.000000
07-26 01:03:16.765  2461  2629 D OneHandedController: setLockedDisabled locked = true, enabled = false ,FeatureEnabled = false
07-26 01:03:16.779  1725  1991 D DisplayPowerController[0]: updatePowerStateInternal policy:BRIGHT->OFF,state:ON->OFF policy=OFF, useProximitySensor=false, screenBrightnessOverride=-1.0, useAutoBrightness=false, screenAutoBrightnessAdjustmentOverride=NaN, screenLowPowerBrightnessFactor=1.0, blockScreenOn=false, lowPowerMode=false, boostScreenBrightness=false, dozeScreenBrightness=NaN, dozeScreenState=UNKNOWN
07-26 01:03:16.791  1725  1991 D DisplayPowerState[0]: setColorFadeLevel: level=0.9960574
07-26 01:03:16.802  1725  1991 D DisplayPowerState[0]: setColorFadeLevel: level=0.98429155
07-26 01:03:16.813  1725  1991 D DisplayPowerState[0]: setColorFadeLevel: level=0.96193975
07-26 01:03:16.813  1725  1775 D CompatibilityChangeReporter: Compat change id reported: 261072174; UID 99910115; state: ENABLED
07-26 01:03:16.820  1725  1991 D DisplayPowerState[0]: setColorFadeLevel: level=0.9343158
07-26 01:03:16.826  1725  1991 D DisplayPowerState[0]: setColorFadeLevel: level=0.89984226
07-26 01:03:16.838  1725  1991 D DisplayPowerState[0]: setColorFadeLevel: level=0.8535534
07-26 01:03:16.841  1725  2231 D PowerManagerService: userActivityNoUpdateLocked: groupId=0, eventTime=152326579, event=touch, flags=0x0, uid=1000
07-26 01:03:16.844  1725  1991 D DisplayPowerState[0]: setColorFadeLevel: level=0.8064536
07-26 01:03:16.851  1725  1991 D DisplayPowerState[0]: setColorFadeLevel: level=0.75452065
07-26 01:03:16.856  1725  1991 D DisplayPowerState[0]: setColorFadeLevel: level=0.6913417
07-26 01:03:16.864  1725  1991 D DisplayPowerState[0]: setColorFadeLevel: level=0.63193655
07-26 01:03:16.873  1725  1991 D DisplayPowerState[0]: setColorFadeLevel: level=0.57045054
07-26 01:03:16.881  1725  1991 D DisplayPowerState[0]: setColorFadeLevel: level=0.5
07-26 01:03:16.890  1725  1991 D DisplayPowerState[0]: setColorFadeLevel: level=0.43733346
07-26 01:03:16.898  1725  1991 D DisplayPowerState[0]: setColorFadeLevel: level=0.37565517
07-26 01:03:16.906  1725  1991 D DisplayPowerState[0]: setColorFadeLevel: level=0.3086583
07-26 01:03:16.914  1725  1991 D DisplayPowerState[0]: setColorFadeLevel: level=0.2522707
07-26 01:03:16.923  1725  1991 D DisplayPowerState[0]: setColorFadeLevel: level=0.19979
07-26 01:03:16.931  1725  1991 D DisplayPowerState[0]: setColorFadeLevel: level=0.14644659
07-26 01:03:16.939  1725  1991 D DisplayPowerState[0]: setColorFadeLevel: level=0.10492253
07-26 01:03:16.948  1725  1991 D DisplayPowerState[0]: setColorFadeLevel: level=0.06962907
07-26 01:03:16.956  1725  1991 D DisplayPowerState[0]: setColorFadeLevel: level=0.038060248
07-26 01:03:16.964  1725  1991 D DisplayPowerState[0]: setColorFadeLevel: level=0.017721295
07-26 01:03:16.973  1725  1991 D DisplayPowerState[0]: setColorFadeLevel: level=0.0049881935
07-26 01:03:16.981  1725  1991 D DisplayPowerState[0]: setColorFadeLevel: level=0.0
07-26 01:03:16.984  1725  1991 D DpcExtImpl[0]: RECORD: Animation finished when screen is off isInteractive: false
07-26 01:03:16.984  1725  1991 D Biometrics_DEBUG: [onGoToSleepFinish]
07-26 01:03:16.988  1725  1991 E OplusCustomizeRestrictionManagerService: isBiometricDisabled start
07-26 01:03:16.992  1725  1991 D DisplayPowerState[0]: updateRunnable run fadeLevle=0.0 state=ON brightness changed:551.0->-1.0
07-26 01:03:16.993  1725  1991 I DisplayPowerController[0]: Blocking screen off
07-26 01:03:16.993  1725  1916 W WindowManager: captureTaskSnapshot mSnapshotMode= 2
07-26 01:03:16.993  1725  1916 W WindowManager: captureTaskSnapshot mSnapshotMode= 2
07-26 01:03:16.993  1725  1991 I DisplayPowerController[0]: Unblocked screen off after 1 ms
07-26 01:03:16.993  1725  1991 D OplusSmartBrightnessController: onScreenEvent isScreenOn displayId[0]=false isFolding=false policy=OFF
07-26 01:03:16.993  1725  1991 D OplusSmartBrightnessController: NeedResetSpline:false, NeedResetSplineByLargeChange:false
07-26 01:03:16.994  1725  1998 D VRR [OPlusRefreshRateService]: handleScreenStateChange state: 1
07-26 01:03:16.994  1725  1993 I OplusSmartBrightnessController: handleMessage MSG_NEXT_LUX_WILL_CHANGED.
07-26 01:03:16.994  1725  1993 D OplusFeatureHDREnhanceBrightness: MSG_RUS_APPLY false
07-26 01:03:16.995  1725  1991 D DisplayPowerState[0]: setScreenState: state=1
07-26 01:03:16.996  1725  1991 D BackLightStat: setScreenState: state changed:ON->OFF
07-26 01:03:16.997  1725  1991 D ActivityTaskManager: Top Process State changed to PROCESS_STATE_TOP_SLEEPING
07-26 01:03:16.998  1725  1991 D WindowManager:  setIsSleeping from  false to true this=Display{#0 state=ON size=1080x2400 ROTATION_0}
07-26 01:03:17.006  1725  1991 D OplusTransitionController: requestStartTransition, requestInfo type: SLEEP, remoteTransition: null, displayChange: null, transition: TransitionRecord{db89ef3 id=2374 type=SLEEP flags=0x0}, caller: com.android.server.wm.TransitionControllerExtImpl.requestStartTransition:41 com.android.server.wm.TransitionController.requestStartTransition:738 com.android.server.wm.RootWindowContainer.lambda$applySleepTokens$19:2705 com.android.server.wm.RootWindowContainer.$r8$lambda$23BILeSwDpDN-3rvXPe_T49ONuI:0 com.android.server.wm.RootWindowContainer$$ExternalSyntheticLambda11.onCollectStarted:0 
07-26 01:03:17.007  2461  2629 V WindowManagerShell: Transition requested: android.os.BinderProxy@314204a TransitionRequestInfo { type = SLEEP, triggerTask = null, remoteTransition = null, displayChange = null }
07-26 01:03:17.007  1725  1991 D OplusFlexibleActivityTransitionManager: fixTransitType type result:12, targets: []
07-26 01:03:17.008  1725  1991 D OplusTransitionController: onTransactionReady, syncId: 2374, 
07-26 01:03:17.008  1725  1991 D OplusTransitionController:  info: {id=2374 t=SLEEP f=0x0 trk=0 r=[] c=[]}, 
07-26 01:03:17.008  1725  1991 D OplusTransitionController:  targets : []
07-26 01:03:17.009  1725  1892 V WindowManager: Sent Transition #2374 createdAt=07-26 01:03:16.999 via request=TransitionRequestInfo { type = SLEEP, triggerTask = null, remoteTransition = null, displayChange = null }
07-26 01:03:17.009  1725  1892 V WindowManager:     startWCT=null
07-26 01:03:17.009  1725  1892 V WindowManager:     info={id=2374 t=SLEEP f=0x0 trk=0 r=[] c=[]}
07-26 01:03:17.011  1725  1991 I TaskFragmentExtImpl: hookSetBinderUxFlag:true prev:ActivityRecord{5660667 u0 com.android.launcher/.Launcher t5}
07-26 01:03:17.013  1725  1991 I TaskFragmentExtImpl: hookSetBinderUxFlag:false prev:ActivityRecord{5660667 u0 com.android.launcher/.Launcher t5}
07-26 01:03:17.014  1725  1991 D WindowManager: screenTurnedOff  Display{#0 state=ON size=1080x2400 ROTATION_0}
07-26 01:03:17.014  1725  4315 W Transition: Transition already started id=2374 state=2
07-26 01:03:17.015  2461  2629 V WindowManagerShell: onTransitionReady android.os.BinderProxy@314204a: {id=2374 t=SLEEP f=0x0 trk=0 r=[] c=[]}
07-26 01:03:17.015  2461  2629 V WindowManagerShell: No transition roots in (#2374)android.os.BinderProxy@314204a@0 so abort
07-26 01:03:17.015  2461  2629 V WindowManagerShell: Transition animation finished (aborted=true), notifying core (#2374)android.os.BinderProxy@314204a@0
07-26 01:03:17.028  1725  1991 I ColorAutomaticBrightnessController: updateAutoBrightness: Auto, sendUpdate = false adjustment=4013.725586,changed:551->1189,modified:1189->1189->1189,changed=true,cameraMode=-1,ProximityNear=false
07-26 01:03:17.030  1725  1991 D DisplayPowerState[0]: updateRunnable run fadeLevle=0.0 state=OFF brightness changed:551.0->-1.0
07-26 01:03:17.031  1725  2361 D DisplayPowerState[0]: Updating screen state: id=0, state=OFF, backlight=-1.0, sdrBacklight=-1.0
07-26 01:03:17.031  1725  2361 D OplusSmartBrightnessController: requestDisplayState isFirstDisplay=true state=1 globalDisplayState=0x0
07-26 01:03:17.031  1725  2361 D LocalDisplayAdapter: setDisplayState(id=4627039422300187648 isFirstDisplay=true state changed:ON->OFF) t-Name=PhotonicModulator
07-26 01:03:17.032  1725  2839 D OplusTransitionController: finishTransition, transition: TransitionRecord{db89ef3 id=2374 type=SLEEP flags=0x0}
07-26 01:03:17.032  1725  1892 V WindowManager: Finish Transition #2374: created at 07-26 01:03:16.999 collect-started=0.038ms request-sent=2.67ms started=8.462ms ready=8.456ms sent=9.258ms finished=32.685ms
07-26 01:03:17.032  1725  2839 D TransitionController: NFW_send RECOMPUTE_FOCUS in finishTransition
07-26 01:03:17.032  2461  2629 D ShellTaskOrganizer: onTransitionFinish, isRecent:false
07-26 01:03:17.033  1725  4322 W WindowManager: captureTaskSnapshot mSnapshotMode= 2
07-26 01:03:17.033  1725  4322 D DisplayContentExtImpl: target is same with the last, remove the ime snapshot immediately.
07-26 01:03:17.034  2461  2629 V WindowManagerShell: Track 0 became idle
07-26 01:03:17.034  2461  2629 V WindowManagerShell: All active transition animations finished
07-26 01:03:17.034  1725  4322 V WindowManager: Changing focus from Window{5e07266 u0 com.android.launcher/com.android.launcher.Launcher} to null,diplayid=0
07-26 01:03:17.035  1725  4322 W WindowManager: captureTaskSnapshot mSnapshotMode= 2
07-26 01:03:17.038  1725  4322 I TaskOrganizerController: onTaskInfoChanged taskid 1 config { mBounds=Rect(0, 0 - 1080, 2400) mAppBounds=Rect(0, 110 - 1080, 2268) mMaxBounds=Rect(0, 0 - 1080, 2400) mDisplayRotation=ROTATION_0 mWindowingMode=fullscreen mDisplayWindowingMode=fullscreen mActivityType=home mAlwaysOnTop=undefined mRotation=ROTATION_0}
07-26 01:03:17.038  1725  4322 D FlexibleWindowManager: onFlexibleWindowTaskInfoChanged: mTaskId = 1 oldIsTaskEmbedded = false   curIsTaskEmbedded = false  topActivity = ComponentInfo{com.android.launcher/com.android.launcher.Launcher}
07-26 01:03:17.038  1725  4322 D OplusFlexibleWindowMinimizedManagerHelper: onTaskInfoChanged taskInfo:TaskInfo{userId=0 taskId=1 displayId=0 isRunning=true baseIntent=Intent { act=android.intent.action.MAIN cat=[android.intent.category.HOME] flg=0x10000100 cmp=com.android.launcher/.Launcher mCallingUid=1000 } baseActivity=ComponentInfo{com.android.launcher/com.android.launcher.Launcher} topActivity=ComponentInfo{com.android.launcher/com.android.launcher.Launcher} origActivity=null realActivity=null numActivities=1 lastActiveTime=15987 supportsSplitScreenMultiWindow=false supportsMultiWindow=true supportsPocketStudioMultiWindow=true isInFlexibleEmbedded = false uid = 10194 pid = 2777 resizeMode=2 isResizeable=true minWidth=-1 minHeight=-1 defaultMinSize=220 token=WCT{RemoteToken{e33cc62 Task{bd999ae #1 type=home}}} topActivityType=2 pictureInPictureParams=null shouldDockBigOverlays=false launchIntoPipHostTaskId=-1 lastParentTaskIdBeforePip=-1 displayCutoutSafeInsets=Rect(0, 110 - 0, 0) topActivityInfo=ActivityInfo{e9d0f4e com.android.launcher.Launcher} launchCookies=[] positionInParent=Point(0, 0) parentTaskId=-1 isFocused=true isVisible=false isVisibleRequested=false isSleeping=true topActivityInSizeCompat=false topActivityInOplusCompatMode=false topActivityEligibleForLetterboxEducation= false topActivityLetterboxed= false isFromDoubleTap= false topActivityLetterboxVerticalPosition= -1 topActivityLetterboxHorizontalPosition= -1 topActivityLetterboxWidth=-1 topActivityLetterboxHeight=-1 locusId=LocusId[17_chars] displayAreaFeatureId=1 cameraCompatControlState=hidden locusId= LocusId[17_chars] topActivityLetterboxInsets=Rect(0, 0 - 0, 0)} task:Task{bd999ae #1 type=home}
07-26 01:03:17.039  2461  2629 D ShellTaskOrganizer: dispatchTaskEventToClientIfNeed, eventType:2, taskInfo:TaskInfo{userId=0 taskId=1 displayId=0 isRunning=true baseIntent=Intent { act=android.intent.action.MAIN cat=[android.intent.category.HOME] flg=0x10000100 cmp=com.android.launcher/.Launcher mCallingUid=1000 } baseActivity=ComponentInfo{com.android.launcher/com.android.launcher.Launcher} topActivity=ComponentInfo{com.android.launcher/com.android.launcher.Launcher} origActivity=null realActivity=null numActivities=1 lastActiveTime=15987 supportsSplitScreenMultiWindow=false supportsMultiWindow=true supportsPocketStudioMultiWindow=true isInFlexibleEmbedded = false uid = 10194 pid = 2777 resizeMode=2 isResizeable=true minWidth=-1 minHeight=-1 defaultMinSize=220 token=WCT{android.window.IWindowContainerToken$Stub$Proxy@55dd8d8} topActivityType=2 pictureInPictureParams=null shouldDockBigOverlays=false launchIntoPipHostTaskId=-1 lastParentTaskIdBeforePip=-1 displayCutoutSafeInsets=Rect(0, 110 - 0, 0) topActivityInfo=ActivityInfo{175431 com.android.launcher.Launcher} launchCookies=[] positionInParent=Point(0, 0) parentTaskId=-1 isFocused=true isVisible=false isVisibleRequested=false isSleeping=true topActivityInSizeCompat=false topActivityInOplusCompatMode=false topActivityEligibleForLetterboxEducation= false topActivityLetterboxed= false isFromDoubleTap= false topActivityLetterboxVerticalPosition= -1 topActivityLetterboxHorizontalPosition= -1 topActivityLetterboxWidth=-1 topActivityLetterboxHeight=-1 locusId=LocusId[17_chars] displayAreaFeatureId=1 cameraCompatControlState=hidden locusId= LocusId[17_chars] topActivityLetterboxInsets=Rect(0, 0 - 0, 0)}, leash:null
07-26 01:03:17.040  1725  1916 I DisplayDeviceRepository: Display device changed state: "Built-in Screen", OFF
07-26 01:03:17.040  1725  1916 D LogicalDisplayExt: set displayInfo flag FLAG_ROTATES_WITH_CONTENT
07-26 01:03:17.041  1725  1916 D DisplayManagerServiceExtImpl: scheduleTraversalLocked intraversal=false
07-26 01:03:17.041  1725  1916 I DisplayManagerServiceExtImpl: handle logical display changed logicalDisplay=id=0,stack=0,content=true,displayInfo{stack=0,type=1,id=0,uId=local:4627039422300187648,state=OFF,pkg=null}
07-26 01:03:17.043  1725  2673 D DeviceStateProviderImpl: keyguard show or sleep: true mLastReportedState 0
07-26 01:03:17.044  1725  2386 D CompatibilityChangeReporter: Compat change id reported: 74210811; UID 1000; state: DISABLED
07-26 01:03:17.045  1725  2386 D CompatibilityChangeReporter: Compat change id reported: 74210811; UID 1000; state: ENABLED
07-26 01:03:17.050  1725  1916 D DisplayManagerService: Delivering display event: displayId=0, event=2
07-26 01:03:17.051  1725  1725 I WallpaperManagerServiceExt: removeDisplayData. displayId = 0
07-26 01:03:17.051  1725  2406 D OAppNetControlService: Screens off!
07-26 01:03:17.055  1725  1899 D OplusVFXScreenEffectFeature: notifySFCompatWindowStateChange entered false
07-26 01:03:17.056  1725  1899 D FlexibleWindowManager: physicalDisplayChangedForFlexibleWindow displayId 0, current display info 1080 x 2400, new display info 1080 x 2400
07-26 01:03:17.056  1725  1899 D FlexibleTaskController: onDisplayChanged displayId#0 ,cur:1080x2400 ,new:1080x2400
07-26 01:03:17.056  1725  1899 D FlexibleTaskController: onDisplayChanged displayId not support flexible.
07-26 01:03:17.056  1725  1899 D FlexibleWindowManager: physicalDisplayChangedForFlexibleWindow return for unsupported devices
07-26 01:03:17.059  1725  1916 D DisplayManagerService: Ignore redundant display event 0/2 to 10164/11368
07-26 01:03:17.059  1725  1916 D DisplayManagerService: Ignore redundant display event 0/2 to 10294/12787
07-26 01:03:17.059  1725  1916 D DisplayManagerService: Ignore redundant display event 0/2 to 10130/18481
07-26 01:03:17.059  1725  1916 D DisplayManagerService: Ignore redundant display event 0/2 to 10109/19271
07-26 01:03:17.064  1725  1918 D DisplayManagerService: performTraversalInternal pendingTraversal
07-26 01:03:17.064  1725  1918 D DisplayDevice: setLayerStackLocked id=local:4627039422300187648 token=android.os.BinderProxy@d3e07d8 stack=0->-1
07-26 01:03:17.064  1725  1918 I DisplayDevice: [0] Layerstack set to -1 for local:4627039422300187648
07-26 01:03:17.067  1725  4315 D WindowManagerServiceExtImpl: extractConfigInfoAndRealFlags rotation=0, screenDp=360, win=Window{5e07266 u0 com.android.launcher/com.android.launcher.Launcher}
07-26 01:03:17.067  1725  4315 V WindowManager: Relayout Window{5e07266 u0 com.android.launcher/com.android.launcher.Launcher}: viewVisibility=8, oldvis=0, req=1080x2400, vsysui=LAYOUT_STABLE LAYOUT_HIDE_NAVIGATION LAYOUT_FULLSCREEN
07-26 01:03:17.067  1725  1916 D DisplayManagerService: Ignore redundant display event 0/2 to 10321/29492
07-26 01:03:17.067  1725  1916 D DisplayManagerService: Ignore redundant display event 0/2 to 10128/30470
07-26 01:03:17.067  1725  1916 D DisplayManagerService: MSG_REQUEST_TRAVERSAL pendingCompleted=false
07-26 01:03:17.068  2461  2461 V KeyguardStatusViewController: refresh statusview visible:true
07-26 01:03:17.071  2777  2777 D VRI[Launcher]: relayoutWindow result, sizeChanged:false, surfaceControlChanged:true, transformHintChanged:false, mSurfaceSize:Point(1080, 2400), mLastSurfaceSize:Point(1080, 2400), mWidth:1080, mHeight:2400, requestedWidth:1080, requestedHeight:2400, transformHint:0, lastTransformHint:0, installOrientation:0, displayRotation:0, isSurfaceValid:false, attr.flag:-2121203456, useBlast:true, tmpFrames:ClientWindowFrames{frame=[0,0][1080,2400] display=[0,0][1080,2400] parentFrame=[0,0][0,0]}
07-26 01:03:17.085  1725  1916 V UsbDeviceManager: onKeyguardStateChanged: isShowing:true secure:false user:0
07-26 01:03:17.095  1725  4322 I StatusBarManagerService: disableLocked, what:1600000, pkg:com.android.systemui userId: 0 token:android.os.BinderProxy@2aa5c1e net1:1600000 net2:0
07-26 01:03:17.096  1725  4322 E OplusCustomizeRestrictionManagerService: isBiometricDisabled start
07-26 01:03:17.097  1725  4315 D PowerManagerService: userActivityNoUpdateLocked: groupId=0, eventTime=152326835, event=other, flags=0x0, uid=10197
07-26 01:03:17.099  1725  4315 I WindowManager: Window{5e07266 u0 com.android.launcher/com.android.launcher.Launcher} state from HAS_DRAWN to NO_SURFACE; reason: destroySurface
07-26 01:03:17.100  1725  4315 D ActivityTaskManager: Clearing startingData for token=null
07-26 01:03:17.137  1725  2839 D OplusSplitScreenManagerService: com.android.settings unSupportsSplitScreen by blockList or ForbidActivityList
07-26 01:03:17.137  1725  2839 D OplusSplitScreenManagerService: com.android.settings unSupportsSplitScreen by blockList or ForbidActivityList
07-26 01:03:17.142  1725  2839 D LockSettingsService: [getSeparateProfileChallengeEnabled] userId = 999
07-26 01:03:17.291  1725  1916 I DisplayDeviceRepository: Display device changed state: "Built-in Screen", OFF
07-26 01:03:17.291  1725  1916 D LogicalDisplayExt: set displayInfo flag FLAG_ROTATES_WITH_CONTENT
07-26 01:03:17.293  1725  2839 D WindowManagerServiceExtImpl: extractConfigInfoAndRealFlags rotation=0, screenDp=720, win=Window{1f6531 u0 NotificationShade}
07-26 01:03:17.294  1725  2361 D HidlDisplayPanelFeature: getDisplayPanelFeatureValue +++, featureID:20
07-26 01:03:17.294  1725  2839 V WindowManager: Relayout Window{1f6531 u0 NotificationShade}: viewVisibility=0, oldvis=4, req=1080x2400, vsysui=
07-26 01:03:17.294  1725  1916 D DisplayManagerServiceExtImpl: scheduleTraversalLocked intraversal=false
07-26 01:03:17.294  1725  1916 I DisplayManagerServiceExtImpl: handle logical display changed logicalDisplay=id=0,stack=0,content=true,displayInfo{stack=0,type=1,id=0,uId=local:4627039422300187648,state=OFF,pkg=null}
07-26 01:03:17.295  1725  2839 I WindowManager: Window{1f6531 u0 NotificationShade} state from NO_SURFACE to DRAW_PENDING; reason: resetDrawState
07-26 01:03:17.295  1725  2361 D HidlDisplayPanelFeature: getDisplayPanelFeatureValue, ret = 0
07-26 01:03:17.295  1725  2361 I HidlDisplayPanelFeature: [0]
07-26 01:03:17.295  1725  1916 D DisplayManagerService: Delivering display event: displayId=0, event=2
07-26 01:03:17.295  1725  2361 D HidlDisplayPanelFeature: getDisplayPanelFeatureValue ---, result = [0]
07-26 01:03:17.295  1725  2361 D OplusSilentRebootManager: silence flags file value is :0
07-26 01:03:17.295  1725  1725 I WallpaperManagerServiceExt: removeDisplayData. displayId = 0
07-26 01:03:17.296  1725  1991 D DisplayPowerState[0]: updateRunnable run fadeLevle=0.0 state=OFF brightness changed:551.0->-1.0
07-26 01:03:17.297  1725  1991 D PowerManagerServiceExtImpl: aodEnable: false
07-26 01:03:17.297  1725  1991 I PowerGroup: Sleeping power group (groupId=0, uid=1000, reason=timeout)...
07-26 01:03:17.297  1725  1991 I PowerManagerService: Sleeping (uid 1000)...
07-26 01:03:17.300  1725  1916 D DisplayManagerService: Ignore redundant display event 0/2 to 10164/11368
07-26 01:03:17.300  1725  1916 D DisplayManagerService: Ignore redundant display event 0/2 to 10294/12787
07-26 01:03:17.300  1725  1916 D DisplayManagerService: Ignore redundant display event 0/2 to 10130/18481
07-26 01:03:17.300  1725  1916 D DisplayManagerService: Ignore redundant display event 0/2 to 10109/19271
07-26 01:03:17.302  1725  2839 D DisplayManagerService: performTraversalInternal pendingTraversal
07-26 01:03:17.302  1725  2839 D DisplayDevice: setLayerStackLocked id=local:4627039422300187648 token=android.os.BinderProxy@d3e07d8 stack=-1->-1
07-26 01:03:17.303  1725  1916 D DisplayManagerService: Ignore redundant display event 0/2 to 10321/29492
07-26 01:03:17.303  1725  1916 D DisplayManagerService: Ignore redundant display event 0/2 to 10128/30470
07-26 01:03:17.303  1725  1991 D OplusPowerManagerHelper: [onGoToSleep]
07-26 01:03:17.304  1725  2839 V WindowManager: Changing focus from null to Window{1f6531 u0 NotificationShade},diplayid=0
07-26 01:03:17.308  1725  1916 D DisplayManagerService: MSG_REQUEST_TRAVERSAL pendingCompleted=false
07-26 01:03:17.308  1725  1991 E OplusCustomizeRestrictionManagerService: isBiometricDisabled start
07-26 01:03:17.308  1725  1991 D OplusFeatureAOD: notifySfUnBlockScreenOn
07-26 01:03:17.309  1725  2839 D WindowManager: BarWindow--setVisible: id=2, oldState=0, state=2 call: 
07-26 01:03:17.311  2461  2461 W VRI[NotificationShade]: updateBlastSurfaceIfNeeded, surfaceSize:Point(1080, 2400), lastSurfaceSize:Point(1080, 2400), format:-3, blastBufferQueue:null
07-26 01:03:17.312  1725  1899 D OplusVFXScreenEffectFeature: notifySFCompatWindowStateChange entered false
07-26 01:03:17.313  1725  1899 D FlexibleWindowManager: physicalDisplayChangedForFlexibleWindow displayId 0, current display info 1080 x 2400, new display info 1080 x 2400
07-26 01:03:17.313  1725  1899 D FlexibleTaskController: onDisplayChanged displayId#0 ,cur:1080x2400 ,new:1080x2400
07-26 01:03:17.313  1725  1899 D FlexibleTaskController: onDisplayChanged displayId not support flexible.
07-26 01:03:17.313  1725  1899 D FlexibleWindowManager: physicalDisplayChangedForFlexibleWindow return for unsupported devices
07-26 01:03:17.332  1725  2839 D LockSettingsService: [getSeparateProfileChallengeEnabled] userId = 999
07-26 01:03:17.334  1725  1992 D NotifierExtImpl: notifyScreenOnOff: on = false
07-26 01:03:17.334  1725  1992 D OplusPowerManagerServiceEnhance: notifyScreenOnOff on=false
07-26 01:03:17.343  2705  3586 D NAS-CallIssueController[0]: ActionsExecuteStateMachine recv msg:5
07-26 01:03:17.343  2705  3587 D NAS-CallIssueController[1]: ActionsExecuteStateMachine recv msg:5
07-26 01:03:17.353  1725  2673 D CompatibilityChangeReporter: Compat change id reported: 161145287; UID 1000; state: ENABLED
07-26 01:03:17.354  1725  2673 D CompatibilityChangeReporter: Compat change id reported: 161145287; UID 1000; state: DISABLED
07-26 01:03:17.360  1725  1775 D OplusGuardElfFeature: ICharger service = vendor.oplus.hardware.charger.ICharger$Stub$Proxy@7a927f8
07-26 01:03:17.362  1725  1775 D OplusGuardElfFeature: ICharger set value = 0
07-26 01:03:17.362  1725  1775 D OplusGuardElfFeature: calling class name = ThermalControlUtils
07-26 01:03:17.363  4415  4880 D OplusBatteryManager: set charge value = 0
07-26 01:03:17.379  1725  1960 I PowerManagerService: onFlip(): Face up.
07-26 01:03:17.379  1725  1960 D PowerManagerService: onFlip: isFaceDown=false
07-26 01:03:17.379  1725  1960 D PowerManagerService: userActivityNoUpdateLocked: groupId=0, eventTime=152327119, event=other, flags=0x0, uid=1000
07-26 01:03:17.392  1725  1992 D OplusAlarmAdjustment: MSG_SCREEN_OFF, mAlignInterval=300000 ms, mScreenOffElapsed=508133228 ms
07-26 01:03:17.409  1725  1725 D CompatibilityChangeReporter: Compat change id reported: 171306433; UID 1000; state: ENABLED
07-26 01:03:17.413  1725  2293 D OplusFeatureColorMode: +updateUserDreaming
07-26 01:03:17.421  1725  2839 W AlarmManager: Alarms must either supply a PendingIntent or an AlarmReceiver
07-26 01:03:17.432  1725  2839 I WindowManager: Window{1f6531 u0 NotificationShade} state from DRAW_PENDING to COMMIT_DRAW_PENDING; reason: finishDrawingLocked
07-26 01:03:17.433  1725  1918 I WindowManager: Window{1f6531 u0 NotificationShade} state from COMMIT_DRAW_PENDING to READY_TO_SHOW; reason: commitFinishDrawingLocked
07-26 01:03:17.434  1725  1918 I WindowManager: Window{1f6531 u0 NotificationShade} state from READY_TO_SHOW to HAS_DRAWN; reason: performShowLocked
07-26 01:03:17.434  1725  2839 I OplusAppSwitchManagerService: appswitch unregisterAppSwitchObserver pkgName = com.heytap.accessory config = OplusAppSwitchConfig = {  mConfigs = {} observerFingerPrint = 179425707}
07-26 01:03:17.434  1725  2839 I OplusAppSwitchStateDispatcher: unregisterAppSwitchObserver ok, pkgName = com.heytap.accessory info = OplusAppSwitchRuleInfo = {  observer = null observerFingerPrint = 179425707}
07-26 01:03:17.445  1725  3015 D SystemServerTiming: getUserSwitchability-0
07-26 01:03:17.445  1725  3015 D SystemServerTiming: TM.isInCall
07-26 01:03:17.446  1725  3015 D SystemServerTiming: hasUserRestriction-DISALLOW_USER_SWITCH
07-26 01:03:17.446  1725  3015 D SystemServerTiming: getInt-ALLOW_USER_SWITCHING_WHEN_SYSTEM_USER_LOCKED
07-26 01:03:17.446  1725  3015 D SystemServerTiming: isUserUnlocked-USER_SYSTEM
07-26 01:03:17.459  1725  1725 D CompatibilityChangeReporter: Compat change id reported: 218533173; UID 1000; state: ENABLED
07-26 01:03:17.469  1725  1725 D OplusFeatureBrightnessBarController: screen state:false
07-26 01:03:17.478  2461  2461 W VRI[NotificationShade]: updateBlastSurfaceIfNeeded, surfaceSize:Point(1080, 2400), lastSurfaceSize:Point(1080, 2400), format:-3, blastBufferQueue:android.graphics.BLASTBufferQueue@e4ebf11
07-26 01:03:17.479  1725  2673 D WindowManagerServiceExtImpl: extractConfigInfoAndRealFlags rotation=0, screenDp=720, win=Window{1f6531 u0 NotificationShade}
07-26 01:03:17.480  1725  2673 V WindowManager: Relayout Window{1f6531 u0 NotificationShade}: viewVisibility=0, oldvis=0, req=1080x2400, vsysui=
07-26 01:03:17.496  2461  2461 W VRI[StatusBar]: handleResized abandoned!
07-26 01:03:17.496  2461  2461 W VRI[NotificationShade]: handleResized, msg:5, frameChanged:false, configChanged:false, displayChanged:false, attachedFrameChanged:false, compatScaleChanged:false, pendingDragResizing=false
07-26 01:03:17.498  1725  4322 D CompatibilityChangeReporter: Compat change id reported: 161145287; UID 10115; state: ENABLED
07-26 01:03:17.532  1725  2406 D CommSceneService: notify screen off changed state=1
07-26 01:03:17.554  1725  2357 D OplusBatteryManager: getPsyBatteryRm: 3448
07-26 01:03:17.558  1725  2242 W OplusStorageManagerFeature: turn screenOff, maintPrepared:false
07-26 01:03:17.562  1725  2357 D OplusBatteryManager: getPsyBatteryRm: 3448
07-26 01:03:17.565   656 32157 D vold    : ufshid started
07-26 01:03:17.570  1725  4322 I OplusAppSwitchManagerService: appswitch registerAppSwitchObserver pName = com@@android@@systemui observer = com.oplus.app.IOplusAppSwitchObserver$Stub$Proxy@508cdca config = OplusAppSwitchConfig = {  mConfigs = {} observerFingerPrint = 163988197}
07-26 01:03:17.571  1725  4322 I OplusAppSwitchStateDispatcher: registerAppSwitchObserver addDynamicListener OK, info = OplusAppSwitchRuleInfo = {  observer = com.oplus.app.IOplusAppSwitchObserver$Stub$Proxy@508cdca observerFingerPrint = 163988197} rule size =2
07-26 01:03:17.582   656 32157 I vold    : [libfs_mgr] mgs test solvit start
07-26 01:03:17.582   656 32157 I vold    : [libfs_mgr] stream not support 
07-26 01:03:17.590   656 32157 D vold    : ufshid end
07-26 01:03:17.594  2461  4622 E ActivityThread: Failed to find provider info for com.oplus.pantanal.ums.IntentProvider
07-26 01:03:17.599  2461  4449 E ActivityThread: Failed to find provider info for com.oplus.pantanal.ums.IntentProvider
07-26 01:03:17.601  2461  4449 E ActivityThread: Failed to find provider info for com.oplus.pantanal.ums.IntentProvider
07-26 01:03:17.611  1725  2673 I OplusAppSwitchManagerService: appswitch unregisterAppSwitchObserver pkgName = com.android.systemui config = OplusAppSwitchConfig = {  mConfigs = {} observerFingerPrint = 163988197}
07-26 01:03:17.611  1725  2673 I OplusAppSwitchStateDispatcher: unregisterAppSwitchObserver ok, pkgName = com.android.systemui info = OplusAppSwitchRuleInfo = {  observer = null observerFingerPrint = 163988197}
07-26 01:03:18.716  1725  1993 D OplusFeatureHDREnhanceBrightness: checkIsPlayingHDR isPlayingHDR=0 rotation=0 whiteApp=false battery=78
07-26 01:03:18.801 25916 25916 D ActivityThread: do gfx trim 40 success
07-26 01:03:19.222  1725  1775 D CompatibilityChangeReporter: Compat change id reported: 182734110; UID 10115; state: ENABLED
07-26 01:03:19.854 25916 31642 E ActivityThread: Failed to find provider info for com.oplus.statistics.provider
07-26 01:03:19.854 25916 31642 D OplusStatistics--: get provider client failed.
07-26 01:03:20.909  1725  2839 W ProcessStats: Tracking association SourceState{fe41ce8 system/1000 Persist #577615} whose proc state 0 is better than process ProcessState{3f8f861 com.google.android.providers.media.module/10275 pkg=com.google.android.providers.media.module} proc state 1 (57 skipped)
07-26 01:03:23.418  1725  2872 D CompatibilityChangeReporter: Compat change id reported: 261072174; UID 1000; state: ENABLED
07-26 01:03:24.658  1725  2673 W JobScheduler: Job didn't exist in JobStore: #com.google.android.apps.photos/1034
07-26 01:03:24.675  1725  4318 D CompatibilityChangeReporter: Compat change id reported: 135634846; UID 99910115; state: DISABLED
07-26 01:03:24.676  1725  4318 D CompatibilityChangeReporter: Compat change id reported: 177438394; UID 99910115; state: DISABLED
07-26 01:03:24.676  1725  4318 D CompatibilityChangeReporter: Compat change id reported: 135772972; UID 99910115; state: DISABLED
07-26 01:03:24.677  1725  1775 W UriGrantsManagerService: No permission grants found for com.google.android.apps.photos
07-26 01:03:24.677  1725  4318 D CompatibilityChangeReporter: Compat change id reported: 135754954; UID 99910115; state: ENABLED
07-26 01:03:24.678  1725  1775 W UriGrantsManagerService: No permission grants found for com.google.android.apps.photos
07-26 01:03:24.678  1725  1966 D CompatibilityChangeReporter: Compat change id reported: 143937733; UID 99910115; state: ENABLED
07-26 01:03:24.727  1725  1966 W ActivityManager: Slow operation: 54ms so far, now at startProcess: returned from zygote!
07-26 01:03:24.728  1725  1966 W ActivityManager: Slow operation: 55ms so far, now at startProcess: done updating battery stats
07-26 01:03:24.729  1725  1966 W ActivityManager: Slow operation: 56ms so far, now at startProcess: building log message
07-26 01:03:24.729  1725  1966 I ActivityManager: Start proc 32179:com.google.android.gms/u999a115 for service {com.google.android.gms/com.google.android.gms.ipa.base.IpaGcmTaskService}
07-26 01:03:24.729  1725  1966 W ActivityManager: Slow operation: 56ms so far, now at startProcess: starting to update pids map
07-26 01:03:24.729  1725  1966 W ActivityManager: Slow operation: 56ms so far, now at startProcess: done updating pids map
07-26 01:03:24.795  1725  4318 D CompatibilityChangeReporter: Compat change id reported: 168419799; UID 99910115; state: DISABLED
07-26 01:03:24.795  1725  4318 D CompatibilityChangeReporter: Compat change id reported: 273564678; UID 99910115; state: DISABLED
07-26 01:03:24.796  1725  4318 D ActivityTaskManagerServiceExtImpl: preBindApplication record is null
07-26 01:03:24.813  1725  1916 D OplusInterceptLockScreenWindow: starting IOplusLockScreenCallbacks service...
07-26 01:03:24.884  1725  4318 W UriGrantsManagerService: No permission grants found for com.google.android.apps.photos
07-26 01:03:24.885  1725  4318 W UriGrantsManagerService: No permission grants found for com.google.android.apps.photos
07-26 01:03:24.923  1725  4318 D CompatibilityChangeReporter: Compat change id reported: 135634846; UID 99910115; state: DISABLED
07-26 01:03:24.923  1725  4318 D CompatibilityChangeReporter: Compat change id reported: 177438394; UID 99910115; state: DISABLED
07-26 01:03:24.923  1725  4318 D CompatibilityChangeReporter: Compat change id reported: 135772972; UID 99910115; state: DISABLED
07-26 01:03:24.923  1725  4318 D CompatibilityChangeReporter: Compat change id reported: 135754954; UID 99910115; state: ENABLED
07-26 01:03:24.924  1725  1966 D CompatibilityChangeReporter: Compat change id reported: 143937733; UID 99910115; state: ENABLED
07-26 01:03:24.929  1725  2673 W UriGrantsManagerService: No permission grants found for com.google.android.apps.photos
07-26 01:03:24.929  1725  2673 W UriGrantsManagerService: No permission grants found for com.google.android.apps.photos
07-26 01:03:24.942  1725  1966 I ActivityManager: Start proc 32204:com.google.process.gservices/u999a115 for content provider {com.google.android.gsf/com.google.android.gsf.gservices.GservicesProvider}
07-26 01:03:24.990  1725  4318 D CompatibilityChangeReporter: Compat change id reported: 168419799; UID 99910115; state: DISABLED
07-26 01:03:24.990  1725  4318 D CompatibilityChangeReporter: Compat change id reported: 273564678; UID 99910115; state: DISABLED
07-26 01:03:24.991  1725  4318 D ActivityTaskManagerServiceExtImpl: preBindApplication record is null
07-26 01:03:25.073 32204 32204 D ResourcesManagerExtImpl: applyConfigurationToAppResourcesLocked app.getDisplayId() return callback.displayId:-1
07-26 01:03:25.082  1725  2673 D ActivityManager: multi app -> generateServiceInfo of [Intent { act=com.google.android.gms.gservices.START pkg=com.google.android.gms mCallingUid=99910115 }] for 99910115)
07-26 01:03:25.082  1725  2673 W ActivityManager: Unable to start service Intent { act=com.google.android.gms.gservices.START pkg=com.google.android.gms mCallingUid=99910115 } U=0: not found
07-26 01:03:25.082  1725  2673 W ActivityManager: Unbind failed: could not find connection for android.os.BinderProxy@610e643
07-26 01:03:25.106  1725  2281 D CompatibilityChangeReporter: Compat change id reported: 157233955; UID 1000; state: ENABLED
07-26 01:03:25.133  1725  2673 I ActivityManager: Flag disabled. Ignoring finishAttachApplication from uid: 99910115. pid: 32204
07-26 01:03:25.151 32179 32179 D ResourcesManagerExtImpl: applyConfigurationToAppResourcesLocked app.getDisplayId() return callback.displayId:-1
07-26 01:03:25.165  1725  2673 D CompatibilityChangeReporter: Compat change id reported: 161145287; UID 99910115; state: ENABLED
07-26 01:03:25.254  1725  2673 I ActivityManager: Flag disabled. Ignoring finishAttachApplication from uid: 99910115. pid: 32179
07-26 01:03:38.847  1725  1965 D CompatibilityChangeReporter: Compat change id reported: 135634846; UID 1000; state: DISABLED
07-26 01:03:38.848  1725  1965 D CompatibilityChangeReporter: Compat change id reported: 177438394; UID 1000; state: DISABLED
07-26 01:03:38.848  1725  1965 D CompatibilityChangeReporter: Compat change id reported: 135772972; UID 1000; state: DISABLED
07-26 01:03:38.848  1725  1965 D CompatibilityChangeReporter: Compat change id reported: 135754954; UID 1000; state: ENABLED
07-26 01:03:38.884  1725  1966 I ActivityManager: Start proc 32243:com.oplus.midas/1000 for service {com.oplus.qualityprotect/com.oplus.qualityprotect.QualityProtectService}
07-26 01:03:38.967  1725  2673 D CompatibilityChangeReporter: Compat change id reported: 168419799; UID 1000; state: DISABLED
07-26 01:03:38.968  1725  2673 D CompatibilityChangeReporter: Compat change id reported: 273564678; UID 1000; state: DISABLED
07-26 01:03:38.968  1725  2673 D ActivityTaskManagerServiceExtImpl: preBindApplication record is null
07-26 01:03:38.985  1725  1916 D OplusInterceptLockScreenWindow: starting IOplusLockScreenCallbacks service...
07-26 01:03:39.080  1725  2673 I ActivityManager: Flag disabled. Ignoring finishAttachApplication from uid: 1000. pid: 32243
07-26 01:03:40.139  1725  2839 D CompatibilityChangeReporter: Compat change id reported: 171306433; UID 1000; state: ENABLED
07-26 01:03:40.140  1725  2839 D CompatibilityChangeReporter: Compat change id reported: 218533173; UID 1000; state: ENABLED
07-26 01:03:40.168 32243 32264 W ContextImpl: Calling a method in the system process without a qualified user: android.app.ContextImpl.bindService:2032 android.content.ContextWrapper.bindService:871 J.k.f:17 J.k.m:4 com.oplus.qualityprotect.QualityProtectService$b.handleMessage:487 
07-26 01:03:40.174  1725  2673 D CompatibilityChangeReporter: Compat change id reported: 261072174; UID 1000; state: ENABLED
07-26 01:03:55.441  1725  4318 D CompatibilityChangeReporter: Compat change id reported: 182734110; UID 99910115; state: ENABLED
07-26 01:03:55.808  1725  4318 W ProcessStats: Tracking association SourceState{fe41ce8 system/1000 Persist #577741} whose proc state 0 is better than process ProcessState{3f8f861 com.google.android.providers.media.module/10275 pkg=com.google.android.providers.media.module} proc state 1 (46 skipped)
07-26 01:03:56.123  1725  4600 D UsageStatsService: User[999] type=0 b=1753469607877 e=1753472036114 cb=1753431490977 ce=1753472004922 disk=0 all=26
07-26 01:03:56.157  1725  4600 E ActivityManager: Failure starting process android.process.acore
07-26 01:03:56.157  1725  4600 E ActivityManager: java.lang.SecurityException: Package com.android.providers.contacts was not found!
07-26 01:03:56.157  1725  4600 E ActivityManager: 	at com.android.server.pm.PackageManagerService.checkPackageStartable(PackageManagerService.java:5016)
07-26 01:03:56.157  1725  4600 E ActivityManager: 	at com.android.server.pm.PackageManagerService$IPackageManagerImpl.checkPackageStartable(PackageManagerService.java:5101)
07-26 01:03:56.157  1725  4600 E ActivityManager: 	at com.android.server.am.ProcessList.startProcessLocked(ProcessList.java:1877)
07-26 01:03:56.157  1725  4600 E ActivityManager: 	at com.android.server.am.ProcessList.startProcessLocked(ProcessList.java:2652)
07-26 01:03:56.157  1725  4600 E ActivityManager: 	at com.android.server.am.ProcessList.startProcessLocked(ProcessList.java:2821)
07-26 01:03:56.157  1725  4600 E ActivityManager: 	at com.android.server.am.ActivityManagerService.startProcessLocked(ActivityManagerService.java:3222)
07-26 01:03:56.157  1725  4600 E ActivityManager: 	at com.android.server.am.ContentProviderHelper.getContentProviderImpl(ContentProviderHelper.java:630)
07-26 01:03:56.157  1725  4600 E ActivityManager: 	at com.android.server.am.ContentProviderHelper.getContentProvider(ContentProviderHelper.java:164)
07-26 01:03:56.157  1725  4600 E ActivityManager: 	at com.android.server.am.ActivityManagerService.getContentProvider(ActivityManagerService.java:7388)
07-26 01:03:56.157  1725  4600 E ActivityManager: 	at android.app.IActivityManager$Stub.onTransact(IActivityManager.java:2761)
07-26 01:03:56.157  1725  4600 E ActivityManager: 	at com.android.server.am.ActivityManagerService.onTransact(ActivityManagerService.java:3005)
07-26 01:03:56.157  1725  4600 E ActivityManager: 	at android.os.Binder.execTransactInternal(Binder.java:1392)
07-26 01:03:56.157  1725  4600 E ActivityManager: 	at android.os.Binder.execTransact(Binder.java:1299)
07-26 01:03:56.162  1725  4600 I ActivityManager: Force stopping com.android.providers.contacts appid=10063 user=999: start failure
07-26 01:03:56.174  1725  1899 D DisplayManagerService: Drop pending events for gone uid 99910063
07-26 01:03:56.208  1725  4600 W ActivityManager: Slow operation: 76ms so far, now at startProcess: done starting proc!
07-26 01:03:56.208  1725  4600 W ContentProviderHelper: Slow operation: 80ms so far, now at getContentProviderImpl: after start process
07-26 01:03:56.208  1725  4600 W ContentProviderHelper: Unable to launch app com.android.providers.contacts/99910063 for provider com.android.contacts: process is bad
07-26 01:03:56.210 32179 32271 E ActivityThread: Failed to find provider info for com.android.contacts
07-26 01:03:56.214  1725  1916 D OplusInterceptLockScreenWindow: starting IOplusLockScreenCallbacks service...
07-26 01:03:56.219  1725  4318 D UsageStatsService: User[999] type=0 b=1753472036114 e=1753472036211 cb=1753431490977 ce=1753472036217 disk=0 all=0
07-26 01:03:56.220  1725  4600 E ActivityManager: Failure starting process android.process.acore
07-26 01:03:56.220  1725  4600 E ActivityManager: java.lang.SecurityException: Package com.android.providers.contacts was not found!
07-26 01:03:56.220  1725  4600 E ActivityManager: 	at com.android.server.pm.PackageManagerService.checkPackageStartable(PackageManagerService.java:5016)
07-26 01:03:56.220  1725  4600 E ActivityManager: 	at com.android.server.pm.PackageManagerService$IPackageManagerImpl.checkPackageStartable(PackageManagerService.java:5101)
07-26 01:03:56.220  1725  4600 E ActivityManager: 	at com.android.server.am.ProcessList.startProcessLocked(ProcessList.java:1877)
07-26 01:03:56.220  1725  4600 E ActivityManager: 	at com.android.server.am.ProcessList.startProcessLocked(ProcessList.java:2652)
07-26 01:03:56.220  1725  4600 E ActivityManager: 	at com.android.server.am.ProcessList.startProcessLocked(ProcessList.java:2821)
07-26 01:03:56.220  1725  4600 E ActivityManager: 	at com.android.server.am.ActivityManagerService.startProcessLocked(ActivityManagerService.java:3222)
07-26 01:03:56.220  1725  4600 E ActivityManager: 	at com.android.server.am.ContentProviderHelper.getContentProviderImpl(ContentProviderHelper.java:630)
07-26 01:03:56.220  1725  4600 E ActivityManager: 	at com.android.server.am.ContentProviderHelper.getContentProvider(ContentProviderHelper.java:164)
