07-26 01:03:56.220  1725  4600 E ActivityManager: 	at com.android.server.am.ActivityManagerService.getContentProvider(ActivityManagerService.java:7388)
07-26 01:03:56.220  1725  4600 E ActivityManager: 	at android.app.IActivityManager$Stub.onTransact(IActivityManager.java:2761)
07-26 01:03:56.220  1725  4600 E ActivityManager: 	at com.android.server.am.ActivityManagerService.onTransact(ActivityManagerService.java:3005)
07-26 01:03:56.220  1725  4600 E ActivityManager: 	at android.os.Binder.execTransactInternal(Binder.java:1392)
07-26 01:03:56.220  1725  4600 E ActivityManager: 	at android.os.Binder.execTransact(Binder.java:1299)
07-26 01:03:56.220  1725  4600 I ActivityManager: Force stopping com.android.providers.contacts appid=10063 user=999: start failure
07-26 01:03:56.230  1725  1899 D DisplayManagerService: Drop pending events for gone uid 99910063
07-26 01:03:56.242  1725  4600 W ContentProviderHelper: Unable to launch app com.android.providers.contacts/99910063 for provider com.android.contacts: process is bad
07-26 01:03:56.243 32179 32271 E ActivityThread: Failed to find provider info for com.android.contacts
07-26 01:03:56.243  1725  1916 I ActivityManager: Exiting empty application process 0:android.process.acore/u999a63 (null)
07-26 01:03:56.244  1725  1916 I ActivityManager: Exiting empty application process 0:android.process.acore/u999a63 (null)
07-26 01:03:56.272  1725  4600 D UsageStatsService: User[999] type=0 b=1753472036211 e=1753472036267 cb=1753431490977 ce=1753472036217 disk=0 all=0
07-26 01:04:07.010  1725  1974 W BatteryExternalStatsWorker: error reading Bluetooth stats: 9
07-26 01:04:17.446  2405  2520 D PowerMonitorNotifier: handleMessage: 20/0
07-26 01:04:18.079 17103 17118 D MiscManager: error ! ReadBreathLightTime not support.
07-26 01:04:18.110 17103 17118 W ContextImpl: Calling a method in the system process without a qualified user: android.app.ContextImpl.bindService:2032 android.content.ContextWrapper.bindService:871 com.oplus.powermonitor.standbymonitor.powerstats.modem.MpssActivityMonitor.connectService:36 com.oplus.powermonitor.standbymonitor.powerstats.modem.MpssActivityMonitor.access$200:0 com.oplus.powermonitor.standbymonitor.powerstats.modem.MpssActivityMonitor$WorkHandler.handleMessage:52 
07-26 01:05:01.054  1725  5193 D UsageStatsService: User[0] type=0 b=1753471936105 e=1753472101054 cb=1753437634506 ce=1753472061518 disk=0 all=29
07-26 01:05:03.492  1725  1958 I UsageStatsService: User[0] Flushing usage stats to disk
07-26 01:05:03.579  1725  1958 I UsageStatsService: User[999] Flushing usage stats to disk
07-26 01:05:14.399  1725  2839 W ActivityManager: Unable to start service Intent { act=com.oplus.dcc.action.RECEIVE_MESSAGE pkg=com.heytap.market (has extras) mCallingUid=10107 } U=0: not found
07-26 01:05:14.400  1725  2673 W ActivityManager: Unable to start service Intent { act=com.oplus.dcc.action.RECEIVE_MESSAGE pkg=com.heytap.market (has extras) mCallingUid=10107 } U=0: not found
07-26 01:05:14.504  1725  2673 W ActivityManager: Unbind failed: could not find connection for android.os.BinderProxy@5852087
07-26 01:05:14.505  1725  2673 W ActivityManager: Unable to start service Intent { act=com.oplus.dcc.action.RECEIVE_MESSAGE pkg=com.heytap.market (has extras) mCallingUid=10107 } U=0: not found
07-26 01:05:16.193  1725  2200 V AlarmManager: sending alarm Alarm{75a3dd type 3 origWhen 508175836 whenElapsed 508175836 android} uid 1000 whenElapsed 508175836 windowLength 0 maxWhenElapsed 508175836 repeatInterval 0 action null component null tag TIME_TICK flags 0x9 procName system_server
07-26 01:05:16.203  1725  2200 V AlarmManager: sending alarm Alarm{1704f20 type 2 origWhen 508242026 whenElapsed 508242026 com.heytap.mcs} uid 1000 whenElapsed 508242026 windowLength 10000 maxWhenElapsed 508252026 repeatInterval 0 action com.heytap.mcs.action component null flags 0x8 procName com.heytap.mcs
07-26 01:05:16.218  1725  2406 D CommSceneService: notify align tick changed state=1
07-26 01:05:16.218  1725  1725 D LightsServiceExtImpl: currentTime is not belong to 700 - 2330
07-26 01:05:16.223  1725  4322 E OplusCustomizeRestrictionManagerService: isBiometricDisabled start
07-26 01:05:16.623  1725  5193 D UsageStatsService: User[999] type=0 b=1753471936105 e=1753472116622 cb=1753431490977 ce=1753472103489 disk=0 all=3
07-26 01:05:32.370  1725  2177 D CompatibilityChangeReporter: Compat change id reported: 135634846; UID 10099; state: DISABLED
07-26 01:05:32.371  1725  2177 D CompatibilityChangeReporter: Compat change id reported: 177438394; UID 10099; state: DISABLED
07-26 01:05:32.371  1725  2177 D CompatibilityChangeReporter: Compat change id reported: 135772972; UID 10099; state: DISABLED
07-26 01:05:32.372  1725  2177 D CompatibilityChangeReporter: Compat change id reported: 135754954; UID 10099; state: ENABLED
07-26 01:05:32.373  1725  1966 D CompatibilityChangeReporter: Compat change id reported: 143937733; UID 10099; state: ENABLED
07-26 01:05:32.414  1725  1966 I ActivityManager: Start proc 32333:com.google.android.partnersetup/u0a99 for service {com.google.android.partnersetup/com.google.android.partnersetup.InstalledAppJobService}
07-26 01:05:32.447  1725  1966 W ContextImpl: Calling a method in the system process without a qualified user: android.app.ContextImpl.sendBroadcast:1232 com.android.server.am.OplusAppStartupConfig.sendAbnormalNotify:1623 com.android.server.am.OplusAppStartupConfig.notifyAbnormalInfo:1556 com.android.server.am.OplusAppStartupManager.handleStartAppInfo:5142 com.android.server.am.ProcessListExtImpl.hookHandleProcessStart:239 
07-26 01:05:32.470  1725  2673 D CompatibilityChangeReporter: Compat change id reported: 168419799; UID 10099; state: DISABLED
07-26 01:05:32.471  1725  2673 D CompatibilityChangeReporter: Compat change id reported: 273564678; UID 10099; state: DISABLED
07-26 01:05:32.471  1725  2673 D ActivityTaskManagerServiceExtImpl: preBindApplication record is null
07-26 01:05:32.480  1725  2177 D CompatibilityChangeReporter: Compat change id reported: 265195908; UID 10099; state: ENABLED
07-26 01:05:32.483  1725  1916 D OplusInterceptLockScreenWindow: starting IOplusLockScreenCallbacks service...
07-26 01:05:32.495  1725  2839 D CompatibilityChangeReporter: Compat change id reported: 170503758; UID 10099; state: ENABLED
07-26 01:05:32.549 32333 32333 D ResourcesManagerExtImpl: applyConfigurationToAppResourcesLocked app.getDisplayId() return callback.displayId:-1
07-26 01:05:32.564  1725  2839 D CompatibilityChangeReporter: Compat change id reported: 253665015; UID 10099; state: ENABLED
07-26 01:05:32.564  1725  2839 D CompatibilityChangeReporter: Compat change id reported: 194532703; UID 10099; state: ENABLED
07-26 01:05:32.570  1725  2839 I ActivityManager: Flag disabled. Ignoring finishAttachApplication from uid: 10099. pid: 32333
07-26 01:05:32.619  1725  2839 W JobScheduler: Job didn't exist in JobStore: #com.google.android.partnersetup/4096
07-26 01:05:32.682  1725  2200 V AlarmManager: sending alarm Alarm{b1751ac type 2 origWhen 508253261 whenElapsed 508253261 com.facebook.katana} uid 10279 whenElapsed 508253261 windowLength 89997 maxWhenElapsed 508343258 repeatInterval 0 action WakingExecutorService.ACTION_ALARM.com.facebook.katana.Mqtt_Wakeup component null flags 0x8 procName com.facebook.katana
07-26 01:05:32.692  1725  2200 V AlarmManager: sending alarm Alarm{e660e0a type 2 origWhen 508257026 whenElapsed 508257026 com.facebook.services} uid 10226 whenElapsed 508257026 windowLength 224999 maxWhenElapsed 508482025 repeatInterval 0 action com.facebook.rti.fbns.intent.ACTION_ALARM.FBNS_SCHEDULED_REDELIVERY component null flags 0x20 procName com.facebook.services
07-26 01:05:32.695  1725  2200 V AlarmManager: sending alarm Alarm{f77367b type 3 origWhen 508268501 whenElapsed 508268501 android} uid 1000 whenElapsed 508268501 windowLength 0 maxWhenElapsed 508268501 repeatInterval 0 action null component null tag *job.delay* flags 0x0 procName system_server
07-26 01:05:32.695  1725  2200 V AlarmManager: sending alarm Alarm{25d6cf1 type 2 origWhen 508268501 whenElapsed 508268501 android} uid 1000 whenElapsed 508268501 windowLength 0 maxWhenElapsed 508268501 repeatInterval 0 action null component null tag *job.deadline* flags 0x0 procName system_server
07-26 01:05:32.756  1725  2673 D CompatibilityChangeReporter: Compat change id reported: 261072174; UID 10099; state: ENABLED
07-26 01:05:32.910  1725  2200 V AlarmManager: sending alarm Alarm{a2386f8 type 2 origWhen 508268744 whenElapsed 508268744 android} uid 1000 whenElapsed 508268744 windowLength 0 maxWhenElapsed 508268744 repeatInterval 0 action null component null tag *job.deadline* flags 0x0 procName system_server
07-26 01:05:33.075  1725  2200 V AlarmManager: sending alarm Alarm{48cc20e type 2 origWhen 508268911 whenElapsed 508268911 android} uid 1000 whenElapsed 508268911 windowLength 0 maxWhenElapsed 508268911 repeatInterval 0 action null component null tag *job.deadline* flags 0x0 procName system_server
07-26 01:05:33.162  1725  2673 D CompatibilityChangeReporter: Compat change id reported: 135634846; UID 10115; state: DISABLED
07-26 01:05:33.163  1725  2673 D CompatibilityChangeReporter: Compat change id reported: 177438394; UID 10115; state: DISABLED
07-26 01:05:33.163  1725  2673 D CompatibilityChangeReporter: Compat change id reported: 135772972; UID 10115; state: DISABLED
07-26 01:05:33.163  1725  2673 D CompatibilityChangeReporter: Compat change id reported: 135754954; UID 10115; state: ENABLED
07-26 01:05:33.165  1725  1966 D CompatibilityChangeReporter: Compat change id reported: 143937733; UID 10115; state: ENABLED
07-26 01:05:33.202  1725  1966 I ActivityManager: Start proc 32360:com.google.process.gapps/u0a115 for content provider {com.google.android.gsf/com.google.android.gsf.settings.GoogleSettingsProvider}
07-26 01:05:33.259  1725  2673 D CompatibilityChangeReporter: Compat change id reported: 168419799; UID 10115; state: DISABLED
07-26 01:05:33.259  1725  2673 D CompatibilityChangeReporter: Compat change id reported: 273564678; UID 10115; state: DISABLED
07-26 01:05:33.259  1725  2673 D ActivityTaskManagerServiceExtImpl: preBindApplication record is null
07-26 01:05:33.293  1725  2673 D CompatibilityChangeReporter: Compat change id reported: 170503758; UID 10115; state: ENABLED
07-26 01:05:33.338 32360 32360 D ResourcesManagerExtImpl: applyConfigurationToAppResourcesLocked app.getDisplayId() return callback.displayId:-1
07-26 01:05:33.382  1725  2839 I ActivityManager: Flag disabled. Ignoring finishAttachApplication from uid: 10115. pid: 32360
07-26 01:05:33.392  1725  2839 D VRR [OPlusExternalRefreshRateManager]: isPkgTfcEnable: pkgName = com.google.android.gsf, enable = false
07-26 01:05:33.392  1725  2839 D VRR [OPlusExternalRefreshRateManager]: getTfcMinFramerate: pkgName = com.google.android.gsf, min framerate = 0
07-26 01:05:33.517  1725  1971 D CompatibilityChangeReporter: Compat change id reported: 135634846; UID 10143; state: DISABLED
07-26 01:05:33.518  1725  1966 D CompatibilityChangeReporter: Compat change id reported: 143937733; UID 10143; state: ENABLED
07-26 01:05:33.550  1725  1966 I ActivityManager: Start proc 32376:com.android.chrome/u0a143 for broadcast {com.android.chrome/com.google.android.apps.chrome.rlz.RevenueStatsConfigurationUpdateReceiver}
07-26 01:05:33.601  1725  2673 D CompatibilityChangeReporter: Compat change id reported: 168419799; UID 10143; state: DISABLED
07-26 01:05:33.603  1725  2673 D CompatibilityChangeReporter: Compat change id reported: 273564678; UID 10143; state: DISABLED
07-26 01:05:33.603  1725  2673 D ActivityTaskManagerServiceExtImpl: preBindApplication record is null
07-26 01:05:33.619  1725  2177 D CompatibilityChangeReporter: Compat change id reported: 265195908; UID 10143; state: ENABLED
07-26 01:05:33.644  1725  2839 D CompatibilityChangeReporter: Compat change id reported: 170503758; UID 10143; state: ENABLED
07-26 01:05:33.795 32376 32376 D ResourcesManagerExtImpl: applyConfigurationToAppResourcesLocked app.getDisplayId() return callback.displayId:-1
07-26 01:05:33.839  1725  2839 D CompatibilityChangeReporter: Compat change id reported: 161145287; UID 10143; state: ENABLED
07-26 01:05:33.840  1725  2673 I ActivityManager: Flag disabled. Ignoring finishAttachApplication from uid: 10143. pid: 32376
07-26 01:05:39.579  1725  2839 D CompatibilityChangeReporter: Compat change id reported: 161145287; UID 10099; state: ENABLED
07-26 01:06:03.682  1725  1965 D ProcessCpuTrackerExtImpl: mContext is already set, return now! 
07-26 01:07:01.054  1725  5193 D UsageStatsService: User[0] type=0 b=1753471997101 e=1753472221053 cb=1753437634506 ce=1753472133159 disk=0 all=1
07-26 01:07:07.730  1725  4600 D CompatibilityChangeReporter: Compat change id reported: 135634846; UID 10238; state: DISABLED
07-26 01:07:07.730  1725  4600 D CompatibilityChangeReporter: Compat change id reported: 177438394; UID 10238; state: DISABLED
07-26 01:07:07.731  1725  4600 D CompatibilityChangeReporter: Compat change id reported: 135772972; UID 10238; state: DISABLED
07-26 01:07:07.731  1725  4600 D CompatibilityChangeReporter: Compat change id reported: 135754954; UID 10238; state: ENABLED
07-26 01:07:07.732  1725  1966 D CompatibilityChangeReporter: Compat change id reported: 143937733; UID 10238; state: ENABLED
07-26 01:07:07.773  1725  1966 I ActivityManager: Start proc 32415:com.google.android.apps.messaging/u0a238 for content provider {com.google.android.apps.messaging/com.google.android.apps.messaging.shared.datamodel.provider.sharedstorage.SharedStorageProvider}
07-26 01:07:07.832  1725  4600 D CompatibilityChangeReporter: Compat change id reported: 168419799; UID 10238; state: DISABLED
07-26 01:07:07.833  1725  4600 D CompatibilityChangeReporter: Compat change id reported: 273564678; UID 10238; state: DISABLED
07-26 01:07:07.833  1725  4600 D ActivityTaskManagerServiceExtImpl: preBindApplication record is null
07-26 01:07:07.847  1725  1916 D OplusInterceptLockScreenWindow: starting IOplusLockScreenCallbacks service...
07-26 01:07:07.857  1725  4600 D CompatibilityChangeReporter: Compat change id reported: 170503758; UID 10238; state: ENABLED
07-26 01:07:08.079 32415 32415 D ResourcesManagerExtImpl: applyConfigurationToAppResourcesLocked app.getDisplayId() return callback.displayId:-1
07-26 01:07:08.110  1725  4600 D CompatibilityChangeReporter: Compat change id reported: 161145287; UID 10238; state: ENABLED
07-26 01:07:08.231  1725  4318 I ActivityManager: Flag disabled. Ignoring finishAttachApplication from uid: 10238. pid: 32415
07-26 01:07:08.603  1725  4318 W PackageManager: package com.google.android.apps.messaging uid 10238 pid 32415 call SetEnabledSetting(com.google.android.apps.messaging component = com.google.android.ims.binding.SystemBindingService, 1, 0)
07-26 01:07:08.626  1725  4318 W PackageManager: package com.google.android.apps.messaging uid 10238 pid 32415 call SetEnabledSetting(com.google.android.apps.messaging component = com.google.android.apps.messaging.auto.MessagingTemplateScreenServiceModule, 1, 0)
07-26 01:07:08.719  1725  4600 D CompatibilityChangeReporter: Compat change id reported: 253665015; UID 10238; state: ENABLED
07-26 01:07:08.720  1725  4600 D CompatibilityChangeReporter: Compat change id reported: 194532703; UID 10238; state: ENABLED
07-26 01:07:08.731  1725  4600 D CompatibilityChangeReporter: Compat change id reported: 271850009; UID 10238; state: ENABLED
07-26 01:07:13.045  1725  4318 E OplusCustomizeRestrictionManagerService: getMobileDataMode error :s == null
07-26 01:07:13.061  1725  4318 E OplusCustomizeRestrictionManagerService: getMobileDataMode error :s == null
07-26 01:07:13.068  1725  4318 E OplusCustomizeRestrictionManagerService: getMobileDataMode error :s == null
07-26 01:07:13.075  1725  4318 E OplusCustomizeRestrictionManagerService: getMobileDataMode error :s == null
07-26 01:07:16.622  1725  5193 D UsageStatsService: User[999] type=0 b=1753471997084 e=1753472236622 cb=1753431490977 ce=1753472103489 disk=0 all=1
07-26 01:07:16.778  1725  2242 I OplusStorageManagerFeature: TmemoryBetterySwitch: level=79 state=2
07-26 01:07:16.782  1725  2242 I OplusStorageManagerFeature: TmemoryBetterySwitch: action=0 state=2
07-26 01:07:16.785  1725  1725 D OplusFeatureEdrEnhanceBrightness: onReceive battery level=79 last=78
07-26 01:07:16.789  1725  2357 D OplusBatteryManager: getPsyBatteryRm: 3482
07-26 01:07:21.677  1725  4322 D CompatibilityChangeReporter: Compat change id reported: 171306433; UID 10115; state: ENABLED
07-26 01:07:21.678  1725  4322 D CompatibilityChangeReporter: Compat change id reported: 218533173; UID 10115; state: ENABLED
07-26 01:07:21.742  1725  1971 D CompatibilityChangeReporter: Compat change id reported: 135634846; UID 10118; state: DISABLED
07-26 01:07:21.743  1725  1971 D CompatibilityChangeReporter: Compat change id reported: 177438394; UID 10118; state: DISABLED
07-26 01:07:21.743  1725  1971 D CompatibilityChangeReporter: Compat change id reported: 135772972; UID 10118; state: DISABLED
07-26 01:07:21.744  1725  1971 D CompatibilityChangeReporter: Compat change id reported: 135754954; UID 10118; state: ENABLED
07-26 01:07:21.745  1725  1966 D CompatibilityChangeReporter: Compat change id reported: 143937733; UID 10118; state: ENABLED
07-26 01:07:21.790  1725  1966 I ActivityManager: Start proc 32478:com.google.android.googlequicksearchbox:googleapp/u0a118 for broadcast {com.google.android.googlequicksearchbox/com.google.firebase.iid.FirebaseInstanceIdReceiver}
07-26 01:07:21.844  1725  3015 D CompatibilityChangeReporter: Compat change id reported: 168419799; UID 10118; state: DISABLED
07-26 01:07:21.844  1725  3015 D CompatibilityChangeReporter: Compat change id reported: 273564678; UID 10118; state: DISABLED
07-26 01:07:21.845  1725  3015 D ActivityTaskManagerServiceExtImpl: preBindApplication record is null
07-26 01:07:21.858  1725  1916 D OplusInterceptLockScreenWindow: starting IOplusLockScreenCallbacks service...
07-26 01:07:21.886  1725  3015 D CompatibilityChangeReporter: Compat change id reported: 170503758; UID 10118; state: ENABLED
07-26 01:07:22.231 32478 32478 D ResourcesManagerExtImpl: applyConfigurationToAppResourcesLocked app.getDisplayId() return callback.displayId:-1
07-26 01:07:22.232  1725  4322 D CompatibilityChangeReporter: Compat change id reported: 161145287; UID 10118; state: ENABLED
07-26 01:07:22.631  1725  4600 I ActivityManager: Flag disabled. Ignoring finishAttachApplication from uid: 10118. pid: 32478
07-26 01:07:22.905  1725  4322 D CompatibilityChangeReporter: Compat change id reported: 271850009; UID 10118; state: ENABLED
07-26 01:07:22.906  1725  4322 D CompatibilityChangeReporter: Compat change id reported: 253665015; UID 10118; state: ENABLED
07-26 01:07:22.906  1725  4322 D CompatibilityChangeReporter: Compat change id reported: 194532703; UID 10118; state: ENABLED
07-26 01:07:23.293  1725  4322 I OplusStatusBarManagerServiceEnhance:  getTopIsFullscreen mTopIsFullscreen: false
07-26 01:07:23.293  1725  4322 W ActivityManager: Permission Denial: getTopApplicationInfo from pid=32478, uid=10118 requires oplus.permission.OPLUS_COMPONENT_SAFE
07-26 01:07:23.304  1725  1725 D NotificationService--OplusNotificationManagerServiceExtImpl: isForwardToAssistants: true, case : Is local notification
07-26 01:07:23.304  1725  1725 D NotificationService: This application enqueue notifications is need postDelayed mcsAssistantDelayTime: 200
07-26 01:07:23.306  1725  4600 W PackageManager: package com.google.android.apps.messaging uid 10238 pid 32415 call SetEnabledSetting(com.google.android.apps.messaging component = com.google.android.apps.messaging.shared.receiver.SmsReceiver, 2, 0)
07-26 01:07:23.308  1725  4600 W PackageManager: package com.google.android.apps.messaging uid 10238 pid 32415 call SetEnabledSetting(com.google.android.apps.messaging component = com.google.android.apps.messaging.shared.receiver.TelephonyChangeReceiver, 1, 0)
07-26 01:07:23.310  1725  4600 W PackageManager: package com.google.android.apps.messaging uid 10238 pid 32415 call SetEnabledSetting(com.google.android.apps.messaging component = com.google.android.apps.messaging.shared.receiver.DefaultSmsPackageChangedReceiver, 1, 0)
07-26 01:07:23.311  1725  4600 W PackageManager: package com.google.android.apps.messaging uid 10238 pid 32415 call SetEnabledSetting(com.google.android.apps.messaging component = com.google.android.apps.messaging.shared.receiver.RestoreReceiver, 1, 0)
07-26 01:07:23.314  1725  4600 W PackageManager: package com.google.android.apps.messaging uid 10238 pid 32415 call SetEnabledSetting(com.google.android.apps.messaging component = com.google.android.apps.messaging.shared.receiver.SmsRejectedReceiver, 2, 0)
07-26 01:07:23.323  1725  4600 W PackageManager: package com.google.android.apps.messaging uid 10238 pid 32415 call SetEnabledSetting(com.google.android.apps.messaging component = com.google.android.apps.messaging.ui.conversationlist.VideoShareIntentActivity, 1, 0)
07-26 01:07:23.327  1725  4322 I OplusStatusBarManagerServiceEnhance:  getTopIsFullscreen mTopIsFullscreen: false
07-26 01:07:23.328  1725  4322 W ActivityManager: Permission Denial: getTopApplicationInfo from pid=32478, uid=10118 requires oplus.permission.OPLUS_COMPONENT_SAFE
07-26 01:07:23.331  1725  1725 D NotificationService--OplusNotificationManagerServiceExtImpl: isForwardToAssistants: true, case : Is local notification
07-26 01:07:23.331  1725  1725 D NotificationService: This application enqueue notifications is need postDelayed mcsAssistantDelayTime: 200
07-26 01:07:23.379  1725  4318 W PackageManager: package com.google.android.apps.messaging uid 10238 pid 32415 call SetEnabledSetting(com.google.android.apps.messaging component = com.google.android.apps.messaging.shared.simstatetracker.AsyncTelephonySimStateReceiver, 2, 0)
07-26 01:07:23.646  1725  3015 D CompatibilityChangeReporter: Compat change id reported: 161252188; UID 10115; state: DISABLED
07-26 01:07:23.796  1725  3015 W PackageManager: package com.google.android.apps.messaging uid 10238 pid 32415 call SetEnabledSetting(com.google.android.apps.messaging component = com.google.android.ims.binding.SystemBindingService, 1, 0)
07-26 01:07:23.820  1725  4318 W PackageManager: package com.google.android.apps.messaging uid 10238 pid 32415 call SetEnabledSetting(com.google.android.apps.messaging component = com.google.android.apps.messaging.shared.fcm.impl.BugleFirebaseMessagingService, 1, 0)
07-26 01:07:23.820  1725  3015 W PackageManager: package com.google.android.apps.messaging uid 10238 pid 32415 call SetEnabledSetting(com.google.android.apps.messaging component = com.google.android.ims.binding.SystemBindingService, 1, 0)
07-26 01:07:23.945  1725  4600 D CompatibilityChangeReporter: Compat change id reported: 135634846; UID 99356; state: DISABLED
07-26 01:07:23.945  1725  4600 D CompatibilityChangeReporter: Compat change id reported: 177438394; UID 99356; state: DISABLED
07-26 01:07:23.945  1725  4600 D CompatibilityChangeReporter: Compat change id reported: 135772972; UID 99356; state: DISABLED
07-26 01:07:23.945  1725  4600 D CompatibilityChangeReporter: Compat change id reported: 135754954; UID 99356; state: ENABLED
07-26 01:07:23.947  1725  1966 D CompatibilityChangeReporter: Compat change id reported: 143937733; UID 10118; state: ENABLED
07-26 01:07:23.986  1725  1966 I ActivityManager: Start proc 32608:com.google.android.webview:sandboxed_process0:org.chromium.content.app.SandboxedProcessService0:0/u0i356 for  {com.google.android.googlequicksearchbox/org.chromium.content.app.SandboxedProcessService0:0}
07-26 01:07:24.036  1725  4318 D ActivityTaskManagerServiceExtImpl: preBindApplication record is null
07-26 01:07:24.047  1725  1916 D OplusInterceptLockScreenWindow: starting IOplusLockScreenCallbacks service...
07-26 01:07:24.121  1725  4318 W PackageManager: package com.google.android.apps.messaging uid 10238 pid 32415 call SetEnabledSetting(com.google.android.apps.messaging component = com.google.android.apps.messaging.auto.MessagingTemplateScreenServiceModule, 1, 0)
07-26 01:07:24.129 32608 32608 D ResourcesManagerExtImpl: applyConfigurationToAppResourcesLocked app.getDisplayId() return callback.displayId:-1
07-26 01:07:24.130  1725  3015 I ActivityManager: Flag disabled. Ignoring finishAttachApplication from uid: 99356. pid: 32608
07-26 01:07:24.176  1725  2673 W ProcessStats: Tracking association SourceState{39bb62a com.google.android.apps.messaging/10238 Service #577977} whose proc state 8 is better than process ProcessState{3fc2581 com.google.android.gms/10115 pkg=com.google.android.gms} proc state 13 (16 skipped)
07-26 01:07:24.258  1725  2673 D CompatibilityChangeReporter: Compat change id reported: 135634846; UID 10149; state: DISABLED
07-26 01:07:24.258  1725  2673 D CompatibilityChangeReporter: Compat change id reported: 177438394; UID 10149; state: DISABLED
07-26 01:07:24.258  1725  2673 D CompatibilityChangeReporter: Compat change id reported: 135772972; UID 10149; state: DISABLED
07-26 01:07:24.259  1725  2673 D CompatibilityChangeReporter: Compat change id reported: 135754954; UID 10149; state: ENABLED
07-26 01:07:24.259  1725  1966 D CompatibilityChangeReporter: Compat change id reported: 143937733; UID 10149; state: ENABLED
07-26 01:07:24.273  1725  2673 D CompatibilityChangeReporter: Compat change id reported: 135634846; UID 10262; state: DISABLED
07-26 01:07:24.273  1725  2673 D CompatibilityChangeReporter: Compat change id reported: 177438394; UID 10262; state: DISABLED
07-26 01:07:24.273  1725  2673 D CompatibilityChangeReporter: Compat change id reported: 135772972; UID 10262; state: DISABLED
07-26 01:07:24.273  1725  2673 D CompatibilityChangeReporter: Compat change id reported: 135754954; UID 10262; state: ENABLED
07-26 01:07:24.290  1725  1966 I ActivityManager: Start proc 32645:com.google.android.webview:webview_service/u0a149 for service {com.google.android.webview/org.chromium.android_webview.services.ComponentsProviderService}
07-26 01:07:24.291  1725  1966 D CompatibilityChangeReporter: Compat change id reported: 143937733; UID 10262; state: ENABLED
07-26 01:07:24.312  1725  1966 I ActivityManager: Start proc 32649:com.google.android.adservices.api/u0a262 for service {com.google.android.adservices.api/com.android.adservices.measurement.MeasurementService}
07-26 01:07:24.361  1725  2839 D CompatibilityChangeReporter: Compat change id reported: 168419799; UID 10149; state: DISABLED
07-26 01:07:24.361  1725  2839 D CompatibilityChangeReporter: Compat change id reported: 273564678; UID 10149; state: DISABLED
07-26 01:07:24.362  1725  2839 D ActivityTaskManagerServiceExtImpl: preBindApplication record is null
07-26 01:07:24.368  1725  2177 D CompatibilityChangeReporter: Compat change id reported: 265195908; UID 10149; state: ENABLED
07-26 01:07:24.372  1725  3573 D CompatibilityChangeReporter: Compat change id reported: 168419799; UID 10262; state: DISABLED
07-26 01:07:24.372  1725  3573 D CompatibilityChangeReporter: Compat change id reported: 273564678; UID 10262; state: DISABLED
07-26 01:07:24.372  1725  3573 D ActivityTaskManagerServiceExtImpl: preBindApplication record is null
07-26 01:07:24.380  1725  2177 D CompatibilityChangeReporter: Compat change id reported: 265195908; UID 10262; state: ENABLED
07-26 01:07:24.477  1725  2839 D CompatibilityChangeReporter: Compat change id reported: 170503758; UID 10149; state: ENABLED
07-26 01:07:24.491  1725  2839 D CompatibilityChangeReporter: Compat change id reported: 170503758; UID 10262; state: ENABLED
07-26 01:07:24.658 32645 32645 D ResourcesManagerExtImpl: applyConfigurationToAppResourcesLocked app.getDisplayId() return callback.displayId:-1
07-26 01:07:24.679  1725  2673 I ActivityManager: Flag disabled. Ignoring finishAttachApplication from uid: 10149. pid: 32645
07-26 01:07:24.695  1725  2673 D CompatibilityChangeReporter: Compat change id reported: 261072174; UID 10149; state: ENABLED
07-26 01:07:25.017 32649 32649 I Quality : GetResourcesInfo:384025538,/apex/com.android.adservices/priv-app/AdServicesApkGoogle@360650020/AdServicesApkGoogle.apk
07-26 01:07:25.070 32649 32649 D ResourcesManagerExtImpl: applyConfigurationToAppResourcesLocked app.getDisplayId() return callback.displayId:-1
07-26 01:07:25.160  1725  3015 I ActivityManager: Flag disabled. Ignoring finishAttachApplication from uid: 10262. pid: 32649
07-26 01:07:25.180  1725  2673 D CompatibilityChangeReporter: Compat change id reported: 319212206; UID 10118; state: ENABLED
07-26 01:07:26.755  1725  3015 I ActivityManager: Killing 32094:com.coloros.weather.service/u0a173 (adj 975): empty #17
07-26 01:07:26.845  1725  1899 D DisplayManagerService: Drop pending events for gone uid 10173
07-26 01:07:26.864  1725  5725 I ActivityManager: Killing 29893:com.oplus.romupdate/u0a175 (adj 985): empty #17
07-26 01:07:26.949  1725  1899 D DisplayManagerService: Drop pending events for gone uid 10175
07-26 01:07:29.704  1725  2673 I ActivityManager: com.android.providers.contacts is exempt from freezer
07-26 01:07:29.705  1725  2673 D CompatibilityChangeReporter: Compat change id reported: 135634846; UID 10063; state: DISABLED
07-26 01:07:29.705  1725  2673 D CompatibilityChangeReporter: Compat change id reported: 177438394; UID 10063; state: DISABLED
07-26 01:07:29.705  1725  2673 D CompatibilityChangeReporter: Compat change id reported: 135772972; UID 10063; state: DISABLED
07-26 01:07:29.705  1725  2673 D CompatibilityChangeReporter: Compat change id reported: 135754954; UID 10063; state: ENABLED
07-26 01:07:29.705  1725  1966 D CompatibilityChangeReporter: Compat change id reported: 143937733; UID 10063; state: ENABLED
07-26 01:07:29.729  1725  1966 I ActivityManager: Start proc 32734:android.process.acore/u0a63 for content provider {com.android.providers.contacts/com.android.providers.contacts.ContactsProvider2}
07-26 01:07:29.786  1725  2673 D CompatibilityChangeReporter: Compat change id reported: 168419799; UID 10063; state: DISABLED
07-26 01:07:29.786  1725  2673 D CompatibilityChangeReporter: Compat change id reported: 273564678; UID 10063; state: DISABLED
07-26 01:07:29.786  1725  2673 D ActivityTaskManagerServiceExtImpl: preBindApplication record is null
07-26 01:07:29.794  1725  2177 D CompatibilityChangeReporter: Compat change id reported: 265195908; UID 10063; state: ENABLED
07-26 01:07:29.800  1725  1916 D OplusInterceptLockScreenWindow: starting IOplusLockScreenCallbacks service...
07-26 01:07:29.826  1725  2673 D CompatibilityChangeReporter: Compat change id reported: 170503758; UID 10063; state: ENABLED
07-26 01:07:29.944 32734 32734 D ResourcesManagerExtImpl: applyConfigurationToAppResourcesLocked app.getDisplayId() return callback.displayId:-1
07-26 01:07:29.971 32734 32734 D OplusInputMethodUtil: init sDebug to false, init sDebugIme to false, init sAlwaysOn to false
07-26 01:07:29.973 32734 32734 D OplusInputMethodUtil: updateDebugToClass InputMethodManager.DEBUG = false
07-26 01:07:29.973 32734 32734 D OplusInputMethodUtil: updateDebugToClass ImeFocusController.DEBUG = false
07-26 01:07:29.973 32734 32734 D OplusInputMethodUtil: updateDebugToClass BaseInputConnection.DEBUG = false
07-26 01:07:30.038  1725  2673 D CompatibilityChangeReporter: Compat change id reported: 161145287; UID 10063; state: ENABLED
07-26 01:07:30.133  1725  4322 I ActivityManager: Flag disabled. Ignoring finishAttachApplication from uid: 10063. pid: 32734
07-26 01:07:30.570  1725  2673 D CompatibilityChangeReporter: Compat change id reported: 201794303; UID 10063; state: ENABLED
07-26 01:07:30.571  1725  2673 D CompatibilityChangeReporter: Compat change id reported: 207133734; UID 10063; state: ENABLED
07-26 01:07:36.782  1725  2839 I ActivityManager: Killing 31908:com.google.process.gapps/u999a115 (adj 965): empty #17
07-26 01:07:36.786  1725  2839 I ActivityManager: Killing 31411:com.coloros.alarmclock:clockWidget/u0a160 (adj 975): empty #18
07-26 01:07:36.791  1725  2839 I ActivityManager: Killing 32106:com.oplus.notificationmanager/1000 (adj 975): empty #19
07-26 01:07:36.884  1725  5727 W ProcessStats: Tracking association SourceState{fe41ce8 system/1000 Persist #578048} whose proc state 0 is better than process ProcessState{3f8f861 com.google.android.providers.media.module/10275 pkg=com.google.android.providers.media.module} proc state 1 (29 skipped)
07-26 01:07:36.909  1725  1899 D DisplayManagerService: Drop pending events for gone uid 10160
07-26 01:08:02.123  1725  2232 I OplusJoystickManager: read game pad state for game manager -> false
07-26 01:08:02.123  1725  2232 W OplusJoystickManager: mInterceptGamepadKey is false
07-26 01:08:02.124  1725  2232 D OplusCustomizeRestrictionManagerService: isLongPressVolumeUpDisabled start
07-26 01:08:02.125  1725  2232 D StrategyBlackscreenshot: notifyKeyBeforeQueueing, event=KeyEvent { action=ACTION_DOWN, keyCode=KEYCODE_F4, scanCode=62, metaState=0, flags=0x8, repeatCount=0, eventTime=152611842377000, downTime=152611842377000, deviceId=4, source=0x101, displayId=-1 }, interactive=false
07-26 01:08:02.129  1725  2232 I OplusJoystickManager: read game pad state for game manager -> false
07-26 01:08:02.129  1725  2232 W OplusJoystickManager: mInterceptGamepadKey is false
07-26 01:08:02.129  1725  2232 D OplusCustomizeRestrictionManagerService: isLongPressVolumeUpDisabled start
07-26 01:08:02.129  1725  2232 D StrategyBlackscreenshot: notifyKeyBeforeQueueing, event=KeyEvent { action=ACTION_UP, keyCode=KEYCODE_F4, scanCode=62, metaState=0, flags=0x8, repeatCount=0, eventTime=152611842455000, downTime=152611842377000, deviceId=4, source=0x101, displayId=-1 }, interactive=false
07-26 01:08:02.131  1725  2231 D PowerManagerService: userActivityNoUpdateLocked: groupId=0, eventTime=152611842, event=button, flags=0x0, uid=1000
07-26 01:08:02.148  1725  4322 D OplusAONSmartDim: onWakeLockAcquireLocked: lock=99460554, flags=0x3000001a, packageName=com.android.systemui, tag="OplusBlackScreenGestureDoubleTapController:blackGestureWake", ws=null, uid=10197, pid=2461
07-26 01:08:02.150  1725  4322 I PowerManagerService: Allowing device wake-up from app com.android.systemui
07-26 01:08:02.151  1725  4322 E Biometrics_DEBUG: execute mBlockReasonList.clear
07-26 01:08:02.151  1725  4322 I DisplayManagerService: unblockScreenOnByBiometrics displayId = 0
07-26 01:08:02.151  1725  4322 D OplusFeatureAOD: notifySfUnBlockScreenOn
07-26 01:08:02.151  1725  4322 D OplusPowerManagerHelper: scheduleNotifyStopDream
07-26 01:08:02.152  1725  4322 D OplusPowerManagerHelper: [onWakeUp]
07-26 01:08:02.152  1725  1991 D OplusPowerManagerHelper: handleMessage:102
07-26 01:08:02.152  1725  1991 D OplusPowerManagerHelper: MSG_STOP_DEAM
07-26 01:08:02.153  1725  4322 E OplusCustomizeRestrictionManagerService: isBiometricDisabled start
07-26 01:08:02.154  1725  4322 D OplusPowerManagerHelper: [requestKeyguard]
07-26 01:08:02.156  1725  4322 I PowerGroup: Waking up power group from Asleep (groupId=0, uid=10197, reason=WAKE_REASON_APPLICATION, details=OplusBlackScreenGestureDoubleTapController:blackGestureWake)...
07-26 01:08:02.156  1725  4322 D PowerManagerService: userActivityNoUpdateLocked: groupId=0, eventTime=152611891, event=other, flags=0x0, uid=10197
07-26 01:08:02.156  1725  4322 I PowerManagerService: Waking up from Asleep (uid=10197, reason=WAKE_REASON_APPLICATION, details=OplusBlackScreenGestureDoubleTapController:blackGestureWake)...
07-26 01:08:02.159  1725  1992 E ActivityManager: Cancel pending or running compactions as system is awake
07-26 01:08:02.162  1725  4322 D OplusVFXScreenEffectFeature: notifySFUpdateVFXEffectState state VFX_SCREEN_POWER_ON NeedNotify true
07-26 01:08:02.163  1725  1992 I ActivityManager: Killing 32204:com.google.process.gservices/u999a115 (adj 985): empty #17
07-26 01:08:02.171  1725  4322 D OplusScreenOffTorchHelper: onWakeUp
07-26 01:08:02.172  1725  4322 D DisplayPowerController[0]: requestPowerState: policy=BRIGHT, useProximitySensor=false, screenBrightnessOverride=-1.0, useAutoBrightness=false, screenAutoBrightnessAdjustmentOverride=NaN, screenLowPowerBrightnessFactor=1.0, blockScreenOn=false, lowPowerMode=false, boostScreenBrightness=false, dozeScreenBrightness=NaN, dozeScreenState=UNKNOWN, waitForNegativeProximity=false displayReady=false pendingRequest=true
07-26 01:08:02.173  1725  1993 I OplusSmartBrightnessController: handleMessage MSG_UPDATE_BRIGHTNESS_NO_ANIMATION changed:true
07-26 01:08:02.173  1725  4322 D DisplayManagerServiceExtImpl: request size(1,1),dpc=com.android.server.display.DisplayPowerController@750ee91 size(0,1),flags=0X200F,id(0,0,local:4627039422300187648),enable=true,ready=false,waitForNegativeProximity=false policy=BRIGHT,useProximitySensor=false,dozeState=UNKNOWN,screenBrightnessOverride=-1.000000,useAuto=false,lowPower=false,lowPowerFactor=1.000000
07-26 01:08:02.173  1725  1991 D OplusSmartBrightnessController: onScreenEvent isScreenOn displayId[0]=true isFolding=false policy=BRIGHT
07-26 01:08:02.173  1725  1998 D VRR [OPlusRefreshRateService]: handleScreenStateChange state: 2
07-26 01:08:02.176  1725  1992 W ProcessStats: Tracking association SourceState{fe41ce8 system/1000 Persist #578083} whose proc state 0 is better than process ProcessState{3f8f861 com.google.android.providers.media.module/10275 pkg=com.google.android.providers.media.module} proc state 1 (2 skipped)
07-26 01:08:02.176  1725  1991 D DisplayPowerState[0]: setScreenState: state=2
07-26 01:08:02.176  1725  1991 D BackLightStat: setScreenState: state changed:OFF->ON
07-26 01:08:02.176  1725  4322 D OplusAONSmartDim: onWakeLockReleaseLocked: lock=99460554, flags=0x3000001a, packageName=com.android.systemui, tag="OplusBlackScreenGestureDoubleTapController:blackGestureWake", ws=null, uid=10197, pid=2461
07-26 01:08:02.176  1725  4322 D PowerManagerService: userActivityNoUpdateLocked: groupId=0, eventTime=152611917, event=other, flags=0x1, uid=10197
07-26 01:08:02.177  1725  1991 I DisplayPowerController[0]: Blocking screen on until initial contents have been drawn.
07-26 01:08:02.180  1725  1991 D WindowManager: screenTurnedOn  Display{#0 state=OFF size=1080x2400 ROTATION_0}
07-26 01:08:02.191  1725  1992 W ContextImpl: Calling a method in the system process without a qualified user: android.app.ContextImpl.sendBroadcast:1232 com.android.server.am.OplusAppStartupConfig.handleCountRestrictedList:1385 com.android.server.am.OplusAppStartupManager.updateScreenStatus:5102 com.android.server.OplusSysStateManager$LocalService.onWakefulnessChanged:417 com.android.server.power.NotifierExtImpl.onWakefulnessChanged:130 
07-26 01:08:02.194  1725  1974 D KernelCpuUidUserSysTimeReader: Removing uids 99355-99355
07-26 01:08:02.195  1725  1992 D NotifierExtImpl: notifyScreenOnOff: on = true
07-26 01:08:02.195  1725  1992 D OplusPowerManagerServiceEnhance: notifyScreenOnOff on=true
07-26 01:08:02.202  1725  1725 V AlarmManager: sending alarm Alarm{98d2422 type 3 origWhen 508295837 whenElapsed 508295837 android} uid 1000 whenElapsed 508295837 windowLength 0 maxWhenElapsed 508295837 repeatInterval 0 action null component null tag TIME_TICK flags 0x9 procName system_server
07-26 01:08:02.207  2705  3586 D NAS-CallIssueController[0]: ActionsExecuteStateMachine recv msg:5
07-26 01:08:02.207  2705  3587 D NAS-CallIssueController[1]: ActionsExecuteStateMachine recv msg:5
07-26 01:08:02.214  1725  1725 D NotificationService: on screen turned on, screen locked:true
07-26 01:08:02.225  1725  4315 D OplusBatteryServiceFeature: nightstandby: status = 0
07-26 01:08:02.229  1725  1991 D DisplayPowerController[0]: animateScreenStateChange screen on blocked blocker=com.android.server.display.DisplayPowerController$ScreenOnUnblocker@6e6cf9c
07-26 01:08:02.231  1725  1991 I ColorAutomaticBrightnessController: updateAutoBrightness: Auto, sendUpdate = false adjustment=4013.725586,changed:1189->1189,modified:1189->1189->1189,changed=false,cameraMode=-1,ProximityNear=false
07-26 01:08:02.231  1725  1991 D OplusSmartBrightnessController: wakeup displayId[0]=1600 -> 0
07-26 01:08:02.232  1725  1991 D DisplayPowerController[0]: updatePowerStateInternal policy:OFF->BRIGHT,state:OFF->ON policy=BRIGHT, useProximitySensor=false, screenBrightnessOverride=-1.0, useAutoBrightness=false, screenAutoBrightnessAdjustmentOverride=NaN, screenLowPowerBrightnessFactor=1.0, blockScreenOn=false, lowPowerMode=false, boostScreenBrightness=false, dozeScreenBrightness=NaN, dozeScreenState=UNKNOWN
07-26 01:08:02.232  1725  1991 D DisplayPowerState[0]: updateRunnable run fadeLevle=0.0 state=ON brightness changed:551.0->-1.0
07-26 01:08:02.236  1725  2361 D DisplayPowerState[0]: Updating screen state: id=0, state=ON, backlight=-1.0, sdrBacklight=-1.0
07-26 01:08:02.238  1725   387 W ContextImpl: Calling a method in the system process without a qualified user: android.app.ContextImpl.sendBroadcast:1247 com.android.server.policy.PhoneWindowManagerExtImpl$4.run:1373 java.lang.Thread.run:1119 <bottom of call stack> <bottom of call stack> 
07-26 01:08:02.242  1725  2361 D OplusSmartBrightnessController: requestDisplayState isFirstDisplay=true state=2 globalDisplayState=0x2
07-26 01:08:02.242  1725  2361 D LocalDisplayAdapter: setDisplayState(id=4627039422300187648 isFirstDisplay=true state changed:OFF->ON) t-Name=PhotonicModulator
07-26 01:08:02.242  1725  1916 I DisplayDeviceRepository: Display device changed state: "Built-in Screen", ON
07-26 01:08:02.242  1725  1916 D LogicalDisplayExt: set displayInfo flag FLAG_ROTATES_WITH_CONTENT
07-26 01:08:02.251  1725  1916 D DisplayManagerServiceExtImpl: scheduleTraversalLocked intraversal=false
07-26 01:08:02.251  1725  1916 I DisplayManagerServiceExtImpl: handle logical display changed logicalDisplay=id=0,stack=0,content=true,displayInfo{stack=0,type=1,id=0,uId=local:4627039422300187648,state=ON,pkg=null}
07-26 01:08:02.252  1725  1916 D DisplayManagerService: Delivering display event: displayId=0, event=2
07-26 01:08:02.252  1725  1725 I WallpaperManagerServiceExt: removeDisplayData. displayId = 0
07-26 01:08:02.255  1725  2406 D OAppNetControlService: Screens on!
07-26 01:08:02.259  1725  1899 D OplusVFXScreenEffectFeature: notifySFCompatWindowStateChange entered false
07-26 01:08:02.260  1725  1899 D FlexibleWindowManager: physicalDisplayChangedForFlexibleWindow displayId 0, current display info 1080 x 2400, new display info 1080 x 2400
07-26 01:08:02.260  1725  1899 D FlexibleTaskController: onDisplayChanged displayId#0 ,cur:1080x2400 ,new:1080x2400
07-26 01:08:02.260  1725  1899 D FlexibleTaskController: onDisplayChanged displayId not support flexible.
07-26 01:08:02.260  1725  1899 D FlexibleWindowManager: physicalDisplayChangedForFlexibleWindow return for unsupported devices
07-26 01:08:02.260  1725  1899 D FSS_FoldScreenBlackCoverController: displayChangeToOn, dc:Display{#0 state=ON size=1080x2400 ROTATION_0}
07-26 01:08:02.264  1725  1918 D DisplayManagerService: performTraversalInternal pendingTraversal
07-26 01:08:02.264  1725  1918 D DisplayDevice: setLayerStackLocked id=local:4627039422300187648 token=android.os.BinderProxy@d3e07d8 stack=-1->0
07-26 01:08:02.264  1725  1918 I DisplayDevice: [0] Layerstack set to 0 for local:4627039422300187648
07-26 01:08:02.269  1725  1992 D OplusAlarmAdjustment: MSG_SCREEN_ON, mScreenOnElapsed=508418106 ms
07-26 01:08:02.269  1725  1992 D OplusAlarmAdjustMap: removeAlignUid, uid=0, requester=0
07-26 01:08:02.273  1725  2663 W NotificationHistory: Attempted to add notif for locked/gone/disabled user 0
07-26 01:08:02.276  1725  1916 D DisplayManagerService: Ignore redundant display event 0/2 to 10164/11368
07-26 01:08:02.276  1725  1916 D DisplayManagerService: Ignore redundant display event 0/2 to 10294/12787
07-26 01:08:02.276  1725  1916 D DisplayManagerService: Ignore redundant display event 0/2 to 10130/18481
07-26 01:08:02.277  1725  1916 D DisplayManagerService: Ignore redundant display event 0/2 to 10321/29492
07-26 01:08:02.277  1725  1916 D DisplayManagerService: Ignore redundant display event 0/2 to 10128/30470
07-26 01:08:02.278  1725  1916 D DisplayManagerService: MSG_REQUEST_TRAVERSAL pendingCompleted=false
07-26 01:08:02.282  1725  1775 D WindowManager: mKeyguardDelegate.ShowListener.onDrawn.
07-26 01:08:02.289  1725  1899 W WindowManager: Setting mKeyguardDrawComplete
07-26 01:08:02.289  1725  4318 D CompatibilityChangeReporter: Compat change id reported: 170503758; UID 99910115; state: ENABLED
07-26 01:08:02.301  2705  2984 V MonthTrafficAlert: getWarningNotification subId:1 numWarningNotificaion:0
07-26 01:08:02.301  2705  2984 V TrafficAlert: getLimitNotification subId:1 ,numLimitNotificaion:0
07-26 01:08:02.311  1725  1899 I WindowManager: Window{1f6531 u0 NotificationShade} state from HAS_DRAWN to DRAW_PENDING; reason: requestDrawIfNeeded
07-26 01:08:02.311  1725  1899 I WindowManager: Waiting for drawn Window{1f6531 u0 NotificationShade}: removed=false visible=true mHasSurface=true drawState=1
07-26 01:08:02.312  1725  1899 D OplusWindowAnimationManager: Is NotificationShade draw check disabled: false, win: Window{1f6531 u0 NotificationShade}, clientRotation: 0, isFullscreen: true, requestedWidth: 1080, requestedHeight: 2400, physicalHeight: 2400, physicalWidth: 1080
07-26 01:08:02.312  1725  1899 D WindowManager: waitForAllWindowsDrawn displayId=-1,false,message={ when=-1d18h23m32s52ms what=7 arg1=-1 target=com.android.server.policy.PhoneWindowManager$PolicyHandler }
07-26 01:08:02.316  1725  1918 I WindowManager: Waiting for drawn Window{1f6531 u0 NotificationShade}: removed=false visible=true mHasSurface=true drawState=1
07-26 01:08:02.316  1725  1918 D OplusWindowAnimationManager: Is NotificationShade draw check disabled: false, win: Window{1f6531 u0 NotificationShade}, clientRotation: 0, isFullscreen: true, requestedWidth: 1080, requestedHeight: 2400, physicalHeight: 2400, physicalWidth: 1080
07-26 01:08:02.329  1725  2839 I OplusAppSwitchManagerService: appswitch registerAppSwitchObserver pName = com@@heytap@@accessory observer = com.oplus.app.IOplusAppSwitchObserver$Stub$Proxy@c3c24b8 config = OplusAppSwitchConfig = {  mConfigs = {1=[TOM@@NM@@wirelesssettings@@bluetooth@@DevicePickerActivity, TOM@@android@@internal@@app@@ChooserActivity, TOM@@NM@@melody@@TOMponent@@discovery@@DiscoveryDialogActivity, TOM@@heytap@@smarthome@@webview@@PolicyWebviewActivityHalfScreen, TOM@@heytap@@smarthome@@ipc@@halfcreen@@HalfScreenDeviceFindActivity], 2=[]} observerFingerPrint = 179425707}
07-26 01:08:02.329  1725  2839 I OplusAppSwitchStateDispatcher: registerAppSwitchObserver addDynamicListener OK, info = OplusAppSwitchRuleInfo = {  observer = com.oplus.app.IOplusAppSwitchObserver$Stub$Proxy@c3c24b8 observerFingerPrint = 179425707} rule size =0
07-26 01:08:02.338  1725  1992 D AlarmWakeupCheck: SCREEN_ON: CntAlarmWakeup = 4
07-26 01:08:02.342  2461  2461 W VRI[NotificationShade]: handleResized, msg:5, frameChanged:false, configChanged:false, displayChanged:false, attachedFrameChanged:false, compatScaleChanged:false, pendingDragResizing=false
07-26 01:08:02.352  1725  4315 I WindowManager: Window{1f6531 u0 NotificationShade} state from DRAW_PENDING to COMMIT_DRAW_PENDING; reason: finishDrawingLocked
07-26 01:08:02.354  1725  1918 I WindowManager: Window{1f6531 u0 NotificationShade} state from COMMIT_DRAW_PENDING to READY_TO_SHOW; reason: commitFinishDrawingLocked
07-26 01:08:02.354  1725  1918 I WindowManager: Window{1f6531 u0 NotificationShade} state from READY_TO_SHOW to HAS_DRAWN; reason: performShowLocked
07-26 01:08:02.355  1725  1918 I WindowManager: Waiting for drawn Window{1f6531 u0 NotificationShade}: removed=false visible=true mHasSurface=true drawState=4
07-26 01:08:02.355  1725  1918 D OplusWindowAnimationManager: Is NotificationShade draw check disabled: false, win: Window{1f6531 u0 NotificationShade}, clientRotation: 0, isFullscreen: true, requestedWidth: 1080, requestedHeight: 2400, physicalHeight: 2400, physicalWidth: 1080
07-26 01:08:02.356  1725  1918 D WindowManager: All windows drawn!
07-26 01:08:02.359  1725  2187 D CompatibilityChangeReporter: Compat change id reported: 151105954; UID 1000; state: ENABLED
07-26 01:08:02.360  1725  1899 W WindowManager: All windows drawn on display -1
07-26 01:08:02.360  1725  1899 D FSS_FoldScreenBlackCoverController: finishWindowsDrawn, displayId:-1
07-26 01:08:02.363  1725  2187 E AppOps  : attributionTag  not declared in manifest of com.oplus.healthservice
07-26 01:08:02.364  1725  1899 I WindowManager: Finished screen turning on...0
07-26 01:08:02.364  1725  1899 D DpcExtImpl[0]: ScreenOnUnblocker, onScreenOn
07-26 01:08:02.364  1725  1991 I DisplayPowerController[0]: Unblocked screen on after 188 ms
07-26 01:08:02.364  1725  1991 D DisplayPowerState[0]: setColorFadeLevel: level=1.0
07-26 01:08:02.365  1725  1991 D OplusVFXScreenEffectFeature:  setColorFadeLevel 1.0
07-26 01:08:02.365  1725  1991 D OplusVFXScreenEffectFeature: notifySFUpdateVFXEffectState state BRIGHTNESS_CHANGED NeedNotify false
07-26 01:08:02.366  1725  2187 E AppOps  : attributionTag  not declared in manifest of com.oplus.healthservice
07-26 01:08:02.381  1725  2187 E AppOps  : attributionTag  not declared in manifest of com.oplus.healthservice
07-26 01:08:02.383  1725  2187 E AppOps  : attributionTag  not declared in manifest of com.oplus.healthservice
07-26 01:08:02.386  1725  1725 D OplusFeatureBrightnessBarController: screen state:true
07-26 01:08:02.406  1725  1993 I OplusSmartBrightnessController: handleMessage MSG_UPDATE_BRIGHTNESS_NO_ANIMATION changed:false
07-26 01:08:02.407  1725  1916 I DisplayDeviceRepository: Display device changed state: "Built-in Screen", ON
07-26 01:08:02.407  1725  1916 D LogicalDisplayExt: set displayInfo flag FLAG_ROTATES_WITH_CONTENT
07-26 01:08:02.409  1725  1991 D DisplayPowerController[0]: screenTurnedOn state=2 brightnessState=551.0 mustNotify=true
