07-26 01:08:15.904  1725  5725 I ActivityManager: Process com.google.android.webview:webview_service (pid 32645) has died: cch+15 CEM 
07-26 01:08:15.904  1725  1899 D OplusVFXScreenEffectFeature: notifySFCompatWindowStateChange entered false
07-26 01:08:15.904  1725  1899 D FlexibleWindowManager: physicalDisplayChangedForFlexibleWindow displayId 0, current display info 1080 x 2400, new display info 1080 x 2400
07-26 01:08:15.904  1725  1899 D FlexibleTaskController: onDisplayChanged displayId#0 ,cur:1080x2400 ,new:1080x2400
07-26 01:08:15.904  1725  1899 D FlexibleTaskController: onDisplayChanged displayId not support flexible.
07-26 01:08:15.904  1725  1899 D FlexibleWindowManager: physicalDisplayChangedForFlexibleWindow return for unsupported devices
07-26 01:08:15.904  1725  1899 D FSS_FoldScreenBlackCoverController: displayChangeToOn, dc:Display{#0 state=ON size=1080x2400 ROTATION_0}
07-26 01:08:15.906  1725  4325 I OplusAppSwitchManagerService:  handleAppVisible , r = ActivityRecord{5660667 u0 com.android.launcher/.Launcher t5}
07-26 01:08:15.906  1725  4325 D OplusTransitionController: finishTransition, transition: TransitionRecord{a9deb4f id=2377 type=OPEN flags=0x0}
07-26 01:08:15.906  1725  4325 D OplusTransitionAnimationManager: commitVisibilityWhenFinishTransition type=1, ar.isVisibleRequested=false, ar.isVisible=false, ar.isVisibleRequested=false, ar=ActivityRecord{24af2d7 u0 com.instagram.lite/com.facebook.lite.MainActivity t329} ar type 1 ar state :PAUSED displayid :0, participants={ActivityRecord{24af2d7 u0 com.instagram.lite/com.facebook.lite.MainActivity t329}, Task{4d444f1 #5 type=home I=com.android.launcher/.Launcher}, WallpaperWindowToken{51d58d3 token=android.os.Binder@c1062c2}, ActivityRecord{5660667 u0 com.android.launcher/.Launcher t5}, Task{bd999ae #1 type=home}, ActivityRecord{fa4182d u0 com.android.launcher/.Launcher t-1}}
07-26 01:08:15.906  1725  4325 D OplusTransitionAnimationManager: commitVisibilityWhenFinishTransition type=1, ar.isVisibleRequested=true, ar.isVisible=true, ar.isVisibleRequested=true, ar=ActivityRecord{5660667 u0 com.android.launcher/.Launcher t5} ar type 2 ar state :RESUMED displayid :0, participants={ActivityRecord{24af2d7 u0 com.instagram.lite/com.facebook.lite.MainActivity t329}, Task{4d444f1 #5 type=home I=com.android.launcher/.Launcher}, WallpaperWindowToken{51d58d3 token=android.os.Binder@c1062c2}, ActivityRecord{5660667 u0 com.android.launcher/.Launcher t5}, Task{bd999ae #1 type=home}, ActivityRecord{fa4182d u0 com.android.launcher/.Launcher t-1}}
07-26 01:08:15.906  1725  4325 D OplusTransitionAnimationManager: commitVisibilityWhenFinishTransition type=1, ar.isVisibleRequested=false, ar.isVisible=false, ar.isVisibleRequested=false, ar=ActivityRecord{fa4182d u0 com.android.launcher/.Launcher t-1} ar type 2 ar state :INITIALIZING displayid :-1, participants={ActivityRecord{24af2d7 u0 com.instagram.lite/com.facebook.lite.MainActivity t329}, Task{4d444f1 #5 type=home I=com.android.launcher/.Launcher}, WallpaperWindowToken{51d58d3 token=android.os.Binder@c1062c2}, ActivityRecord{5660667 u0 com.android.launcher/.Launcher t5}, Task{bd999ae #1 type=home}, ActivityRecord{fa4182d u0 com.android.launcher/.Launcher t-1}}
07-26 01:08:15.906  1725  4325 D TransitionController: NFW_send RECOMPUTE_FOCUS in finishTransition
07-26 01:08:15.907  2461  2629 D ShellTaskOrganizer: onTransitionFinish, isRecent:false
07-26 01:08:15.907  2461  2629 V WindowManagerShell: Track 0 became idle
07-26 01:08:15.907  2461  2629 V WindowManagerShell: All active transition animations finished
07-26 01:08:15.908  1725  1892 V WindowManager: Finish Transition #2377: created at 07-26 01:08:15.260 collect-started=0.025ms request-sent=15.203ms started=39.013ms ready=38.958ms sent=133.703ms finished=644.359ms
07-26 01:08:15.911  1725  1918 I TaskOrganizerController: onTaskInfoChanged taskid 329 config { mBounds=Rect(0, 0 - 1080, 2400) mAppBounds=Rect(0, 110 - 1080, 2268) mMaxBounds=Rect(0, 0 - 1080, 2400) mDisplayRotation=ROTATION_0 mWindowingMode=fullscreen mDisplayWindowingMode=fullscreen mActivityType=standard mAlwaysOnTop=undefined mRotation=ROTATION_0}
07-26 01:08:15.911  1725  1918 D FlexibleWindowManager: onFlexibleWindowTaskInfoChanged: mTaskId = 329 oldIsTaskEmbedded = false   curIsTaskEmbedded = false  topActivity = ComponentInfo{com.instagram.lite/com.facebook.lite.MainActivity}
07-26 01:08:15.911  1725  1918 D OplusFlexibleWindowMinimizedManagerHelper: onTaskInfoChanged taskInfo:TaskInfo{userId=0 taskId=329 displayId=0 isRunning=true baseIntent=Intent { act=android.intent.action.MAIN cat=[android.intent.category.LAUNCHER] flg=0x10200000 cmp=com.instagram.lite/com.facebook.lite.MainActivity mCallingUid=10194 } baseActivity=ComponentInfo{com.instagram.lite/com.facebook.lite.MainActivity} topActivity=ComponentInfo{com.instagram.lite/com.facebook.lite.MainActivity} origActivity=null realActivity=ComponentInfo{com.instagram.lite/com.facebook.lite.MainActivity} numActivities=1 lastActiveTime=508431104 supportsSplitScreenMultiWindow=true supportsMultiWindow=true supportsPocketStudioMultiWindow=true isInFlexibleEmbedded = false uid = 10325 pid = 898 resizeMode=1 isResizeable=true minWidth=-1 minHeight=-1 defaultMinSize=220 token=WCT{RemoteToken{b48c160 Task{4bd06ad #329 type=standard A=10325:com.instagram.lite}}} topActivityType=1 pictureInPictureParams=null shouldDockBigOverlays=false launchIntoPipHostTaskId=-1 lastParentTaskIdBeforePip=-1 displayCutoutSafeInsets=Rect(0, 110 - 0, 0) topActivityInfo=ActivityInfo{f2f218 com.facebook.lite.MainActivity} launchCookies=[] positionInParent=Point(0, 0) parentTaskId=-1 isFocused=false isVisible=false isVisibleRequested=false isSleeping=false topActivityInSizeCompat=false topActivityInOplusCompatMode=false topActivityEligibleForLetterboxEducation= false topActivityLetterboxed= false isFromDoubleTap= false topActivityLetterboxVerticalPosition= -1 topActivityLetterboxHorizontalPosition= -1 topActivityLetterboxWidth=-1 topActivityLetterboxHeight=-1 locusId=null displayAreaFeatureId=1 cameraCompatControlState=hidden locusId= null topActivityLetterboxInsets=Rect(0, 0 - 0, 0)} task:Task{4bd06ad #329 type=standard A=10325:com.instagram.lite}
07-26 01:08:15.911  2461  2629 D ShellTaskOrganizer: dispatchTaskEventToClientIfNeed, eventType:2, taskInfo:TaskInfo{userId=0 taskId=329 displayId=0 isRunning=true baseIntent=Intent { act=android.intent.action.MAIN cat=[android.intent.category.LAUNCHER] flg=0x10200000 cmp=com.instagram.lite/com.facebook.lite.MainActivity mCallingUid=10194 } baseActivity=ComponentInfo{com.instagram.lite/com.facebook.lite.MainActivity} topActivity=ComponentInfo{com.instagram.lite/com.facebook.lite.MainActivity} origActivity=null realActivity=ComponentInfo{com.instagram.lite/com.facebook.lite.MainActivity} numActivities=1 lastActiveTime=508431104 supportsSplitScreenMultiWindow=true supportsMultiWindow=true supportsPocketStudioMultiWindow=true isInFlexibleEmbedded = false uid = 10325 pid = 898 resizeMode=1 isResizeable=true minWidth=-1 minHeight=-1 defaultMinSize=220 token=WCT{android.window.IWindowContainerToken$Stub$Proxy@803c72f} topActivityType=1 pictureInPictureParams=null shouldDockBigOverlays=false launchIntoPipHostTaskId=-1 lastParentTaskIdBeforePip=-1 displayCutoutSafeInsets=Rect(0, 110 - 0, 0) topActivityInfo=ActivityInfo{da6513c com.facebook.lite.MainActivity} launchCookies=[] positionInParent=Point(0, 0) parentTaskId=-1 isFocused=false isVisible=false isVisibleRequested=false isSleeping=false topActivityInSizeCompat=false topActivityInOplusCompatMode=false topActivityEligibleForLetterboxEducation= false topActivityLetterboxed= false isFromDoubleTap= false topActivityLetterboxVerticalPosition= -1 topActivityLetterboxHorizontalPosition= -1 topActivityLetterboxWidth=-1 topActivityLetterboxHeight=-1 locusId=null displayAreaFeatureId=1 cameraCompatControlState=hidden locusId= null topActivityLetterboxInsets=Rect(0, 0 - 0, 0)}, leash:null
07-26 01:08:15.914  1725  1899 D DisplayManagerService: Drop pending events for gone uid 10149
07-26 01:08:15.916  1725  4322 D WindowManagerServiceExtImpl: extractConfigInfoAndRealFlags rotation=0, screenDp=360, win=Window{397d4ba u0 com.instagram.lite/com.facebook.lite.MainActivity}
07-26 01:08:15.917  1725  4322 V WindowManager: Relayout Window{397d4ba u0 com.instagram.lite/com.facebook.lite.MainActivity}: viewVisibility=8, oldvis=0, req=1080x2400, vsysui=LIGHT_STATUS_BAR
07-26 01:08:15.922   898   898 D VRI[MainActivity]: relayoutWindow result, sizeChanged:false, surfaceControlChanged:true, transformHintChanged:false, mSurfaceSize:Point(1080, 2400), mLastSurfaceSize:Point(1080, 2400), mWidth:1080, mHeight:2400, requestedWidth:1080, requestedHeight:2400, transformHint:0, lastTransformHint:0, installOrientation:0, displayRotation:0, isSurfaceValid:false, attr.flag:-2122252032, useBlast:true, tmpFrames:ClientWindowFrames{frame=[0,0][1080,2400] display=[0,0][1080,2400] parentFrame=[0,0][0,0]}
07-26 01:08:15.941  1725  5727 I ActivityManager: Process android.process.acore (pid 32734) has died: cch+5 CEM 
07-26 01:08:15.945  1725  4320 D TextToSpeechManagerPerUserService: Unbinding TTS engine: com.google.android.tts. Reason: client process death is reported
07-26 01:08:15.946  1725  3598 D TextToSpeechManagerPerUserService: Unbinding TTS engine: com.google.android.tts. Reason: client process death is reported
07-26 01:08:15.946  1725  3598 I WindowManager: WIN DEATH: Window{a403b2d u0 com.adobe.scan.android/com.adobe.scan.android.FileBrowserActivity}
07-26 01:08:15.950  1725  3598 D SnapshotCache: removeRunningEntry id: 323, callers=com.android.server.wm.SnapshotCache.onAppDied:79 com.android.server.wm.AbsAppSnapshotController.onAppDied:618 com.android.server.wm.SnapshotController.onAppDied:210 
07-26 01:08:15.951  1725  1899 D DisplayManagerService: Drop pending events for gone uid 10063
07-26 01:08:15.973  1725  2586 I ActivityManager: Process com.android.vending (pid 19271) has died: cch+40 CACC
07-26 01:08:15.976  1725  1899 D DisplayManagerService: Drop pending events for gone uid 10109
07-26 01:08:15.992  1725  2569 I ActivityManager: Process com.adobe.scan.android (pid 12787) has died: cch+30 CAC 
07-26 01:08:15.999  1725  1725 W TextToSpeechManagerPerUserService: Disconnected from TTS engine
07-26 01:08:16.000  1725  1725 I TextToSpeechManagerPerUserService: Failed running callback method: android.os.DeadObjectException
07-26 01:08:16.001  1725  1725 W TextToSpeechManagerPerUserService: Disconnected from TTS engine
07-26 01:08:16.001  1725  1725 I TextToSpeechManagerPerUserService: Failed running callback method: android.os.DeadObjectException
07-26 01:08:16.003  1725  1916 W ActivityManager: setHasOverlayUi called on unknown pid: 12787
07-26 01:08:16.009  1725  1899 D DisplayManagerService: Drop pending events for gone uid 10294
07-26 01:08:16.010  1725  1958 W UsageStatsService: Unexpected activity event reported! (com.adobe.scan.android/com.adobe.scan.android.FileBrowserActivity event : 23 instanceId : 34343051)
07-26 01:08:16.011  1725  2177 D CompatibilityChangeReporter: Compat change id reported: 265195908; UID 10325; state: ENABLED
07-26 01:08:16.029  1725  4325 D CompatibilityChangeReporter: Compat change id reported: 135634846; UID 10173; state: DISABLED
07-26 01:08:16.029  1725  4320 I WindowManager: Window{397d4ba u0 com.instagram.lite/com.facebook.lite.MainActivity} state from HAS_DRAWN to NO_SURFACE; reason: destroySurface
07-26 01:08:16.029  1725  4325 D CompatibilityChangeReporter: Compat change id reported: 177438394; UID 10173; state: DISABLED
07-26 01:08:16.029  1725  4325 D CompatibilityChangeReporter: Compat change id reported: 135772972; UID 10173; state: DISABLED
07-26 01:08:16.029  1725  4325 D CompatibilityChangeReporter: Compat change id reported: 135754954; UID 10173; state: ENABLED
07-26 01:08:16.030  1725  4320 D ActivityTaskManager: Clearing startingData for token=null
07-26 01:08:16.030  1725  1966 D CompatibilityChangeReporter: Compat change id reported: 143937733; UID 10173; state: ENABLED
07-26 01:08:16.039  1725  1966 I ActivityManager: Start proc 1427:com.coloros.weather.service/u0a173 for service {com.coloros.weather.service/com.oplus.weather.external.WeatherCommonService}
07-26 01:08:16.073  1725  4596 D CompatibilityChangeReporter: Compat change id reported: 161145287; UID 10274; state: ENABLED
07-26 01:08:16.074  1725  4315 D CompatibilityChangeReporter: Compat change id reported: 168419799; UID 10173; state: DISABLED
07-26 01:08:16.074  1725  4315 D CompatibilityChangeReporter: Compat change id reported: 273564678; UID 10173; state: DISABLED
07-26 01:08:16.075  1725  4315 D ActivityTaskManagerServiceExtImpl: preBindApplication record is null
07-26 01:08:16.103  1725  2839 D CompatibilityChangeReporter: Compat change id reported: 170503758; UID 10173; state: ENABLED
07-26 01:08:16.169  1427  1427 D ResourcesManagerExtImpl: applyConfigurationToAppResourcesLocked app.getDisplayId() return callback.displayId:-1
07-26 01:08:16.230  1725  4325 D CompatibilityChangeReporter: Compat change id reported: 319212206; UID 10173; state: ENABLED
07-26 01:08:16.233  1725  2839 D CompatibilityChangeReporter: Compat change id reported: 161145287; UID 10173; state: ENABLED
07-26 01:08:16.244  1725  4315 I ActivityManager: Flag disabled. Ignoring finishAttachApplication from uid: 10173. pid: 1427
07-26 01:08:16.252  1725  2839 W AppOps  : setUidMode() called with a mode inconsistent with runtime permission state, this is discouraged and you should revoke the runtime permission instead: uid=10227, switchCode=0, mode=4, permission=android.permission.ACCESS_BACKGROUND_LOCATION
07-26 01:08:16.336   898  1486 E ActivityThread: Failed to find provider info for com.whatsapp.provider.phoneid
07-26 01:08:16.343  1725  2839 D CompatibilityChangeReporter: Compat change id reported: 161252188; UID 10109; state: DISABLED
07-26 01:08:16.351  1725  4596 D CompatibilityChangeReporter: Compat change id reported: 135634846; UID 10109; state: DISABLED
07-26 01:08:16.351  1725  4596 D CompatibilityChangeReporter: Compat change id reported: 177438394; UID 10109; state: DISABLED
07-26 01:08:16.351  1725  4596 D CompatibilityChangeReporter: Compat change id reported: 135772972; UID 10109; state: DISABLED
07-26 01:08:16.351  1725  4596 D CompatibilityChangeReporter: Compat change id reported: 135754954; UID 10109; state: ENABLED
07-26 01:08:16.352  1725  1966 D CompatibilityChangeReporter: Compat change id reported: 143937733; UID 10109; state: ENABLED
07-26 01:08:16.365  1725  1966 I ActivityManager: Start proc 1503:com.android.vending/u0a109 for service {com.android.vending/com.google.android.finsky.externalreferrer.GetInstallReferrerService}
07-26 01:08:16.372  1725  2008 I AppsFilter: interaction: PackageSetting{1af6c61 com.android.microdroid.empty_payload/10272} -> PackageSetting{5a30798 com.instagram.lite/10325} BLOCKED
07-26 01:08:16.372  1725  2008 I AppsFilter: interaction: PackageSetting{363e447 com.oplus.locationproxy/10166} -> PackageSetting{5a30798 com.instagram.lite/10325} BLOCKED
07-26 01:08:16.372  1725  2008 I AppsFilter: interaction: PackageSetting{7000474 com.oplus.securitykeyboard/10170} -> PackageSetting{5a30798 com.instagram.lite/10325} BLOCKED
07-26 01:08:16.399  1725  4320 D CompatibilityChangeReporter: Compat change id reported: 135634846; UID 10240; state: DISABLED
07-26 01:08:16.399  1725  4320 D CompatibilityChangeReporter: Compat change id reported: 177438394; UID 10240; state: DISABLED
07-26 01:08:16.399  1725  4320 D CompatibilityChangeReporter: Compat change id reported: 135772972; UID 10240; state: DISABLED
07-26 01:08:16.399  1725  4320 D CompatibilityChangeReporter: Compat change id reported: 135754954; UID 10240; state: ENABLED
07-26 01:08:16.400  1725  1966 D CompatibilityChangeReporter: Compat change id reported: 143937733; UID 10240; state: ENABLED
07-26 01:08:16.408  1725  4596 D CompatibilityChangeReporter: Compat change id reported: 168419799; UID 10109; state: DISABLED
07-26 01:08:16.408  1725  4596 D CompatibilityChangeReporter: Compat change id reported: 273564678; UID 10109; state: DISABLED
07-26 01:08:16.409  1725  4596 D ActivityTaskManagerServiceExtImpl: preBindApplication record is null
07-26 01:08:16.409  1725  4322 W PackageManager: package com.instagram.lite uid 10325 pid 898 call SetEnabledSetting(com.instagram.lite component = com.facebook.rti.push.service.FbnsService, 1, 0)
07-26 01:08:16.417  1725  2177 D CompatibilityChangeReporter: Compat change id reported: 265195908; UID 10109; state: ENABLED
07-26 01:08:16.421  1725  3015 D CompatibilityChangeReporter: Compat change id reported: 135634846; UID 10325; state: DISABLED
07-26 01:08:16.421  1725  3015 D CompatibilityChangeReporter: Compat change id reported: 177438394; UID 10325; state: DISABLED
07-26 01:08:16.422  1725  3015 D CompatibilityChangeReporter: Compat change id reported: 135772972; UID 10325; state: DISABLED
07-26 01:08:16.422  1725  3015 D CompatibilityChangeReporter: Compat change id reported: 135754954; UID 10325; state: ENABLED
07-26 01:08:16.424  1725  3015 W PackageManager: package com.instagram.lite uid 10325 pid 898 call SetEnabledSetting(com.instagram.lite component = com.facebook.rti.push.service.FbnsService, 1, 0)
07-26 01:08:16.430  1725  1966 I ActivityManager: Start proc 1608:com.facebook.appmanager/u0a240 for content provider {com.facebook.appmanager/com.facebook.oxygen.appmanager.installapi.OxInstallApiProvider}
07-26 01:08:16.430  1725  1966 D CompatibilityChangeReporter: Compat change id reported: 143937733; UID 10325; state: ENABLED
07-26 01:08:16.435  1725  4320 D CompatibilityChangeReporter: Compat change id reported: 135634846; UID 10279; state: DISABLED
07-26 01:08:16.435  1725  4320 D CompatibilityChangeReporter: Compat change id reported: 177438394; UID 10279; state: DISABLED
07-26 01:08:16.435  1725  4320 D CompatibilityChangeReporter: Compat change id reported: 135772972; UID 10279; state: DISABLED
07-26 01:08:16.435  1725  4320 D CompatibilityChangeReporter: Compat change id reported: 135754954; UID 10279; state: ENABLED
07-26 01:08:16.448  1725  1966 I ActivityManager: Start proc 1615:com.instagram.lite:fbns/u0a325 for service {com.instagram.lite/com.facebook.rti.push.service.FbnsService}
07-26 01:08:16.449  1725  1966 D CompatibilityChangeReporter: Compat change id reported: 143937733; UID 10279; state: ENABLED
07-26 01:08:16.460  1725  2386 D CompatibilityChangeReporter: Compat change id reported: 74210811; UID 1000; state: DISABLED
07-26 01:08:16.460  1725  2386 D CompatibilityChangeReporter: Compat change id reported: 74210811; UID 1000; state: ENABLED
07-26 01:08:16.466  1725  4596 D CompatibilityChangeReporter: Compat change id reported: 170503758; UID 10109; state: ENABLED
07-26 01:08:16.470  1725  1966 I ActivityManager: Start proc 1654:com.facebook.katana:fdidsync/u0a279 for content provider {com.facebook.katana/com.facebook.fdidlite.FDIDLiteProvider}
07-26 01:08:16.475  1725  4596 D CompatibilityChangeReporter: Compat change id reported: 168419799; UID 10240; state: DISABLED
07-26 01:08:16.476  1725  4596 D CompatibilityChangeReporter: Compat change id reported: 273564678; UID 10240; state: DISABLED
07-26 01:08:16.476  1725  4596 D ActivityTaskManagerServiceExtImpl: preBindApplication record is null
07-26 01:08:16.481  1725  2177 D CompatibilityChangeReporter: Compat change id reported: 265195908; UID 10240; state: ENABLED
07-26 01:08:16.497  1725  2150 D CompatibilityChangeReporter: Compat change id reported: 168419799; UID 10325; state: DISABLED
07-26 01:08:16.497  1725  2150 D CompatibilityChangeReporter: Compat change id reported: 273564678; UID 10325; state: DISABLED
07-26 01:08:16.497  1725  2150 D ActivityTaskManagerServiceExtImpl: preBindApplication record is null
07-26 01:08:16.505  1725  4315 D CompatibilityChangeReporter: Compat change id reported: 168419799; UID 10279; state: DISABLED
07-26 01:08:16.505  1725  4315 D CompatibilityChangeReporter: Compat change id reported: 273564678; UID 10279; state: DISABLED
07-26 01:08:16.505  1725  4315 D ActivityTaskManagerServiceExtImpl: preBindApplication record is null
07-26 01:08:16.564  1725  4596 D CompatibilityChangeReporter: Compat change id reported: 170503758; UID 10240; state: ENABLED
07-26 01:08:16.621  1725  4596 D CompatibilityChangeReporter: Compat change id reported: 170503758; UID 10279; state: ENABLED
07-26 01:08:16.770  1725  4320 W AppOps  : setUidMode() called with a mode inconsistent with runtime permission state, this is discouraged and you should revoke the runtime permission instead: uid=10227, switchCode=0, mode=4, permission=android.permission.ACCESS_BACKGROUND_LOCATION
07-26 01:08:16.780  1725  5192 E TaskPersister: File error accessing recents directory (directory doesn't exist?).
07-26 01:08:16.820  1503  1503 I Quality : ActivityThread: createOrUpdateClassLoaderLocked delay 337 com.android.vending 1503
07-26 01:08:16.880  1608  1608 D ResourcesManagerExtImpl: applyConfigurationToAppResourcesLocked app.getDisplayId() return callback.displayId:-1
07-26 01:08:16.924  1503  1503 D ResourcesManagerExtImpl: applyConfigurationToAppResourcesLocked app.getDisplayId() return callback.displayId:-1
07-26 01:08:17.021  2705  2984 V MonthTrafficAlert: getWarningNotification subId:1 numWarningNotificaion:0
07-26 01:08:17.022  2705  2984 V TrafficAlert: getLimitNotification subId:1 ,numLimitNotificaion:0
07-26 01:08:17.041  1725  4315 D CompatibilityChangeReporter: Compat change id reported: 135634846; UID 10149; state: DISABLED
07-26 01:08:17.041  1725  4315 D CompatibilityChangeReporter: Compat change id reported: 177438394; UID 10149; state: DISABLED
07-26 01:08:17.041  1725  4315 D CompatibilityChangeReporter: Compat change id reported: 135772972; UID 10149; state: DISABLED
07-26 01:08:17.041  1725  4315 D CompatibilityChangeReporter: Compat change id reported: 135754954; UID 10149; state: ENABLED
07-26 01:08:17.042  1725  1966 D CompatibilityChangeReporter: Compat change id reported: 143937733; UID 10149; state: ENABLED
07-26 01:08:17.050  1725  1966 I ActivityManager: Start proc 1818:com.google.android.webview:webview_service/u0a149 for service {com.google.android.webview/org.chromium.android_webview.services.VariationsSeedServer}
07-26 01:08:17.076  1725  4315 D CompatibilityChangeReporter: Compat change id reported: 168419799; UID 10149; state: DISABLED
07-26 01:08:17.076  1725  4315 D CompatibilityChangeReporter: Compat change id reported: 273564678; UID 10149; state: DISABLED
07-26 01:08:17.076  1725  4315 D ActivityTaskManagerServiceExtImpl: preBindApplication record is null
07-26 01:08:17.077  1725  2839 I ActivityManager: Flag disabled. Ignoring finishAttachApplication from uid: 10240. pid: 1608
07-26 01:08:17.080  1725  2177 D CompatibilityChangeReporter: Compat change id reported: 265195908; UID 10149; state: ENABLED
07-26 01:08:17.082  1725  1916 D OplusInterceptLockScreenWindow: starting IOplusLockScreenCallbacks service...
07-26 01:08:17.095  1725  4315 D VRR [OPlusExternalRefreshRateManager]: isPkgTfcEnable: pkgName = com.facebook.appmanager, enable = false
07-26 01:08:17.095  1725  4315 D VRR [OPlusExternalRefreshRateManager]: getTfcMinFramerate: pkgName = com.facebook.appmanager, min framerate = 0
07-26 01:08:17.095  1654  1654 D ResourcesManagerExtImpl: applyConfigurationToAppResourcesLocked app.getDisplayId() return callback.displayId:-1
07-26 01:08:17.097  1725  2839 D CompatibilityChangeReporter: Compat change id reported: 161145287; UID 10240; state: ENABLED
07-26 01:08:17.102  1725  3598 I ActivityManager: Flag disabled. Ignoring finishAttachApplication from uid: 10279. pid: 1654
07-26 01:08:17.125  1725  4315 D CompatibilityChangeReporter: Compat change id reported: 170503758; UID 10149; state: ENABLED
07-26 01:08:17.147  1725  2839 D CompatibilityChangeReporter: Compat change id reported: 244637991; UID 10325; state: ENABLED
07-26 01:08:17.149  1725  2839 W ActivityTaskManager: Background activity launch blocked [callingPackage: com.instagram.lite; callingUid: 10325; appSwitchState: 1; callingUidHasAnyVisibleWindow: false; callingUidProcState: SERVICE; isCallingUidPersistentSystemProcess: false; balAllowedByPiSender: BackgroundStartPrivileges[allowsBackgroundActivityStarts=false, allowsBackgroundForegroundServiceStarts=true, originatingToken=null]; realCallingPackage: com.instagram.lite; realCallingUid: 10325; realCallingUidHasAnyVisibleWindow: false; realCallingUidProcState: SERVICE; isRealCallingUidPersistentSystemProcess: false; originatingPendingIntent: null; backgroundStartPrivileges: BackgroundStartPrivileges[allowsBackgroundActivityStarts=false, allowsBackgroundForegroundServiceStarts=false, originatingToken=null]; intent: Intent { act=android.content.pm.action.REQUEST_PERMISSIONS pkg=com.google.android.permissioncontroller cmp=com.google.android.permissioncontroller/com.android.permissioncontroller.permission.ui.GrantPermissionsActivity (has extras) mCallingUid=10325 }; callerApp: ProcessRecord{b5060a9 898:com.instagram.lite/u0a325}; inVisibleTask: false]
07-26 01:08:17.151  1725  2839 D CompatibilityChangeReporter: Compat change id reported: 265464455; UID 10274; state: DISABLED
07-26 01:08:17.151  1725  2839 D CompatibilityChangeReporter: Compat change id reported: 265452344; UID 10274; state: DISABLED
07-26 01:08:17.151  1725  2839 D CompatibilityChangeReporter: Compat change id reported: 266124927; UID 10274; state: DISABLED
07-26 01:08:17.151  1725  2839 D CompatibilityChangeReporter: Compat change id reported: 265451093; UID 10274; state: DISABLED
07-26 01:08:17.151  1725  2839 D CompatibilityChangeReporter: Compat change id reported: 265456536; UID 10274; state: DISABLED
07-26 01:08:17.152  1725  2839 D CompatibilityChangeReporter: Compat change id reported: 255940284; UID 10274; state: DISABLED
07-26 01:08:17.152  1725  2839 D CompatibilityChangeReporter: Compat change id reported: 236283604; UID 10274; state: DISABLED
07-26 01:08:17.152  1725  2839 D CompatibilityChangeReporter: Compat change id reported: 263959004; UID 10274; state: DISABLED
07-26 01:08:17.152  1725  2839 D CompatibilityChangeReporter: Compat change id reported: 264304459; UID 10274; state: DISABLED
07-26 01:08:17.152  1725  2839 D CompatibilityChangeReporter: Compat change id reported: 264301586; UID 10274; state: DISABLED
07-26 01:08:17.152  1725  2839 D CompatibilityChangeReporter: Compat change id reported: 254631730; UID 10274; state: DISABLED
07-26 01:08:17.152  1725  2839 D CompatibilityChangeReporter: Compat change id reported: 273509367; UID 10274; state: DISABLED
07-26 01:08:17.152  1725  2839 D CompatibilityChangeReporter: Compat change id reported: 263259275; UID 10274; state: DISABLED
07-26 01:08:17.152  1725  2839 D CompatibilityChangeReporter: Compat change id reported: 174042980; UID 10274; state: DISABLED
07-26 01:08:17.152  1725  2839 D CompatibilityChangeReporter: Compat change id reported: 174042936; UID 10274; state: DISABLED
07-26 01:08:17.152  1725  2839 D CompatibilityChangeReporter: Compat change id reported: 181136395; UID 10274; state: DISABLED
07-26 01:08:17.156  1725  2839 D CompatibilityChangeReporter: Compat change id reported: 194480991; UID 10274; state: ENABLED
07-26 01:08:17.157  1725  2839 D ActivityStarterExtImpl: setForceUpdateWindow, targetTask = Task{4bd06ad #329 type=standard A=10325:com.instagram.lite} r = ActivityRecord{13f9130 u0 com.google.android.permissioncontroller/com.android.permissioncontroller.permission.ui.GrantPermissionsActivity notFinish =false
07-26 01:08:17.157  1725  2839 D FlexibleTaskController: adjustOptionsForFlexibleTask skip adjust options reason:2
07-26 01:08:17.157  1725  2839 D FlexibleWindowManager: no reused task found for ActivityRecord{13f9130 u0 com.google.android.permissioncontroller/com.android.permissioncontroller.permission.ui.GrantPermissionsActivity t-1}
07-26 01:08:17.157  1725  2839 D OplusZoomWindowRUSConfigManager: isSupportZoomModeWithPolicyLocked: target = com.google.android.permissioncontroller/com.android.permissioncontroller.permission.ui.GrantPermissionsActivity
07-26 01:08:17.157  1725  2839 D OplusZoomWindowRUSConfigManager: targetPkg = com.google.android.permissioncontroller
07-26 01:08:17.158  1725  2839 D CompatibilityChangeReporter: Compat change id reported: 184838306; UID 10274; state: DISABLED
07-26 01:08:17.158  1725  2839 D CompatibilityChangeReporter: Compat change id reported: 185004937; UID 10274; state: DISABLED
07-26 01:08:17.161  1725  2839 D TaskFragmentExtImpl: add ActivityRecord{13f9130 u0 com.google.android.permissioncontroller/com.android.permissioncontroller.permission.ui.GrantPermissionsActivity t329} to mActivityRecordSum = Counter{ com.instagram.lite/com.facebook.lite.MainActivity(1) com.google.android.permissioncontroller/com.android.permissioncontroller.permission.ui.GrantPermissionsActivity(1) }
07-26 01:08:17.162  1725  2839 D OplusZoomWindowRUSConfigManager: isSupportZoomModeWithPolicyLocked: target = com.google.android.permissioncontroller/com.android.permissioncontroller.permission.ui.GrantPermissionsActivity
07-26 01:08:17.162  1725  2839 D OplusZoomWindowRUSConfigManager: targetPkg = com.google.android.permissioncontroller
07-26 01:08:17.162  1725  2839 I ActivityTaskManager: START u0 {act=android.content.pm.action.REQUEST_PERMISSIONS pkg=com.google.android.permissioncontroller cmp=com.google.android.permissioncontroller/com.android.permissioncontroller.permission.ui.GrantPermissionsActivity (has extras) mCallingUid=10325} with LAUNCH_MULTIPLE from uid 10325 (BAL_BLOCK) result code=0
07-26 01:08:17.167  1725  1918 I TaskOrganizerController: onTaskInfoChanged taskid 329 config { mBounds=Rect(0, 0 - 1080, 2400) mAppBounds=Rect(0, 110 - 1080, 2268) mMaxBounds=Rect(0, 0 - 1080, 2400) mDisplayRotation=ROTATION_0 mWindowingMode=fullscreen mDisplayWindowingMode=fullscreen mActivityType=standard mAlwaysOnTop=undefined mRotation=ROTATION_0}
07-26 01:08:17.167  1725  1918 D FlexibleWindowManager: onFlexibleWindowTaskInfoChanged: mTaskId = 329 oldIsTaskEmbedded = false   curIsTaskEmbedded = false  topActivity = ComponentInfo{com.google.android.permissioncontroller/com.android.permissioncontroller.permission.ui.GrantPermissionsActivity}
07-26 01:08:17.167  1725  1918 D OplusFlexibleWindowMinimizedManagerHelper: onTaskInfoChanged taskInfo:TaskInfo{userId=0 taskId=329 displayId=0 isRunning=true baseIntent=Intent { act=android.intent.action.MAIN cat=[android.intent.category.LAUNCHER] flg=0x10200000 cmp=com.instagram.lite/com.facebook.lite.MainActivity mCallingUid=10194 } baseActivity=ComponentInfo{com.instagram.lite/com.facebook.lite.MainActivity} topActivity=ComponentInfo{com.google.android.permissioncontroller/com.android.permissioncontroller.permission.ui.GrantPermissionsActivity} origActivity=null realActivity=ComponentInfo{com.instagram.lite/com.facebook.lite.MainActivity} numActivities=2 lastActiveTime=508431104 supportsSplitScreenMultiWindow=true supportsMultiWindow=true supportsPocketStudioMultiWindow=true isInFlexibleEmbedded = false uid = 10274 pid = 0 resizeMode=1 isResizeable=true minWidth=-1 minHeight=-1 defaultMinSize=220 token=WCT{RemoteToken{b48c160 Task{4bd06ad #329 type=standard A=10325:com.instagram.lite}}} topActivityType=1 pictureInPictureParams=null shouldDockBigOverlays=false launchIntoPipHostTaskId=-1 lastParentTaskIdBeforePip=-1 displayCutoutSafeInsets=Rect(0, 110 - 0, 0) topActivityInfo=ActivityInfo{ad49ae2 com.android.permissioncontroller.permission.ui.GrantPermissionsActivity} launchCookies=[] positionInParent=Point(0, 0) parentTaskId=-1 isFocused=false isVisible=false isVisibleRequested=false isSleeping=false topActivityInSizeCompat=false topActivityInOplusCompatMode=false topActivityEligibleForLetterboxEducation= false topActivityLetterboxed= false isFromDoubleTap= false topActivityLetterboxVerticalPosition= -1 topActivityLetterboxHorizontalPosition= -1 topActivityLetterboxWidth=-1 topActivityLetterboxHeight=-1 locusId=null displayAreaFeatureId=1 cameraCompatControlState=hidden locusId= null topActivityLetterboxInsets=Rect(0, 0 - 0, 0)} task:Task{4bd06ad #329 type=standard A=10325:com.instagram.lite}
07-26 01:08:17.168  2461  2629 D ShellTaskOrganizer: dispatchTaskEventToClientIfNeed, eventType:2, taskInfo:TaskInfo{userId=0 taskId=329 displayId=0 isRunning=true baseIntent=Intent { act=android.intent.action.MAIN cat=[android.intent.category.LAUNCHER] flg=0x10200000 cmp=com.instagram.lite/com.facebook.lite.MainActivity mCallingUid=10194 } baseActivity=ComponentInfo{com.instagram.lite/com.facebook.lite.MainActivity} topActivity=ComponentInfo{com.google.android.permissioncontroller/com.android.permissioncontroller.permission.ui.GrantPermissionsActivity} origActivity=null realActivity=ComponentInfo{com.instagram.lite/com.facebook.lite.MainActivity} numActivities=2 lastActiveTime=508431104 supportsSplitScreenMultiWindow=true supportsMultiWindow=true supportsPocketStudioMultiWindow=true isInFlexibleEmbedded = false uid = 10274 pid = 0 resizeMode=1 isResizeable=true minWidth=-1 minHeight=-1 defaultMinSize=220 token=WCT{android.window.IWindowContainerToken$Stub$Proxy@b8fa74b} topActivityType=1 pictureInPictureParams=null shouldDockBigOverlays=false launchIntoPipHostTaskId=-1 lastParentTaskIdBeforePip=-1 displayCutoutSafeInsets=Rect(0, 110 - 0, 0) topActivityInfo=ActivityInfo{254528 com.android.permissioncontroller.permission.ui.GrantPermissionsActivity} launchCookies=[] positionInParent=Point(0, 0) parentTaskId=-1 isFocused=false isVisible=false isVisibleRequested=false isSleeping=false topActivityInSizeCompat=false topActivityInOplusCompatMode=false topActivityEligibleForLetterboxEducation= false topActivityLetterboxed= false isFromDoubleTap= false topActivityLetterboxVerticalPosition= -1 topActivityLetterboxHorizontalPosition= -1 topActivityLetterboxWidth=-1 topActivityLetterboxHeight=-1 locusId=null displayAreaFeatureId=1 cameraCompatControlState=hidden locusId= null topActivityLetterboxInsets=Rect(0, 0 - 0, 0)}, leash:null
07-26 01:08:17.197  1818  1818 D ResourcesManagerExtImpl: applyConfigurationToAppResourcesLocked app.getDisplayId() return callback.displayId:-1
07-26 01:08:17.210  1725  2839 D CompatibilityChangeReporter: Compat change id reported: 161145287; UID 10109; state: ENABLED
07-26 01:08:17.225  1615  1615 I Quality : ActivityThread: makeApplication delay 537 com.instagram.lite 1615
07-26 01:08:17.226  1615  1615 D ResourcesManagerExtImpl: applyConfigurationToAppResourcesLocked app.getDisplayId() return callback.displayId:-1
07-26 01:08:17.231  1725  2839 I ActivityManager: Flag disabled. Ignoring finishAttachApplication from uid: 10149. pid: 1818
07-26 01:08:17.268  1725  3598 W PackageManager: package com.facebook.appmanager uid 10240 pid 1608 call SetEnabledSetting(com.facebook.appmanager component = com.facebook.oxygen.appmanager.helium.trampoline.HeliumSandboxedService, 1, 0)
07-26 01:08:17.269  1725  3598 W PackageManager: package com.facebook.appmanager uid 10240 pid 1608 call SetEnabledSetting(com.facebook.appmanager component = com.facebook.oxygen.appmanager.helium.trampoline.HeliumSandboxedService0, 1, 0)
07-26 01:08:17.270  1725  3598 W PackageManager: package com.facebook.appmanager uid 10240 pid 1608 call SetEnabledSetting(com.facebook.appmanager component = com.facebook.oxygen.appmanager.helium.trampoline.HeliumSandboxedService1, 1, 0)
07-26 01:08:17.283  1725  3594 D CompatibilityChangeReporter: Compat change id reported: 253665015; UID 10240; state: ENABLED
07-26 01:08:17.283  1725  3594 D CompatibilityChangeReporter: Compat change id reported: 194532703; UID 10240; state: ENABLED
07-26 01:08:17.299  1725  3594 D CompatibilityChangeReporter: Compat change id reported: 135634846; UID 10225; state: DISABLED
07-26 01:08:17.299  1725  3594 D CompatibilityChangeReporter: Compat change id reported: 177438394; UID 10225; state: DISABLED
07-26 01:08:17.299  1725  3594 D CompatibilityChangeReporter: Compat change id reported: 135772972; UID 10225; state: DISABLED
07-26 01:08:17.299  1725  3594 D CompatibilityChangeReporter: Compat change id reported: 135754954; UID 10225; state: ENABLED
07-26 01:08:17.299  1725  1966 D CompatibilityChangeReporter: Compat change id reported: 143937733; UID 10225; state: ENABLED
07-26 01:08:17.307  1725  1966 I ActivityManager: Start proc 2096:com.facebook.system/u0a225 for content provider {com.facebook.system/com.facebook.oxygen.installer.api.AppManagerApiProvider}
07-26 01:08:17.335  1725  3594 D CompatibilityChangeReporter: Compat change id reported: 168419799; UID 10225; state: DISABLED
07-26 01:08:17.335  1725  3594 D CompatibilityChangeReporter: Compat change id reported: 273564678; UID 10225; state: DISABLED
07-26 01:08:17.336  1725  3594 D ActivityTaskManagerServiceExtImpl: preBindApplication record is null
07-26 01:08:17.338  1725  2177 D CompatibilityChangeReporter: Compat change id reported: 265195908; UID 10225; state: ENABLED
07-26 01:08:17.341  1503  1503 I Quality : ActivityThread: callApplicationOnCreate delay 341 com.android.vending 1503
07-26 01:08:17.343  1725  3594 I ActivityManager: Flag disabled. Ignoring finishAttachApplication from uid: 10109. pid: 1503
07-26 01:08:17.370  1725  3594 D CompatibilityChangeReporter: Compat change id reported: 135634846; UID 10115; state: DISABLED
07-26 01:08:17.370  1725  3594 D CompatibilityChangeReporter: Compat change id reported: 177438394; UID 10115; state: DISABLED
07-26 01:08:17.370  1725  3594 D CompatibilityChangeReporter: Compat change id reported: 135772972; UID 10115; state: DISABLED
07-26 01:08:17.370  1725  3594 D CompatibilityChangeReporter: Compat change id reported: 135754954; UID 10115; state: ENABLED
07-26 01:08:17.370  1725  1966 D CompatibilityChangeReporter: Compat change id reported: 143937733; UID 10115; state: ENABLED
07-26 01:08:17.375  1725  3594 D CompatibilityChangeReporter: Compat change id reported: 170503758; UID 10225; state: ENABLED
07-26 01:08:17.377  1725  1966 I ActivityManager: Start proc 2119:com.google.process.gservices/u0a115 for content provider {com.google.android.gsf/com.google.android.gsf.gservices.GservicesProvider}
07-26 01:08:17.389  1725  3594 W PackageManager: package com.android.vending uid 10109 pid 1503 call SetEnabledSetting(com.android.vending component = com.android.vending.AssetBrowserActivity, 1, 0)
07-26 01:08:17.396  1725  3594 I ActivityManager: Flag disabled. Ignoring finishAttachApplication from uid: 10325. pid: 1615
07-26 01:08:17.401  1725  3594 D CompatibilityChangeReporter: Compat change id reported: 168419799; UID 10115; state: DISABLED
07-26 01:08:17.401  1725  3594 D CompatibilityChangeReporter: Compat change id reported: 273564678; UID 10115; state: DISABLED
07-26 01:08:17.401  1725  3594 D ActivityTaskManagerServiceExtImpl: preBindApplication record is null
07-26 01:08:17.449  1725  3598 D CompatibilityChangeReporter: Compat change id reported: 170503758; UID 10115; state: ENABLED
07-26 01:08:17.474  1725  3598 D CompatibilityChangeReporter: Compat change id reported: 319212206; UID 10109; state: ENABLED
07-26 01:08:17.478  2096  2096 D ResourcesManagerExtImpl: applyConfigurationToAppResourcesLocked app.getDisplayId() return callback.displayId:-1
07-26 01:08:17.492  1725  2150 D CompatibilityChangeReporter: Compat change id reported: 261072174; UID 10109; state: ENABLED
07-26 01:08:17.500  1725  3598 D CompatibilityChangeReporter: Compat change id reported: 135634846; UID 10115; state: DISABLED
07-26 01:08:17.500  1725  3598 D CompatibilityChangeReporter: Compat change id reported: 177438394; UID 10115; state: DISABLED
07-26 01:08:17.501  1725  3598 D CompatibilityChangeReporter: Compat change id reported: 135772972; UID 10115; state: DISABLED
07-26 01:08:17.501  1725  3598 D CompatibilityChangeReporter: Compat change id reported: 135754954; UID 10115; state: ENABLED
07-26 01:08:17.501  1725  2839 I ActivityManager: Flag disabled. Ignoring finishAttachApplication from uid: 10225. pid: 2096
07-26 01:08:17.501  1725  1966 D CompatibilityChangeReporter: Compat change id reported: 143937733; UID 10115; state: ENABLED
07-26 01:08:17.511  1725  1966 I ActivityManager: Start proc 2220:com.google.process.gapps/u0a115 for content provider {com.google.android.gsf/com.google.android.gsf.settings.GoogleSettingsProvider}
07-26 01:08:17.522  2119  2119 D ResourcesManagerExtImpl: applyConfigurationToAppResourcesLocked app.getDisplayId() return callback.displayId:-1
07-26 01:08:17.547  1725  4315 D ActivityTaskManagerServiceExtImpl: preBindApplication record is null
07-26 01:08:17.560  1725  3594 W ActivityManager: Unable to start service Intent { act=com.google.android.gms.gservices.START pkg=com.google.android.gms mCallingUid=10115 } U=0: not found
07-26 01:08:17.566  1725  3594 W ActivityManager: Unbind failed: could not find connection for android.os.BinderProxy@91e3ea8
07-26 01:08:17.572  1725  1899 V WindowOrientationListener: onSensorChanged mDesiredRotation = 4
07-26 01:08:17.573  1725  2150 W PackageManager: package com.facebook.appmanager uid 10240 pid 1608 call SetEnabledSetting(com.facebook.appmanager component = com.facebook.oxygen.appmanager.nekodirect.NekoDirectProvider, 2, 0)
07-26 01:08:17.574  1608  2090 E ActivityThread: Failed to find provider info for com.facebook.appmanager.nekodirect
07-26 01:08:17.574  1725  2150 W PackageManager: package com.facebook.appmanager uid 10240 pid 1608 call SetEnabledSetting(com.facebook.appmanager component = com.facebook.oxygen.appmanager.installapi.OxInstallApiProvider, 1, 0)
07-26 01:08:17.591  1725  3598 I ActivityManager: Flag disabled. Ignoring finishAttachApplication from uid: 10115. pid: 2119
07-26 01:08:17.657  1725  2839 W PackageManager: package com.facebook.appmanager uid 10240 pid 1608 call SetEnabledSetting(com.facebook.appmanager component = com.facebook.oxygen.appmanager.webinstall.WebInstallAppLinkActivityV2, 1, 0)
07-26 01:08:17.662  1725  4315 W PackageManager: package com.facebook.appmanager uid 10240 pid 1608 call SetEnabledSetting(com.facebook.appmanager component = com.facebook.oxygen.appmanager.webinstall.WebInstallAppLinkActivityV2, 1, 0)
07-26 01:08:17.662  1725  4315 W PackageManager: package com.facebook.appmanager uid 10240 pid 1608 call SetEnabledSetting(com.facebook.appmanager component = com.facebook.oxygen.appmanager.webinstall.WebInstallAppLinkIgliteActivity, 2, 0)
07-26 01:08:17.664  2220  2220 D ResourcesManagerExtImpl: applyConfigurationToAppResourcesLocked app.getDisplayId() return callback.displayId:-1
07-26 01:08:17.667  1725  4315 W PackageManager: package com.facebook.appmanager uid 10240 pid 1608 call SetEnabledSetting(com.facebook.appmanager component = com.facebook.oxygen.appmanager.webinstall.WebInstallAppLinkFbliteActivity, 1, 0)
07-26 01:08:17.671  1725  4315 W PackageManager: package com.facebook.appmanager uid 10240 pid 1608 call SetEnabledSetting(com.facebook.appmanager component = com.facebook.oxygen.appmanager.webinstall.WebInstallAppLinkFB4AActivity, 2, 0)
07-26 01:08:17.674  1725  3598 W PackageManager: package com.facebook.appmanager uid 10240 pid 1608 call SetEnabledSetting(com.facebook.appmanager component = com.facebook.oxygen.appmanager.webinstall.WebInstallAppLinkMetaAIActivity, 1, 0)
07-26 01:08:17.679  1725  3594 D CompatibilityChangeReporter: Compat change id reported: 171306433; UID 10325; state: ENABLED
07-26 01:08:17.680  1725  3594 D CompatibilityChangeReporter: Compat change id reported: 226439802; UID 10325; state: ENABLED
07-26 01:08:17.680  1725  3594 D CompatibilityChangeReporter: Compat change id reported: 218533173; UID 10325; state: ENABLED
07-26 01:08:17.700  1725  4315 W PackageManager: package com.facebook.appmanager uid 10240 pid 1608 call SetEnabledSetting(com.facebook.appmanager component = com.facebook.oxygen.appmanager.webinstall.WebInstallAppLinkMetaAIActivity, 2, 0)
07-26 01:08:17.706  1725  3598 I ActivityManager: Flag disabled. Ignoring finishAttachApplication from uid: 10115. pid: 2220
07-26 01:08:17.711  1725  3598 D VRR [OPlusExternalRefreshRateManager]: isPkgTfcEnable: pkgName = com.google.android.gsf, enable = false
07-26 01:08:17.711  1725  3598 D VRR [OPlusExternalRefreshRateManager]: getTfcMinFramerate: pkgName = com.google.android.gsf, min framerate = 0
07-26 01:08:17.713  1725  3598 W PackageManager: package com.facebook.appmanager uid 10240 pid 1608 call SetEnabledSetting(com.facebook.appmanager component = com.facebook.oxygen.appmanager.webinstall.WebInstallAppLinkInstagramActivity, 2, 0)
07-26 01:08:17.718  1725  3594 W PackageManager: package com.facebook.appmanager uid 10240 pid 1608 call SetEnabledSetting(com.facebook.appmanager component = com.facebook.oxygen.appmanager.webinstall.WebInstallAppLinkThreadsActivity, 1, 0)
07-26 01:08:17.729  1725  4315 W PackageManager: package com.facebook.appmanager uid 10240 pid 1608 call SetEnabledSetting(com.facebook.appmanager component = com.facebook.oxygen.appmanager.webinstall.WebInstallAppLinkMessengerActivity, 1, 0)
07-26 01:08:17.734  1725  4315 W PackageManager: package com.facebook.appmanager uid 10240 pid 1608 call SetEnabledSetting(com.facebook.appmanager component = com.facebook.oxygen.appmanager.webinstall.WebInstallAppLinkIgliteLoggedOutActivity, 2, 0)
07-26 01:08:17.738  1725  4315 W PackageManager: package com.facebook.appmanager uid 10240 pid 1608 call SetEnabledSetting(com.facebook.appmanager component = com.facebook.oxygen.appmanager.webinstall.WebInstallAppLinkFbliteLoggedOutActivity, 1, 0)
07-26 01:08:17.743  1725  3598 W PackageManager: package com.facebook.appmanager uid 10240 pid 1608 call SetEnabledSetting(com.facebook.appmanager component = com.facebook.oxygen.appmanager.webinstall.WebInstallAppLinkFB4ALoggedOutActivity, 2, 0)
07-26 01:08:17.746  1725  3598 W PackageManager: package com.facebook.appmanager uid 10240 pid 1608 call SetEnabledSetting(com.facebook.appmanager component = com.facebook.oxygen.appmanager.webinstall.WebInstallAppLinkMetaAILoggedOutActivity, 1, 0)
07-26 01:08:17.760  1725  3598 W PackageManager: package com.facebook.appmanager uid 10240 pid 1608 call SetEnabledSetting(com.facebook.appmanager component = com.facebook.oxygen.appmanager.webinstall.WebInstallAppLinkMetaAILoggedOutActivity, 2, 0)
07-26 01:08:17.764  1725  3594 W PackageManager: package com.facebook.appmanager uid 10240 pid 1608 call SetEnabledSetting(com.facebook.appmanager component = com.facebook.oxygen.appmanager.webinstall.WebInstallAppLinkInstagramLoggedOutActivity, 2, 0)
07-26 01:08:17.771  1725  2839 W PackageManager: package com.facebook.appmanager uid 10240 pid 1608 call SetEnabledSetting(com.facebook.appmanager component = com.facebook.oxygen.appmanager.webinstall.WebInstallAppLinkThreadsLoggedOutActivity, 1, 0)
07-26 01:08:17.779  1725  3598 W PackageManager: package com.facebook.appmanager uid 10240 pid 1608 call SetEnabledSetting(com.facebook.appmanager component = com.facebook.oxygen.appmanager.webinstall.WebInstallAppLinkMessengerLoggedOutActivity, 1, 0)
07-26 01:08:17.783  1725  3598 W PackageManager: package com.facebook.appmanager uid 10240 pid 1608 call SetEnabledSetting(com.facebook.appmanager component = com.facebook.oxygen.appmanager.webinstall.WebInstallAppLinkIgliteRestrictedActivity, 2, 0)
07-26 01:08:17.785  1725  3598 W PackageManager: package com.facebook.appmanager uid 10240 pid 1608 call SetEnabledSetting(com.facebook.appmanager component = com.facebook.oxygen.appmanager.webinstall.WebInstallAppLinkFbliteRestrictedActivity, 2, 0)
07-26 01:08:17.786  1725  2839 W PackageManager: package com.facebook.appmanager uid 10240 pid 1608 call SetEnabledSetting(com.facebook.appmanager component = com.facebook.oxygen.appmanager.webinstall.WebInstallAppLinkFB4ARestrictedActivity, 2, 0)
07-26 01:08:17.787  1725  3598 W PackageManager: package com.facebook.appmanager uid 10240 pid 1608 call SetEnabledSetting(com.facebook.appmanager component = com.facebook.oxygen.appmanager.webinstall.WebInstallAppLinkMetaAIRestrictedActivity, 2, 0)
07-26 01:08:17.788  1725  3598 W PackageManager: package com.facebook.appmanager uid 10240 pid 1608 call SetEnabledSetting(com.facebook.appmanager component = com.facebook.oxygen.appmanager.webinstall.WebInstallAppLinkInstagramRestrictedActivity, 2, 0)
07-26 01:08:17.789  1725  3598 W PackageManager: package com.facebook.appmanager uid 10240 pid 1608 call SetEnabledSetting(com.facebook.appmanager component = com.facebook.oxygen.appmanager.webinstall.WebInstallAppLinkThreadsRestrictedActivity, 2, 0)
07-26 01:08:17.790  1725  2839 W PackageManager: package com.facebook.appmanager uid 10240 pid 1608 call SetEnabledSetting(com.facebook.appmanager component = com.facebook.oxygen.appmanager.webinstall.WebInstallAppLinkMessengerRestrictedActivity, 2, 0)
07-26 01:08:17.791  1725  3598 W PackageManager: package com.facebook.appmanager uid 10240 pid 1608 call SetEnabledSetting(com.facebook.appmanager component = com.facebook.oxygen.appmanager.modules.api.ModulesApiProvider, 1, 0)
07-26 01:08:17.792  1725  3598 W PackageManager: package com.facebook.appmanager uid 10240 pid 1608 call SetEnabledSetting(com.facebook.appmanager component = com.facebook.oxygen.appmanager.firstparty.tos.ShouldAcceptTos, 2, 0)
07-26 01:08:17.792  1725  2839 W PackageManager: package com.facebook.appmanager uid 10240 pid 1608 call SetEnabledSetting(com.facebook.appmanager component = com.facebook.oxygen.appmanager.firstparty.tos.ShouldShowTos, 2, 0)
07-26 01:08:17.793  1725  2839 W PackageManager: package com.facebook.appmanager uid 10240 pid 1608 call SetEnabledSetting(com.facebook.appmanager component = com.facebook.oxygen.appmanager.firstparty.tos.ShouldShowExplicitTos, 2, 0)
07-26 01:08:17.892  1725  2839 W PackageManager: package com.android.vending uid 10109 pid 1503 call SetEnabledSetting(com.android.vending component = com.google.android.finsky.hibernation.impl.UnhibernateActivity, 1, 0)
