07-26 01:08:02.409  1725  1991 D DpcExtImpl[0]: RECORD:onUpdatePowerState policy:3 state:2 brightness:551
07-26 01:08:02.410  1725  1916 D DisplayManagerServiceExtImpl: scheduleTraversalLocked intraversal=false
07-26 01:08:02.410  1725  1916 I DisplayManagerServiceExtImpl: handle logical display changed logicalDisplay=id=0,stack=0,content=true,displayInfo{stack=0,type=1,id=0,uId=local:4627039422300187648,state=ON,pkg=null}
07-26 01:08:02.410  1725  1916 D DisplayManagerService: Delivering display event: displayId=0, event=2
07-26 01:08:02.410  1725  1725 I WallpaperManagerServiceExt: removeDisplayData. displayId = 0
07-26 01:08:02.410  1725  2663 W PowerManagerService: Screen on took 260 ms. groupId = 0
07-26 01:08:02.411  1725  2663 D OplusPowerManagerHelper: [onWakeUpFinish]
07-26 01:08:02.413  1725  2663 E OplusCustomizeRestrictionManagerService: isBiometricDisabled start
07-26 01:08:02.413  1725  2663 D OplusFeatureAOD: notifySfUnBlockScreenOn
07-26 01:08:02.422  2461  2629 D OneHandedController: setLockedDisabled locked = false, enabled = false ,FeatureEnabled = false
07-26 01:08:02.430  1725  1916 D DisplayManagerService: Ignore redundant display event 0/2 to 10164/11368
07-26 01:08:02.430  1725  1916 D DisplayManagerService: Ignore redundant display event 0/2 to 10294/12787
07-26 01:08:02.431  1725  1916 D DisplayManagerService: Ignore redundant display event 0/2 to 10130/18481
07-26 01:08:02.431  1725  1916 D DisplayManagerService: Ignore redundant display event 0/2 to 10109/19271
07-26 01:08:02.431  1725  1916 D DisplayManagerService: Ignore redundant display event 0/2 to 10306/25916
07-26 01:08:02.431  1725  1916 D DisplayManagerService: Ignore redundant display event 0/2 to 10321/29492
07-26 01:08:02.431  1725  1916 D DisplayManagerService: Ignore redundant display event 0/2 to 10128/30470
07-26 01:08:02.431  1725  1916 D DisplayManagerService: MSG_REQUEST_TRAVERSAL pendingCompleted=false
07-26 01:08:02.434  1725  1899 D OplusVFXScreenEffectFeature: notifySFCompatWindowStateChange entered false
07-26 01:08:02.434  1725  1899 D FlexibleWindowManager: physicalDisplayChangedForFlexibleWindow displayId 0, current display info 1080 x 2400, new display info 1080 x 2400
07-26 01:08:02.435  1725  1899 D FlexibleTaskController: onDisplayChanged displayId#0 ,cur:1080x2400 ,new:1080x2400
07-26 01:08:02.435  1725  1899 D FlexibleTaskController: onDisplayChanged displayId not support flexible.
07-26 01:08:02.435  1725  1899 D FlexibleWindowManager: physicalDisplayChangedForFlexibleWindow return for unsupported devices
07-26 01:08:02.435  1725  1899 D FSS_FoldScreenBlackCoverController: displayChangeToOn, dc:Display{#0 state=ON size=1080x2400 ROTATION_0}
07-26 01:08:02.437  1725  1918 D DisplayManagerService: performTraversalInternal pendingTraversal
07-26 01:08:02.437  1725  1918 D DisplayDevice: setLayerStackLocked id=local:4627039422300187648 token=android.os.BinderProxy@d3e07d8 stack=0->0
07-26 01:08:02.446  1725  2187 E AppOps  : attributionTag  not declared in manifest of com.oplus.healthservice
07-26 01:08:02.447  1725  2187 E AppOps  : attributionTag  not declared in manifest of com.oplus.healthservice
07-26 01:08:02.448  1725  2187 E AppOps  : attributionTag  not declared in manifest of com.oplus.healthservice
07-26 01:08:02.449  1725  2187 E AppOps  : attributionTag  not declared in manifest of com.oplus.healthservice
07-26 01:08:02.450  1725  2187 E AppOps  : attributionTag  not declared in manifest of com.oplus.healthservice
07-26 01:08:02.451  1725  2406 D CommSceneService: notify screen off changed state=0
07-26 01:08:02.451  1725  2406 E CommSceneService: modem stationary state=0 not update, cancel notify!
07-26 01:08:02.451  1725  2187 E AppOps  : attributionTag  not declared in manifest of com.oplus.healthservice
07-26 01:08:02.452  1725  2357 D OplusBatteryManager: getPsyBatteryRm: 3482
07-26 01:08:02.476  1725  2242 W OplusStorageManagerFeature: turn screenOn, maintPrepared:false
07-26 01:08:02.477   656   436 D vold    : idle maintenance stopped
07-26 01:08:02.479  1725  1725 D LightsServiceExtImpl: currentTime is not belong to 700 - 2330
07-26 01:08:02.490  1725  3093 E OplusCustomizeRestrictionManagerService: isBiometricDisabled start
07-26 01:08:03.092  1725  1899 D WindowManager: rotation(ROTATION_0) no changed.
07-26 01:08:03.193  1725  4322 D PowerManagerService: userActivityNoUpdateLocked: groupId=0, eventTime=152612932, event=other, flags=0x0, uid=10197
07-26 01:08:03.925  1725  3093 D PowerManagerService: userActivityNoUpdateLocked: groupId=0, eventTime=152613664, event=other, flags=0x0, uid=10197
07-26 01:08:03.970  1725  1899 D WindowManager: request show transient bar, provider = com.android.server.wm.InsetsSourceProvider@f302ec0 controlTarget = Window{1f6531 u0 NotificationShade}
07-26 01:08:04.372  2461  2461 W VRI[NotificationShade]: updateBlastSurfaceIfNeeded, surfaceSize:Point(1080, 2400), lastSurfaceSize:Point(1080, 2400), format:-3, blastBufferQueue:android.graphics.BLASTBufferQueue@e4ebf11
07-26 01:08:04.372  1725  3093 D WindowManagerServiceExtImpl: extractConfigInfoAndRealFlags rotation=0, screenDp=720, win=Window{1f6531 u0 NotificationShade}
07-26 01:08:04.374  1725  3093 V WindowManager: Relayout Window{1f6531 u0 NotificationShade}: viewVisibility=0, oldvis=0, req=1080x2400, vsysui=
07-26 01:08:04.403  1725  4600 D OplusTransitionController: requestStartTransition, requestInfo type: TO_BACK, remoteTransition: null, displayChange: null, transition: TransitionRecord{3f4e6f5 id=2375 type=TO_BACK flags=0x100}, caller: com.android.server.wm.TransitionControllerExtImpl.requestStartTransition:41 com.android.server.wm.TransitionController.requestStartTransition:738 com.android.server.wm.TransitionController.requestTransitionIfNeeded:681 com.android.server.wm.TransitionController.requestTransitionIfNeeded:615 com.android.server.wm.KeyguardController.keyguardGoingAway:303 
07-26 01:08:04.405  1725  4600 D ActivityTaskManager: Top Process State changed to PROCESS_STATE_TOP
07-26 01:08:04.405  2461  2629 V WindowManagerShell: Transition requested: android.os.BinderProxy@62d61b7 TransitionRequestInfo { type = TO_BACK, triggerTask = null, remoteTransition = null, displayChange = null }
07-26 01:08:04.405  1725  4600 D WindowManager:  setIsSleeping from  true to false this=Display{#0 state=ON size=1080x2400 ROTATION_0}
07-26 01:08:04.410  1725  4600 D ActivityTaskManager: setVisibility(Token{ec8f8d6 ActivityRecord{5660667 u0 com.android.launcher/.Launcher t5}}, visible=true) defer commitVisibility for transition collecting
07-26 01:08:04.416  1725  4600 D ActivityTaskManager: NFW_setLastResumedActivityUncheckLocked:false r:ActivityRecord{5660667 u0 com.android.launcher/.Launcher t5} currentFocus:Window{1f6531 u0 NotificationShade}
07-26 01:08:04.424  1725  4600 D WindowManager: updateOrientation: mLastOrientation = SCREEN_ORIENTATION_NOSENSOR(5) newOrientation = SCREEN_ORIENTATION_NOSENSOR(5) forceUpdate = true LastOrientationSource = ActivityRecord{5660667 u0 com.android.launcher/.Launcher t5}
07-26 01:08:04.424  1725  4600 D WindowManager: rotation(ROTATION_0) no changed.
07-26 01:08:04.424  1725  4600 I TaskFragmentExtImpl: hookSetBinderUxFlag:true prev:ActivityRecord{5660667 u0 com.android.launcher/.Launcher t5}
07-26 01:08:04.425  1725  4600 D TaskFragmentExtImpl: addColorModeOnResume resume=true pkg = com.android.launcher
07-26 01:08:04.425  1725  4600 I TaskFragmentExtImpl: hookSetBinderUxFlag:false prev:ActivityRecord{5660667 u0 com.android.launcher/.Launcher t5}
07-26 01:08:04.426  1725  4600 D ActivityTaskManager: setVisibility(Token{ec8f8d6 ActivityRecord{5660667 u0 com.android.launcher/.Launcher t5}}, visible=true) defer commitVisibility for transition collecting
07-26 01:08:04.427  1725  4600 D OplusStartingWindowManager: reviseWindowFlagsForStarting activityRecord =:ActivityRecord{5660667 u0 com.android.launcher/.Launcher t5}, RUS version:20240710
07-26 01:08:04.427  1725  4600 D ActivityTaskManager: validateStartingWindowTheme:  Pkg=com.android.launcher, Translucent=false, Floating=false, ShowWallpaper=true, Disable=false, LaunchSource=1
07-26 01:08:04.428  1725  4600 D ActivityTaskManager: getStartingWindowType: , newTask=false, taskSwitch=true, processRunning=true, allowTaskSnapshot=true, activityCreated=true, activityAllDrawn=false, snapshot=null, record:ActivityRecord{5660667 u0 com.android.launcher/.Launcher t5}
07-26 01:08:04.428  1725  4600 D ActivityRecordExtImpl: handleStartingWindowForCompactWindow origin type:0, adjustType : 0
07-26 01:08:04.434  1725  4600 D WindowManager: BarWindow--setVisible: id=2, oldState=2, state=0 call: 
07-26 01:08:04.438  1725  4322 W ActivityManager: Unable to start service Intent { act=heytap.intent.action.assistantscreen.window.server pkg=com.coloros.assistantscreen mCallingUid=10194 } U=0: not found
07-26 01:08:04.443  2777  2777 D ActivityThread: ComponentInfo{com.android.launcher/com.android.launcher.Launcher} checkFinished=false 2
07-26 01:08:04.443  2777  2777 D ResourcesManagerExtImpl: applyConfigurationToAppResourcesLocked app.getDisplayId() return callback.displayId:0
07-26 01:08:04.444  1725  1916 D OplusInterceptLockScreenWindow: starting IOplusLockScreenCallbacks service...
07-26 01:08:04.445  1725  4858 D UsageStatsService: User[0] type=0 b=1753471995652 e=1753472284442 cb=1753437634506 ce=1753472284433 disk=0 all=11
07-26 01:08:04.447  2461  2461 W VRI[StatusBar]: handleResized abandoned!
07-26 01:08:04.450  2777  2777 I Quality : Skipped: false 0 cost 7.415077 refreshRate 8325007 bit true processName com.android.launcher
07-26 01:08:04.450  2461  2461 W VRI[NotificationShade]: handleResized abandoned!
07-26 01:08:04.450  2461  2461 W VRI[NavigationBar_displayId_0]: handleResized abandoned!
07-26 01:08:04.455  1725  4322 D WindowManagerServiceExtImpl: extractConfigInfoAndRealFlags rotation=0, screenDp=360, win=Window{5e07266 u0 com.android.launcher/com.android.launcher.Launcher}
07-26 01:08:04.456  1725  1971 D CompatibilityChangeReporter: Compat change id reported: 135634846; UID 10160; state: DISABLED
07-26 01:08:04.456  1725  4322 V WindowManager: Relayout Window{5e07266 u0 com.android.launcher/com.android.launcher.Launcher}: viewVisibility=0, oldvis=8, req=1080x2400, vsysui=LAYOUT_STABLE LAYOUT_HIDE_NAVIGATION LAYOUT_FULLSCREEN
07-26 01:08:04.456  1725  4322 I WindowManager: Window{5e07266 u0 com.android.launcher/com.android.launcher.Launcher} state from NO_SURFACE to DRAW_PENDING; reason: resetDrawState
07-26 01:08:04.456  1725  1971 D CompatibilityChangeReporter: Compat change id reported: 177438394; UID 10160; state: DISABLED
07-26 01:08:04.456  1725  1971 D CompatibilityChangeReporter: Compat change id reported: 135772972; UID 10160; state: DISABLED
07-26 01:08:04.456  1725  1971 D CompatibilityChangeReporter: Compat change id reported: 135754954; UID 10160; state: ENABLED
07-26 01:08:04.457  1725  1966 D CompatibilityChangeReporter: Compat change id reported: 143937733; UID 10160; state: ENABLED
07-26 01:08:04.470  2777  2777 D VRI[Launcher]: relayoutWindow result, sizeChanged:false, surfaceControlChanged:true, transformHintChanged:false, mSurfaceSize:Point(1080, 2400), mLastSurfaceSize:Point(1080, 2400), mWidth:1080, mHeight:2400, requestedWidth:1080, requestedHeight:2400, transformHint:0, lastTransformHint:0, installOrientation:0, displayRotation:0, isSurfaceValid:true, attr.flag:-2121203456, useBlast:true, tmpFrames:ClientWindowFrames{frame=[0,0][1080,2400] display=[0,0][1080,2400] parentFrame=[0,0][0,0]}
07-26 01:08:04.470  2777  2777 W VRI[Launcher]: updateBlastSurfaceIfNeeded, surfaceSize:Point(1080, 2400), lastSurfaceSize:Point(1080, 2400), format:-2, blastBufferQueue:null
07-26 01:08:04.483  1725  1966 I ActivityManager: Start proc 476:com.coloros.alarmclock:clockWidget/u0a160 for broadcast {com.coloros.alarmclock/com.coloros.widget.smallweather.WidgetLauncherStateReceiver}
07-26 01:08:04.512  2777  2777 W VRI[Launcher]: handleResized abandoned!
07-26 01:08:04.511  1725  4600 D UsageStatsService: User[0] type=0 b=1753471995652 e=1753472284442 cb=1753437634506 ce=1753472284433 disk=0 all=115
07-26 01:08:04.512  2777  2777 I Quality : Skipped: false 7 cost 58.32144 refreshRate 8324196 bit true processName com.android.launcher
07-26 01:08:04.512  1725  4322 D OplusTransitionController: onSyncFinishedDrawing, Window{5e07266 u0 com.android.launcher/com.android.launcher.Launcher}
07-26 01:08:04.513  1725  4322 I WindowManager: finishDrawing skipLayout:false Window{5e07266 u0 com.android.launcher/com.android.launcher.Launcher} com.android.server.wm.WindowManagerService.finishDrawingWindow:2972 com.android.server.wm.Session.finishDrawing:311 android.view.IWindowSession$Stub.onTransact:779 
07-26 01:08:04.513  1725  4322 I WindowManager: Window{5e07266 u0 com.android.launcher/com.android.launcher.Launcher} state from DRAW_PENDING to COMMIT_DRAW_PENDING; reason: finishDrawingLocked
07-26 01:08:04.513  1725  4322 D OplusTransitionAnimationManager: skipFinishDrawingIfNeed clientRotation=0, currentRotation=0, hasFixedRotationApp=false, requestedOrientation=5, win=Window{5e07266 u0 com.android.launcher/com.android.launcher.Launcher}, activity=ActivityRecord{5660667 u0 com.android.launcher/.Launcher t5}, currentConfig={1.0 ??mcc??mnc [en_GB] ldltr sw360dp w360dp h719dp 480dpi nrml long port night finger -keyb/h/h -nav/h winConfig={ mBounds=Rect(0, 0 - 1080, 2400) mAppBounds=Rect(0, 110 - 1080, 2268) mMaxBounds=Rect(0, 0 - 1080, 2400) mDisplayRotation=ROTATION_0 mWindowingMode=fullscreen mDisplayWindowingMode=fullscreen mActivityType=home mAlwaysOnTop=undefined mRotation=ROTATION_0} s.79 fontWeightAdjustment=0mThemeChanged= 0, mThemeChangedFlags= 0, mFlipFont= 0, mScenario= -1, mAccessibleChanged= -1, mUxIconConfig= 3468921665126662177, mMaterialColor= 0, mUserId= 0, mFontUserId= 0, mFontVariationSettings= 226, mFoldingAngle = -1.0, mIconPackName= , mDarkModeBackgroundMaxL= 0.0, mDarkModeDialogBgMaxL= 27.0, mDarkModeForegroundMinL= 100.0, mOplusConfigType= 1, mOplusChangedConfigs= 0, OpSans= -1, mBurmeseFontFlag= 2, mFlag= 0, mFlexibleActivitySuitable= -1, mPuttDisplayFlag= -1}
07-26 01:08:04.516  1725  1918 I WindowManager: Window{5e07266 u0 com.android.launcher/com.android.launcher.Launcher} state from COMMIT_DRAW_PENDING to READY_TO_SHOW; reason: commitFinishDrawingLocked
07-26 01:08:04.516  1725  1918 D ActivityTaskManager: Clearing startingData for token=null
07-26 01:08:04.519  1725  1918 D ActivityTaskManager: Clearing startingData for token=null
07-26 01:08:04.520  1725  1918 I WindowManager: Window{5e07266 u0 com.android.launcher/com.android.launcher.Launcher} state from READY_TO_SHOW to HAS_DRAWN; reason: performShowLocked
07-26 01:08:04.520  1725  1918 D OplusFlexibleActivityTransitionManager: fixTransitType type result:4, targets: [Task{bd999ae #1 type=home}, DefaultTaskDisplayArea@1672689, WallpaperWindowToken{51d58d3 token=android.os.Binder@c1062c2}]
07-26 01:08:04.524  1725  1918 D OplusTransitionController: onTransactionReady, syncId: 2375, 
07-26 01:08:04.524  1725  1918 D OplusTransitionController:  info: {id=2375 t=TO_BACK f=0x100 trk=0 r=[0@Point(0, 0)] c=[{WCT{RemoteToken{e33cc62 Task{bd999ae #1 type=home}}} m=TO_FRONT f=SHOW_WALLPAPER p=WCT{RemoteToken{7c84143 DefaultTaskDisplayArea@1672689}} leash=Surface(name=Task=1)/@0xf863c0 sb=Rect(0, 0 - 1080, 2400) eb=Rect(0, 0 - 1080, 2400) d=0},{WCT{RemoteToken{7c84143 DefaultTaskDisplayArea@1672689}} m=TO_FRONT f=SHOW_WALLPAPER leash=Surface(name=DefaultTaskDisplayArea)/@0xea728f9 sb=Rect(0, 0 - 1080, 2400) eb=Rect(0, 0 - 1080, 2400) d=0},{null m=TO_FRONT f=IS_WALLPAPER leash=Surface(name=WallpaperWindowToken{51d58d3 token=android.os.Binder@c1062c2})/@0x53e803e sb=Rect(0, 0 - 1080, 2400) eb=Rect(0, 0 - 1080, 2400) d=0}]}, 
07-26 01:08:04.524  1725  1918 D OplusTransitionController:  targets : [Task{bd999ae #1 type=home}, DefaultTaskDisplayArea@1672689, WallpaperWindowToken{51d58d3 token=android.os.Binder@c1062c2}]
07-26 01:08:04.524  1725  1918 D OplusTransitionAnimationManager: mOpeningTasks add Task{bd999ae #1 type=home}
07-26 01:08:04.526  1725  1892 V WindowManager: Sent Transition #2375 createdAt=07-26 01:08:04.398 via request=TransitionRequestInfo { type = TO_BACK, triggerTask = null, remoteTransition = null, displayChange = null }
07-26 01:08:04.526  1725  1892 V WindowManager:     startWCT=WindowContainerTransaction { changes = {} hops = [] errorCallbackToken=null taskFragmentOrganizer=null }
07-26 01:08:04.527  1725  1892 V WindowManager:     info={id=2375 t=TO_BACK f=0x100 trk=0 r=[0@Point(0, 0)] c=[{WCT{RemoteToken{e33cc62 Task{bd999ae #1 type=home}}} m=TO_FRONT f=SHOW_WALLPAPER p=WCT{RemoteToken{7c84143 DefaultTaskDisplayArea@1672689}} leash=Surface(name=Task=1)/@0xf863c0 sb=Rect(0, 0 - 1080, 2400) eb=Rect(0, 0 - 1080, 2400) d=0},{WCT{RemoteToken{7c84143 DefaultTaskDisplayArea@1672689}} m=TO_FRONT f=SHOW_WALLPAPER leash=Surface(name=DefaultTaskDisplayArea)/@0xea728f9 sb=Rect(0, 0 - 1080, 2400) eb=Rect(0, 0 - 1080, 2400) d=0},{null m=TO_FRONT f=IS_WALLPAPER leash=Surface(name=WallpaperWindowToken{51d58d3 token=android.os.Binder@c1062c2})/@0x53e803e sb=Rect(0, 0 - 1080, 2400) eb=Rect(0, 0 - 1080, 2400) d=0}]}
07-26 01:08:04.528  2461  2629 V WindowManagerShell: onTransitionReady android.os.BinderProxy@62d61b7: {id=2375 t=TO_BACK f=0x100 trk=0 r=[0@Point(0, 0)] c=[{WCT{android.window.IWindowContainerToken$Stub$Proxy@e185cbc} m=TO_FRONT f=SHOW_WALLPAPER p=WCT{android.window.IWindowContainerToken$Stub$Proxy@208f445} leash=Surface(name=Task=1)/@0xb0d5790 sb=Rect(0, 0 - 1080, 2400) eb=Rect(0, 0 - 1080, 2400) d=0},{WCT{android.window.IWindowContainerToken$Stub$Proxy@a9b379a} m=TO_FRONT f=SHOW_WALLPAPER leash=Surface(name=DefaultTaskDisplayArea)/@0xebc5889 sb=Rect(0, 0 - 1080, 2400) eb=Rect(0, 0 - 1080, 2400) d=0},{null m=TO_FRONT f=IS_WALLPAPER leash=Surface(name=WallpaperWindowToken{51d58d3 token=android.os.Binder@c1062c2})/@0xc21a08e sb=Rect(0, 0 - 1080, 2400) eb=Rect(0, 0 - 1080, 2400) d=0}]}
07-26 01:08:04.528  2461  2629 V WindowManagerShell: Playing animation for (#2375)android.os.BinderProxy@62d61b7@0
07-26 01:08:04.528  2461  2629 V WindowManagerShell:  try handler com.oplus.zoom.transition.ZoomTransitionController@eddc00b
07-26 01:08:04.528  2461  2629 V WindowManagerShell:  try handler com.android.wm.shell.transition.DefaultMixedHandler@8704ee8
07-26 01:08:04.530  2461  2629 V WindowManagerShell: start keyguard going-away transition, info = {id=2375 t=TO_BACK f=0x100 trk=0 r=[0@Point(0, 0)] c=[{WCT{android.window.IWindowContainerToken$Stub$Proxy@e185cbc} m=TO_FRONT f=SHOW_WALLPAPER p=WCT{android.window.IWindowContainerToken$Stub$Proxy@208f445} leash=Surface(name=Task=1)/@0xb0d5790 sb=Rect(0, 0 - 1080, 2400) eb=Rect(0, 0 - 1080, 2400) d=0},{WCT{android.window.IWindowContainerToken$Stub$Proxy@a9b379a} m=TO_FRONT f=SHOW_WALLPAPER leash=Surface(name=DefaultTaskDisplayArea)/@0xebc5889 sb=Rect(0, 0 - 1080, 2400) eb=Rect(0, 0 - 1080, 2400) d=0},{null m=TO_FRONT f=IS_WALLPAPER leash=Surface(name=WallpaperWindowToken{51d58d3 token=android.os.Binder@c1062c2})/@0xc21a08e sb=Rect(0, 0 - 1080, 2400) eb=Rect(0, 0 - 1080, 2400) d=0}]}
07-26 01:08:04.530  2461  2629 D KeyguardService: Starts IRemoteAnimationRunner: info={id=2375 t=TO_BACK f=0x100 trk=0 r=[0@Point(0, 0)] c=[{WCT{android.window.IWindowContainerToken$Stub$Proxy@e185cbc} m=TO_FRONT f=SHOW_WALLPAPER p=WCT{android.window.IWindowContainerToken$Stub$Proxy@208f445} leash=Surface(name=Task=1)/@0xb0d5790 sb=Rect(0, 0 - 1080, 2400) eb=Rect(0, 0 - 1080, 2400) d=0},{WCT{android.window.IWindowContainerToken$Stub$Proxy@a9b379a} m=TO_FRONT f=SHOW_WALLPAPER leash=Surface(name=DefaultTaskDisplayArea)/@0xebc5889 sb=Rect(0, 0 - 1080, 2400) eb=Rect(0, 0 - 1080, 2400) d=0},{null m=TO_FRONT f=IS_WALLPAPER leash=Surface(name=WallpaperWindowToken{51d58d3 token=android.os.Binder@c1062c2})/@0xc21a08e sb=Rect(0, 0 - 1080, 2400) eb=Rect(0, 0 - 1080, 2400) d=0}]}
07-26 01:08:04.530  1725  1918 I TaskOrganizerController: onTaskInfoChanged taskid 1 config { mBounds=Rect(0, 0 - 1080, 2400) mAppBounds=Rect(0, 110 - 1080, 2268) mMaxBounds=Rect(0, 0 - 1080, 2400) mDisplayRotation=ROTATION_0 mWindowingMode=fullscreen mDisplayWindowingMode=fullscreen mActivityType=home mAlwaysOnTop=undefined mRotation=ROTATION_0}
07-26 01:08:04.534  1725  1918 D FlexibleWindowManager: onFlexibleWindowTaskInfoChanged: mTaskId = 1 oldIsTaskEmbedded = false   curIsTaskEmbedded = false  topActivity = ComponentInfo{com.android.launcher/com.android.launcher.Launcher}
07-26 01:08:04.534  1725  1918 D OplusFlexibleWindowMinimizedManagerHelper: onTaskInfoChanged taskInfo:TaskInfo{userId=0 taskId=1 displayId=0 isRunning=true baseIntent=Intent { act=android.intent.action.MAIN cat=[android.intent.category.HOME] flg=0x10000100 cmp=com.android.launcher/.Launcher mCallingUid=1000 } baseActivity=ComponentInfo{com.android.launcher/com.android.launcher.Launcher} topActivity=ComponentInfo{com.android.launcher/com.android.launcher.Launcher} origActivity=null realActivity=null numActivities=1 lastActiveTime=15987 supportsSplitScreenMultiWindow=false supportsMultiWindow=true supportsPocketStudioMultiWindow=true isInFlexibleEmbedded = false uid = 10194 pid = 2777 resizeMode=2 isResizeable=true minWidth=-1 minHeight=-1 defaultMinSize=220 token=WCT{RemoteToken{e33cc62 Task{bd999ae #1 type=home}}} topActivityType=2 pictureInPictureParams=null shouldDockBigOverlays=false launchIntoPipHostTaskId=-1 lastParentTaskIdBeforePip=-1 displayCutoutSafeInsets=null topActivityInfo=ActivityInfo{e9d0f4e com.android.launcher.Launcher} launchCookies=[] positionInParent=Point(0, 0) parentTaskId=-1 isFocused=true isVisible=true isVisibleRequested=true isSleeping=false topActivityInSizeCompat=false topActivityInOplusCompatMode=false topActivityEligibleForLetterboxEducation= false topActivityLetterboxed= false isFromDoubleTap= false topActivityLetterboxVerticalPosition= -1 topActivityLetterboxHorizontalPosition= -1 topActivityLetterboxWidth=-1 topActivityLetterboxHeight=-1 locusId=LocusId[17_chars] displayAreaFeatureId=1 cameraCompatControlState=hidden locusId= LocusId[17_chars] topActivityLetterboxInsets=Rect(0, 0 - 0, 0)} task:Task{bd999ae #1 type=home}
07-26 01:08:04.536  2461  2629 V WindowManagerShell:  animated by com.android.wm.shell.transition.DefaultMixedHandler@8704ee8
07-26 01:08:04.536  2461  2629 D ShellTaskOrganizer: dispatchTaskEventToClientIfNeed, eventType:2, taskInfo:TaskInfo{userId=0 taskId=1 displayId=0 isRunning=true baseIntent=Intent { act=android.intent.action.MAIN cat=[android.intent.category.HOME] flg=0x10000100 cmp=com.android.launcher/.Launcher mCallingUid=1000 } baseActivity=ComponentInfo{com.android.launcher/com.android.launcher.Launcher} topActivity=ComponentInfo{com.android.launcher/com.android.launcher.Launcher} origActivity=null realActivity=null numActivities=1 lastActiveTime=15987 supportsSplitScreenMultiWindow=false supportsMultiWindow=true supportsPocketStudioMultiWindow=true isInFlexibleEmbedded = false uid = 10194 pid = 2777 resizeMode=2 isResizeable=true minWidth=-1 minHeight=-1 defaultMinSize=220 token=WCT{android.window.IWindowContainerToken$Stub$Proxy@9558754} topActivityType=2 pictureInPictureParams=null shouldDockBigOverlays=false launchIntoPipHostTaskId=-1 lastParentTaskIdBeforePip=-1 displayCutoutSafeInsets=null topActivityInfo=ActivityInfo{79e66fd com.android.launcher.Launcher} launchCookies=[] positionInParent=Point(0, 0) parentTaskId=-1 isFocused=true isVisible=true isVisibleRequested=true isSleeping=false topActivityInSizeCompat=false topActivityInOplusCompatMode=false topActivityEligibleForLetterboxEducation= false topActivityLetterboxed= false isFromDoubleTap= false topActivityLetterboxVerticalPosition= -1 topActivityLetterboxHorizontalPosition= -1 topActivityLetterboxWidth=-1 topActivityLetterboxHeight=-1 locusId=LocusId[17_chars] displayAreaFeatureId=1 cameraCompatControlState=hidden locusId= LocusId[17_chars] topActivityLetterboxInsets=Rect(0, 0 - 0, 0)}, leash:null
07-26 01:08:04.538  1725  1918 D ActivityTaskManager: Clearing startingData for token=null
07-26 01:08:04.543  1725  3093 I StatusBarManagerService: disableLocked, what:0, pkg:com.android.systemui userId: 0 token:android.os.BinderProxy@2aa5c1e net1:0 net2:0
07-26 01:08:04.560  1725  4858 D LockSettingsService: [getSeparateProfileChallengeEnabled] userId = 999
07-26 01:08:04.567  1725  3093 W PackageManager: do not hide app's stop state for: com.heytap.market
07-26 01:08:04.569  2461  2461 D KeyguardService: Finish IRemoteAnimationRunner.
07-26 01:08:04.572  2461  2629 V WindowManagerShell: Transition animation finished (aborted=false), notifying core (#2375)android.os.BinderProxy@62d61b7@0
07-26 01:08:04.573  1725  2663 D FaceProvider/default: Starting watchdog for face
07-26 01:08:04.574  1725  1892 V WindowManager: Finish Transition #2375: created at 07-26 01:08:04.398 collect-started=0.662ms request-sent=1.685ms started=48.971ms ready=48.907ms sent=126.373ms finished=175.865ms
07-26 01:08:04.575  1725  2663 I OplusAppSwitchManagerService:  handleAppVisible , r = ActivityRecord{5660667 u0 com.android.launcher/.Launcher t5}
07-26 01:08:04.576  1725  2663 D OplusTransitionController: finishTransition, transition: TransitionRecord{3f4e6f5 id=2375 type=TO_BACK flags=0x100}
07-26 01:08:04.576  1725  2663 D OplusTransitionAnimationManager: commitVisibilityWhenFinishTransition type=4, ar.isVisibleRequested=true, ar.isVisible=true, ar.isVisibleRequested=true, ar=ActivityRecord{5660667 u0 com.android.launcher/.Launcher t5} ar type 2 ar state :RESUMED displayid :0, participants={WallpaperWindowToken{51d58d3 token=android.os.Binder@c1062c2}, ActivityRecord{5660667 u0 com.android.launcher/.Launcher t5}}
07-26 01:08:04.576  1725  4600 W PackageManager: do not hide app's stop state for: com.oplus.themestore
07-26 01:08:04.576  1725  4600 W PackageManager: do not hide app's stop state for: com.nearme.gamecenter
07-26 01:08:04.578  1725  3573 D LockSettingsService: [userPresent]  userId = 0
07-26 01:08:04.578  1725  1725 D LockSettingsService: handleRequireStrongAuthOneUser oldValue: 0 newValue: 0 strongAuthReason: 0 userId: 0
07-26 01:08:04.583  1725  2293 D OplusFeatureColorMode: +updateUserPresent
07-26 01:08:04.587  1725  2663 D WindowManager: setKeyguardOccludedLw occluded=false,false,false
07-26 01:08:04.587  1725  2663 D TransitionController: NFW_send RECOMPUTE_FOCUS in finishTransition
07-26 01:08:04.587  1725  1899 D WindowManager: rotation(ROTATION_0) no changed.
07-26 01:08:04.587  2461  2629 D ShellTaskOrganizer: onTransitionFinish, isRecent:false
07-26 01:08:04.587  2461  2629 V WindowManagerShell: Track 0 became idle
07-26 01:08:04.587  2461  2629 V WindowManagerShell: All active transition animations finished
07-26 01:08:04.590  1725  3093 D OplusBatteryServiceFeature: setSmartCoolDown: coolDown = 0, normalCoolDown = 0, pkgName = com.android.launcher
07-26 01:08:04.595  1725  2663 D DeviceStateProviderImpl: keyguard show or sleep: false mLastReportedState 0
07-26 01:08:04.603  1725  1916 V UsbDeviceManager: onKeyguardStateChanged: isShowing:false secure:false user:0
07-26 01:08:04.612  1725  4322 D CompatibilityChangeReporter: Compat change id reported: 168419799; UID 10160; state: DISABLED
07-26 01:08:04.613  1725  4322 D CompatibilityChangeReporter: Compat change id reported: 273564678; UID 10160; state: DISABLED
07-26 01:08:04.613  1725  4322 D ActivityTaskManagerServiceExtImpl: preBindApplication record is null
07-26 01:08:04.646  1725  4322 D CompatibilityChangeReporter: Compat change id reported: 170503758; UID 10160; state: ENABLED
07-26 01:08:04.652  1725  4858 D CompatibilityChangeReporter: Compat change id reported: 161252188; UID 1000; state: DISABLED
07-26 01:08:04.655  1725  4858 D CompatibilityChangeReporter: Compat change id reported: 135634846; UID 1000; state: DISABLED
07-26 01:08:04.655  1725  4858 D CompatibilityChangeReporter: Compat change id reported: 177438394; UID 1000; state: DISABLED
07-26 01:08:04.655  1725  4858 D CompatibilityChangeReporter: Compat change id reported: 135772972; UID 1000; state: DISABLED
07-26 01:08:04.655  1725  4858 D CompatibilityChangeReporter: Compat change id reported: 135754954; UID 1000; state: ENABLED
07-26 01:08:04.678  1725  1966 I ActivityManager: Start proc 523:com.oplus.notificationmanager/1000 for service {com.oplus.notificationmanager/com.oplus.notification.NotificationCenterService}
07-26 01:08:04.727  1725  4322 D CompatibilityChangeReporter: Compat change id reported: 168419799; UID 1000; state: DISABLED
07-26 01:08:04.728  1725  4322 D CompatibilityChangeReporter: Compat change id reported: 273564678; UID 1000; state: DISABLED
07-26 01:08:04.728  1725  4322 D ActivityTaskManagerServiceExtImpl: preBindApplication record is null
07-26 01:08:04.729  1725  4858 D WindowManagerServiceExtImpl: extractConfigInfoAndRealFlags rotation=0, screenDp=720, win=Window{1f6531 u0 NotificationShade}
07-26 01:08:04.729  1725  4858 V WindowManager: Relayout Window{1f6531 u0 NotificationShade}: viewVisibility=4, oldvis=0, req=1080x2400, vsysui=
07-26 01:08:04.729  1725  4858 I WindowManager: Window{1f6531 u0 NotificationShade} state from HAS_DRAWN to NO_SURFACE; reason: destroySurface
07-26 01:08:04.741  1725  4858 V WindowManager: Changing focus from Window{1f6531 u0 NotificationShade} to Window{5e07266 u0 com.android.launcher/com.android.launcher.Launcher},diplayid=0
07-26 01:08:04.763   476   476 D ResourcesManagerExtImpl: applyConfigurationToAppResourcesLocked app.getDisplayId() return callback.displayId:-1
07-26 01:08:04.771  1725  4322 D InputMethodManagerService: isSecurity: attribute.packageName = com.android.launcher mCurMethodId = com.google.android.inputmethod.latin/com.android.inputmethod.latin.LatinIME isSecurity = false ( enable = false needShow = false inBlackList = false isExist = true )
07-26 01:08:04.777  1725  4858 W PackageConfigPersister: App-specific configuration not found for packageName: com.android.launcher and userId: 0
07-26 01:08:04.779  1725  3573 W PackageManager: package com.coloros.alarmclock uid 10160 pid 476 call SetEnabledSetting(com.coloros.alarmclock component = com.oplus.alarmclock.provider.ClockProviderOPlus, 1, 0)
07-26 01:08:04.800  1725  3573 I ActivityManager: Flag disabled. Ignoring finishAttachApplication from uid: 10160. pid: 476
07-26 01:08:04.826  1725  3573 D SystemServerTiming: getUserSwitchability-0
07-26 01:08:04.826  1725  3573 D SystemServerTiming: TM.isInCall
07-26 01:08:04.826  1725  3573 D SystemServerTiming: hasUserRestriction-DISALLOW_USER_SWITCH
07-26 01:08:04.827  1725  3573 D SystemServerTiming: getInt-ALLOW_USER_SWITCHING_WHEN_SYSTEM_USER_LOCKED
07-26 01:08:04.827  1725  3573 D SystemServerTiming: isUserUnlocked-USER_SYSTEM
07-26 01:08:04.856  1725  4322 I ActivityManager: Flag disabled. Ignoring finishAttachApplication from uid: 1000. pid: 523
07-26 01:08:04.861  1725  4322 D CompatibilityChangeReporter: Compat change id reported: 135634846; UID 10175; state: DISABLED
07-26 01:08:04.861  1725  4322 D CompatibilityChangeReporter: Compat change id reported: 177438394; UID 10175; state: DISABLED
07-26 01:08:04.861  1725  4322 D CompatibilityChangeReporter: Compat change id reported: 135772972; UID 10175; state: DISABLED
07-26 01:08:04.861  1725  4322 D CompatibilityChangeReporter: Compat change id reported: 135754954; UID 10175; state: ENABLED
07-26 01:08:04.862  1725  1966 D CompatibilityChangeReporter: Compat change id reported: 143937733; UID 10175; state: ENABLED
07-26 01:08:04.862  1725  3573 D CompatibilityChangeReporter: Compat change id reported: 161145287; UID 10160; state: ENABLED
07-26 01:08:04.876  1725  1966 I ActivityManager: Start proc 601:com.oplus.romupdate/u0a175 for content provider {com.oplus.romupdate/com.oplusos.romupdate.provider.RomUpdateProvider}
07-26 01:08:04.910  1725  3573 D CompatibilityChangeReporter: Compat change id reported: 168419799; UID 10175; state: DISABLED
07-26 01:08:04.910  1725  3573 D CompatibilityChangeReporter: Compat change id reported: 273564678; UID 10175; state: DISABLED
07-26 01:08:04.910  1725  3573 D ActivityTaskManagerServiceExtImpl: preBindApplication record is null
07-26 01:08:04.916  1725  2177 D CompatibilityChangeReporter: Compat change id reported: 265195908; UID 10175; state: ENABLED
07-26 01:08:04.923  1725  2300 I AppWidgetServiceImpl: handleNotifyUpdateAppWidget,appWidgetId: 2,packageName:com.coloros.alarmclock
07-26 01:08:04.925  1725  4858 D CompatibilityChangeReporter: Compat change id reported: 170503758; UID 10175; state: ENABLED
07-26 01:08:04.945  1725  4858 D CompatibilityChangeReporter: Compat change id reported: 135634846; UID 10173; state: DISABLED
07-26 01:08:04.945  1725  4858 D CompatibilityChangeReporter: Compat change id reported: 177438394; UID 10173; state: DISABLED
07-26 01:08:04.945  1725  4858 D CompatibilityChangeReporter: Compat change id reported: 135772972; UID 10173; state: DISABLED
07-26 01:08:04.945  1725  4858 D CompatibilityChangeReporter: Compat change id reported: 135754954; UID 10173; state: ENABLED
07-26 01:08:04.945  1725  1966 D CompatibilityChangeReporter: Compat change id reported: 143937733; UID 10173; state: ENABLED
07-26 01:08:04.956  1725  1966 I ActivityManager: Start proc 628:com.coloros.weather.service/u0a173 for service {com.coloros.weather.service/com.oplus.weather.external.WeatherCommonService}
07-26 01:08:04.973   601   601 D ResourcesManagerExtImpl: applyConfigurationToAppResourcesLocked app.getDisplayId() return callback.displayId:-1
07-26 01:08:04.988  1725  4322 D CompatibilityChangeReporter: Compat change id reported: 168419799; UID 10173; state: DISABLED
07-26 01:08:04.988  1725  4322 D CompatibilityChangeReporter: Compat change id reported: 273564678; UID 10173; state: DISABLED
07-26 01:08:04.988  1725  4322 D ActivityTaskManagerServiceExtImpl: preBindApplication record is null
07-26 01:08:04.991  1725  4322 D CompatibilityChangeReporter: Compat change id reported: 261072174; UID 10160; state: ENABLED
07-26 01:08:04.991  1725  2177 D CompatibilityChangeReporter: Compat change id reported: 265195908; UID 10173; state: ENABLED
07-26 01:08:05.000  1725  4858 I ActivityManager: Flag disabled. Ignoring finishAttachApplication from uid: 10175. pid: 601
07-26 01:08:05.017  1725  3573 D CompatibilityChangeReporter: Compat change id reported: 170503758; UID 10173; state: ENABLED
07-26 01:08:05.076  1725  2663 D LockSettingsStorage: [readSyntheticPasswordState] userId = 0, name = pwd
07-26 01:08:05.082  1725  3573 W PackageManager: package com.instagram.android uid 10321 pid 29492 call SetEnabledSetting(com.instagram.android component = com.instagram.push.FbnsInitBroadcastReceiver, 1, 0)
07-26 01:08:05.091   628   628 D ResourcesManagerExtImpl: applyConfigurationToAppResourcesLocked app.getDisplayId() return callback.displayId:-1
07-26 01:08:05.109  1725  4600 W PackageManager: package com.google.android.gms uid 10115 pid 20149 call SetEnabledSetting(com.google.android.gms component = com.google.android.gms.nearby.mediums.nearfieldcommunication.NfcAdvertisingService, 1, 0)
07-26 01:08:05.126  1725  2663 D BiometricService: canAuthenticate: User=0, Caller=0, Authenticators=255, opPackageName=com.google.android.gms
07-26 01:08:05.128  1725  2663 E OplusCustomizeRestrictionManagerService: isBiometricDisabled start
07-26 01:08:05.129  1725  2663 D BiometricService/PreAuthInfo: Package: com.google.android.gms Sensor ID: 4 Modality: 8 Status: 4
07-26 01:08:05.131  1725  2663 E OplusCustomizeRestrictionManagerService: isBiometricDisabled start
07-26 01:08:05.131  1725  2663 D BiometricService/PreAuthInfo: Package: com.google.android.gms Sensor ID: 0 Modality: 2 Status: 7
07-26 01:08:05.132  1725  2663 D BiometricService/PreAuthInfo: getCanAuthenticateInternal Modality: 2 AuthenticatorStatus: 7
07-26 01:08:05.132  1725  2663 D AuthService: canAuthenticate, userId: 0, callingUserId: 0, authenticators: 255, result: 11
07-26 01:08:05.133  1725  4858 E OplusCustomizeRestrictionManagerService: isBiometricDisabled start
07-26 01:08:05.134  1725  4858 E OplusCustomizeRestrictionManagerService: isBiometricDisabled start
07-26 01:08:05.194  1725  4600 D CompatibilityChangeReporter: Compat change id reported: 319212206; UID 10173; state: ENABLED
07-26 01:08:05.198  1725  4600 D CompatibilityChangeReporter: Compat change id reported: 161145287; UID 10173; state: ENABLED
07-26 01:08:05.217  1725  4600 I ActivityManager: Flag disabled. Ignoring finishAttachApplication from uid: 10173. pid: 628
07-26 01:08:05.218  1725  4600 W PackageManager: package com.google.android.gms uid 99910115 pid 31655 call SetEnabledSetting(com.google.android.gms component = com.google.android.gms.nearby.mediums.nearfieldcommunication.NfcAdvertisingService, 2, 999)
07-26 01:08:05.273  1725  2231 D PowerManagerService: userActivityNoUpdateLocked: groupId=0, eventTime=152615010, event=touch, flags=0x0, uid=1000
07-26 01:08:05.352  1725  2300 I AppWidgetServiceImpl: handleNotifyUpdateAppWidget,appWidgetId: 2,packageName:com.coloros.alarmclock
07-26 01:08:05.376  1725  2231 D PowerManagerService: userActivityNoUpdateLocked: groupId=0, eventTime=152615115, event=touch, flags=0x0, uid=1000
07-26 01:08:05.425  1725  4858 D CompatibilityChangeReporter: Compat change id reported: 319212206; UID 99910115; state: ENABLED
07-26 01:08:05.425  1725  4858 D CompatibilityChangeReporter: Compat change id reported: 319212206; UID 99910115; state: DISABLED
07-26 01:08:05.528 17103 17118 D MiscManager: error ! ReadBreathLightTime not support.
07-26 01:08:06.108  1725  2231 D PowerManagerService: userActivityNoUpdateLocked: groupId=0, eventTime=152615846, event=touch, flags=0x0, uid=1000
07-26 01:08:06.211  1725  2231 D PowerManagerService: userActivityNoUpdateLocked: groupId=0, eventTime=152615950, event=touch, flags=0x0, uid=1000
07-26 01:08:06.242  2777  2777 I Quality : Skipped: false 6 cost 56.332672 refreshRate 8324803 bit true processName com.android.launcher
07-26 01:08:06.266  2777  2777 I Quality : Skipped: true 2 cost 22.449818 refreshRate 8324803 bit true processName com.android.launcher
07-26 01:08:06.798  2777  2777 I Quality : Skipped: true 1 cost 12.823639 refreshRate 8324280 bit true processName com.android.launcher
07-26 01:08:07.470  1725  2406 E AlarmManager: Attempt to decrement existing alarm count 0 by 1 for uid 1000
07-26 01:08:07.711  1725  2231 D PowerManagerService: userActivityNoUpdateLocked: groupId=0, eventTime=152617449, event=touch, flags=0x0, uid=1000
07-26 01:08:07.813  1725  2231 D PowerManagerService: userActivityNoUpdateLocked: groupId=0, eventTime=152617553, event=touch, flags=0x0, uid=1000
07-26 01:08:08.158  1725  2231 D PowerManagerService: userActivityNoUpdateLocked: groupId=0, eventTime=152617896, event=touch, flags=0x0, uid=1000
07-26 01:08:08.178  2777  2777 I Quality : Skipped: false 2 cost 19.554502 refreshRate 8324108 bit true processName com.android.launcher
07-26 01:08:08.211  1725  2200 V AlarmManager: sending alarm Alarm{d8133a6 type 2 origWhen 508423145 whenElapsed 508424047 com.android.systemui} uid 10197 whenElapsed 508424047 windowLength 0 maxWhenElapsed 508424047 repeatInterval 0 action null component null tag KeyguardIndication flags 0x9 procName com.android.systemui
07-26 01:08:08.260  1725  4322 D CompatibilityChangeReporter: Compat change id reported: 261072174; UID 1000; state: ENABLED
07-26 01:08:08.261  1725  2231 D PowerManagerService: userActivityNoUpdateLocked: groupId=0, eventTime=152618000, event=touch, flags=0x0, uid=1000
07-26 01:08:08.276  1725  4322 D InputMethodManagerService: isSecurity: attribute.packageName = com.android.launcher mCurMethodId = com.google.android.inputmethod.latin/com.android.inputmethod.latin.LatinIME isSecurity = false ( enable = false needShow = false inBlackList = false isExist = true )
07-26 01:08:08.284  1725  3093 W PackageConfigPersister: App-specific configuration not found for packageName: com.android.launcher and userId: 0
07-26 01:08:08.366  1725  2231 D PowerManagerService: userActivityNoUpdateLocked: groupId=0, eventTime=152618105, event=touch, flags=0x0, uid=1000
07-26 01:08:08.470  1725  2231 D PowerManagerService: userActivityNoUpdateLocked: groupId=0, eventTime=152618209, event=touch, flags=0x0, uid=1000
07-26 01:08:08.575  1725  2231 D PowerManagerService: userActivityNoUpdateLocked: groupId=0, eventTime=152618314, event=touch, flags=0x0, uid=1000
07-26 01:08:08.935  1725  2200 V AlarmManager: sending alarm Alarm{e7ce432 type 2 origWhen 508420970 whenElapsed 508424771 com.android.systemui} uid 10197 whenElapsed 508424771 windowLength 0 maxWhenElapsed 508424771 repeatInterval 0 action null component null tag KeyguardIndication flags 0x9 procName com.android.systemui
07-26 01:08:08.956  1725  2231 D PowerManagerService: userActivityNoUpdateLocked: groupId=0, eventTime=152618694, event=touch, flags=0x0, uid=1000
07-26 01:08:09.060  1725  2231 D PowerManagerService: userActivityNoUpdateLocked: groupId=0, eventTime=152618799, event=touch, flags=0x0, uid=1000
07-26 01:08:09.313  1725  2231 D PowerManagerService: userActivityNoUpdateLocked: groupId=0, eventTime=152619052, event=touch, flags=0x0, uid=1000
07-26 01:08:09.433  1725  2231 D PowerManagerService: userActivityNoUpdateLocked: groupId=0, eventTime=152619171, event=touch, flags=0x0, uid=1000
07-26 01:08:09.537  1725  2231 D PowerManagerService: userActivityNoUpdateLocked: groupId=0, eventTime=152619276, event=touch, flags=0x0, uid=1000
07-26 01:08:09.649  1725  2231 D PowerManagerService: userActivityNoUpdateLocked: groupId=0, eventTime=152619388, event=touch, flags=0x0, uid=1000
07-26 01:08:09.754  1725  2231 D PowerManagerService: userActivityNoUpdateLocked: groupId=0, eventTime=152619492, event=touch, flags=0x0, uid=1000
07-26 01:08:09.865  1725  2231 D PowerManagerService: userActivityNoUpdateLocked: groupId=0, eventTime=152619604, event=touch, flags=0x0, uid=1000
07-26 01:08:09.970  1725  2231 D PowerManagerService: userActivityNoUpdateLocked: groupId=0, eventTime=152619709, event=touch, flags=0x0, uid=1000
07-26 01:08:10.082  1725  2231 D PowerManagerService: userActivityNoUpdateLocked: groupId=0, eventTime=152619820, event=touch, flags=0x0, uid=1000
07-26 01:08:10.186  1725  2231 D PowerManagerService: userActivityNoUpdateLocked: groupId=0, eventTime=152619925, event=touch, flags=0x0, uid=1000
07-26 01:08:10.291  1725  2231 D PowerManagerService: userActivityNoUpdateLocked: groupId=0, eventTime=152620029, event=touch, flags=0x0, uid=1000
07-26 01:08:10.395  1725  2231 D PowerManagerService: userActivityNoUpdateLocked: groupId=0, eventTime=152620134, event=touch, flags=0x0, uid=1000
07-26 01:08:12.179  1725  4858 W ProcessStats: Tracking association SourceState{7256f5f com.google.android.gms.persistent/10115 BFgs #578235} whose proc state 4 is better than process ProcessState{3fc2581 com.google.android.gms/10115 pkg=com.google.android.gms} proc state 8 (16 skipped)
07-26 01:08:12.952  1725  3093 I ActivityManager: Killing 31486:com.google.android.apps.photos/u0a255 (adj 915): empty #17
07-26 01:08:13.060  1725  1899 D DisplayManagerService: Drop pending events for gone uid 10255
07-26 01:08:13.636  1725  2231 D PowerManagerService: userActivityNoUpdateLocked: groupId=0, eventTime=152623370, event=touch, flags=0x0, uid=1000
07-26 01:08:13.739  1725  4858 D MultiApp.CMAService: changeIntentIfNeed --- from launcher
07-26 01:08:13.741  1725  4858 D CompatibilityChangeReporter: Compat change id reported: 265464455; UID 10325; state: DISABLED
07-26 01:08:13.741  1725  4858 D CompatibilityChangeReporter: Compat change id reported: 265452344; UID 10325; state: DISABLED
07-26 01:08:13.741  1725  4858 D CompatibilityChangeReporter: Compat change id reported: 266124927; UID 10325; state: DISABLED
07-26 01:08:13.741  1725  4858 D CompatibilityChangeReporter: Compat change id reported: 265451093; UID 10325; state: DISABLED
07-26 01:08:13.741  1725  4858 D CompatibilityChangeReporter: Compat change id reported: 265456536; UID 10325; state: DISABLED
07-26 01:08:13.741  1725  4858 D CompatibilityChangeReporter: Compat change id reported: 255940284; UID 10325; state: DISABLED
07-26 01:08:13.741  1725  4858 D CompatibilityChangeReporter: Compat change id reported: 236283604; UID 10325; state: DISABLED
07-26 01:08:13.741  1725  4858 D CompatibilityChangeReporter: Compat change id reported: 263959004; UID 10325; state: DISABLED
07-26 01:08:13.742  1725  4858 D CompatibilityChangeReporter: Compat change id reported: 264304459; UID 10325; state: DISABLED
07-26 01:08:13.742  1725  4858 D CompatibilityChangeReporter: Compat change id reported: 264301586; UID 10325; state: DISABLED
07-26 01:08:13.742  1725  4858 D CompatibilityChangeReporter: Compat change id reported: 254631730; UID 10325; state: DISABLED
07-26 01:08:13.742  1725  4858 D CompatibilityChangeReporter: Compat change id reported: 273509367; UID 10325; state: DISABLED
07-26 01:08:13.742  1725  4858 D CompatibilityChangeReporter: Compat change id reported: 263259275; UID 10325; state: DISABLED
07-26 01:08:13.742  1725  4858 D CompatibilityChangeReporter: Compat change id reported: 174042980; UID 10325; state: DISABLED
07-26 01:08:13.742  1725  4858 D CompatibilityChangeReporter: Compat change id reported: 174042936; UID 10325; state: DISABLED
07-26 01:08:13.742  1725  4858 D CompatibilityChangeReporter: Compat change id reported: 181136395; UID 10325; state: DISABLED
07-26 01:08:13.747  1725  4858 D CompatibilityChangeReporter: Compat change id reported: 194480991; UID 10325; state: ENABLED
07-26 01:08:13.749  1725  4858 D FlexibleTaskController: adjustOptionsForFlexibleTask skip adjust options reason:2
07-26 01:08:13.750  1725  4858 D FlexibleWindowManager: no reused task found for ActivityRecord{24af2d7 u0 com.instagram.lite/com.facebook.lite.MainActivity
07-26 01:08:13.763  1725  4858 I OplusScreenSecurityMask: onStackAdded task = Task{4bd06ad #329 type=standard} record = null displayId = 0
07-26 01:08:13.763  1725  4858 I OplusScreenSecurityMask: onStackAdded task = Task{4bd06ad #329 type=standard A=10325:com.instagram.lite} record = null displayId = 0
07-26 01:08:13.764  1725  4858 D CompatibilityChangeReporter: Compat change id reported: 184838306; UID 10325; state: DISABLED
07-26 01:08:13.764  1725  4858 D CompatibilityChangeReporter: Compat change id reported: 185004937; UID 10325; state: DISABLED
07-26 01:08:13.766  1725  4858 D TaskFragmentExtImpl: add ActivityRecord{24af2d7 u0 com.instagram.lite/com.facebook.lite.MainActivity t329} to mActivityRecordSum = Counter{ com.instagram.lite/com.facebook.lite.MainActivity(1) }
07-26 01:08:13.766  1725  4858 D CompatibilityChangeReporter: Compat change id reported: 197654537; UID 10325; state: ENABLED
07-26 01:08:13.767  1725  4858 D OplusStartingWindowManager: reviseWindowFlagsForStarting activityRecord =:ActivityRecord{24af2d7 u0 com.instagram.lite/com.facebook.lite.MainActivity t329}, RUS version:20240710
07-26 01:08:13.768  1725  4858 D ActivityTaskManager: validateStartingWindowTheme:  Pkg=com.instagram.lite, Translucent=false, Floating=false, ShowWallpaper=false, Disable=false, LaunchSource=2
07-26 01:08:13.768  1725  4858 D ActivityTaskManager: getStartingWindowType: , newTask=true, taskSwitch=true, processRunning=false, allowTaskSnapshot=true, activityCreated=false, activityAllDrawn=false, snapshot=null, record:ActivityRecord{24af2d7 u0 com.instagram.lite/com.facebook.lite.MainActivity t329}
07-26 01:08:13.768  1725  4858 D ActivityRecordExtImpl: handleStartingWindowForCompactWindow origin type:2, adjustType : 2
07-26 01:08:13.768  1725  4858 D CompatibilityChangeReporter: Compat change id reported: 205907456; UID 10325; state: ENABLED
07-26 01:08:13.770  1725  4858 D OplusZoomWindowRUSConfigManager: isSupportZoomModeWithPolicyLocked: target = com.instagram.lite/com.facebook.lite.MainActivity
07-26 01:08:13.770  1725  4858 D OplusZoomWindowRUSConfigManager: targetPkg = com.instagram.lite
07-26 01:08:13.770  1725  4858 I TaskFragmentExtImpl: hookSetBinderUxFlag:true prev:ActivityRecord{5660667 u0 com.android.launcher/.Launcher t5}
07-26 01:08:13.771  1725  4858 I TaskFragmentExtImpl: hookSetBinderUxFlag:false prev:ActivityRecord{5660667 u0 com.android.launcher/.Launcher t5}
07-26 01:08:13.771  2461  2665 D PhoneStartingWindowTypeAlgorithm: preferredStartingWindowType newTask=true, taskSwitch=true, processRunning=false, allowTaskSnapshot=true, activityCreated=false, isSolidColorSplashScreen=false, legacySplashScreen=false, activityDrawn=false, windowless=false, topIsHome=false
07-26 01:08:13.773  1725  4858 D ActivityTaskManager: notifyTaskAdded, task: Task{4bd06ad #329 type=standard A=10325:com.instagram.lite} trace:com.android.server.wm.RecentTasks.add:1269 com.android.server.wm.ActivityStarter.startActivityInner:2335 com.android.server.wm.ActivityStarter.startActivityUnchecked:1747 com.android.server.wm.ActivityStarter.executeRequest:1531 com.android.server.wm.ActivityStarter.execute:830 
07-26 01:08:13.774  1725  4858 D OplusTransitionController: requestStartTransition, requestInfo type: OPEN, remoteTransition: null, displayChange: null, transition: TransitionRecord{409ec30 id=2376 type=OPEN flags=0x0}, caller: com.android.server.wm.TransitionControllerExtImpl.requestStartTransition:41 com.android.server.wm.TransitionController.requestStartTransition:738 com.android.server.wm.ActivityStarter.handleStartResult:1923 com.android.server.wm.ActivityStarter.startActivityUnchecked:1781 com.android.server.wm.ActivityStarter.executeRequest:1531 
07-26 01:08:13.774  1725  4858 D CompatibilityChangeReporter: Compat change id reported: 194833441; UID 10325; state: ENABLED
07-26 01:08:13.775  2461  2665 D OplusShellStartingWindowManager: getReviseStartingWindowType not support, windowInfo is null
